D/SensorService(  752): SensorService hasOneShotSensors handle:1 mode:0
E/SensorService(  752): activeConnections...
D/SensorService(  752): SensorService hasOneShotSensors handle:1 mode:0
E/SensorService(  752): activeConnections...
D/SensorService(  752): SensorService hasOneShotSensors handle:1 mode:0
E/SensorService(  752): activeConnections...
D/SensorService(  752): SensorService hasOneShotSensors handle:1 mode:0
E/SensorService(  752): activeConnections...
D/SensorService(  752): SensorService hasOneShotSensors handle:1 mode:0
E/SensorService(  752): activeConnections...
D/SensorService(  752): SensorService hasOneShotSensors handle:1 mode:0
E/SensorService(  752): activeConnections...
D/SensorService(  752): SensorService hasOneShotSensors handle:1 mode:0
E/SensorService(  752): activeConnections...
D/SensorService(  752): SensorService hasOneShotSensors handle:1 mode:0
E/SensorService(  752): activeConnections...
D/SensorService(  752): SensorService hasOneShotSensors handle:1 mode:0
E/SensorService(  752): activeConnections...
D/SensorService(  752): SensorService hasOneShotSensors handle:1 mode:0
E/SensorService(  752): activeConnections...
D/SensorService(  752): SensorService hasOneShotSensors handle:1 mode:0
W/ActivityManager(  752): getRunningAppProcesses: caller 10111 does not hold REAL_GET_TASKS; limiting output
E/SensorService(  752): activeConnections...
D/SensorService(  752): SensorService hasOneShotSensors handle:1 mode:0
E/SensorService(  752): activeConnections...
D/SensorService(  752): SensorService hasOneShotSensors handle:1 mode:0
E/SensorService(  752): activeConnections...
D/SensorService(  752): SensorService hasOneShotSensors handle:1 mode:0
E/SensorService(  752): activeConnections...
D/SensorService(  752): SensorService hasOneShotSensors handle:1 mode:0
D/gps_mtk (  752): gps_state_thread: line = 3823[trace]count is 6.000000
D/mnl_linux(  263): mtk_gps_sys_nmea_output_to_app: $GPGGA,005852.002,2843.1521,N,07701.9337,E,0,0,,185.9,M,-35.9,M,,*69
D/mnl_linux(  263): $GPGSA,A,1,,,,,,,,,,,,,99.99,99.99,99.99*30
D/mnl_linux(  263): $GPGSV,1,1,2,18,,,30.3,10,,,25.4*40
D/mnl_linux(  263): $GPRMC,005852.002,V,2843.1521,N,07701.9337,E,0.000,81.66,280417,,,N*7A
D/mnl_linux(  263): $GPVTG,81.66,T,,M,0.000,N,0.000,K,N*0B
D/mnl_linux(  263): $PMTKTSX1,3806756,-17514.511,0.328,40.859,53fe0000,-1.750748,0.000099,-0.000850,-0.197824,1.654119*51
D/mnl_linux(  263): $GPACCURACY,3162.1*3F
D/MNLD    (  263): send_cmd_ex: slf_send_cmd (13, 0x30)
D/MNLD    (  263): process: epoll_wait() received 1 events
D/MNLD    (  263): sigrcv_handler: args from mnld: 48
D/MNLD    (  263): mnl_set_alarm: (0, 0xB6437070, 5)
D/MNLD    (  263): process: sigrc_handler: ret = 0
D/MNLD    (  263): mtk_gps_sys_gps_mnl_callback: MTK_GPS_MSG_FIX_READY, GET_RTC_OK, 0.066, 2466.011
D/MNLD    (  263): mtk_gps_sys_gps_mnl_callback: Age = 2, RTCDiff = 30, Time_interval = 10
D/MNLD    (  263): mtk_gps_sys_gps_mnl_callback: gps_measurement_state = 255 ,state = 2
E/SensorService(  752): activeConnections...
D/SensorService(  752): SensorService hasOneShotSensors handle:1 mode:0
E/SensorService(  752): activeConnections...
D/SensorService(  752): SensorService hasOneShotSensors handle:1 mode:0
E/SensorService(  752): activeConnections...
D/SensorService(  752): SensorService hasOneShotSensors handle:1 mode:0
E/SensorService(  752): activeConnections...
D/SensorService(  752): SensorService hasOneShotSensors handle:1 mode:0
E/SensorService(  752): activeConnections...
D/SensorService(  752): SensorService hasOneShotSensors handle:1 mode:0
E/SensorService(  752): activeConnections...
D/SensorService(  752): SensorService hasOneShotSensors handle:1 mode:0
E/SensorService(  752): activeConnections...
D/SensorService(  752): SensorService hasOneShotSensors handle:1 mode:0
E/SensorService(  752): activeConnections...
D/SensorService(  752): SensorService hasOneShotSensors handle:1 mode:0
E/SensorService(  752): activeConnections...
D/SensorService(  752): SensorService hasOneShotSensors handle:1 mode:0
E/SensorService(  752): activeConnections...
D/SensorService(  752): SensorService hasOneShotSensors handle:1 mode:0
E/SensorService(  752): activeConnections...
D/SensorService(  752): SensorService hasOneShotSensors handle:1 mode:0
E/SensorService(  752): activeConnections...
D/SensorService(  752): SensorService hasOneShotSensors handle:1 mode:0
I/thermal_repeater(  269): oh, queryMdThermalInfo (0)Bad file number
E/SensorService(  752): activeConnections...
D/SensorService(  752): SensorService hasOneShotSensors handle:1 mode:0
D/CSLegacyTypeTracker(  752): getNetworkForType type 1
I/thermal_repeater(  269): [recvMdThermalInfo] ret=15, strLen=127,  2, 32767, -127
E/SensorService(  752): activeConnections...
D/SensorService(  752): SensorService hasOneShotSensors handle:1 mode:0
E/SensorService(  752): activeConnections...
D/SensorService(  752): SensorService hasOneShotSensors handle:1 mode:0
E/SensorService(  752): activeConnections...
D/SensorService(  752): SensorService hasOneShotSensors handle:1 mode:0
E/SensorService(  752): activeConnections...
D/SensorService(  752): SensorService hasOneShotSensors handle:1 mode:0
E/SensorService(  752): activeConnections...
D/SensorService(  752): SensorService hasOneShotSensors handle:1 mode:0
E/SensorService(  752): activeConnections...
D/SensorService(  752): SensorService hasOneShotSensors handle:1 mode:0
E/SensorService(  752): activeConnections...
D/SensorService(  752): SensorService hasOneShotSensors handle:1 mode:0
E/SensorService(  752): activeConnections...
D/SensorService(  752): SensorService hasOneShotSensors handle:1 mode:0
W/ActivityManager(  752): getRunningAppProcesses: caller 10111 does not hold REAL_GET_TASKS; limiting output
E/SensorService(  752): activeConnections...
D/SensorService(  752): SensorService hasOneShotSensors handle:1 mode:0
E/SensorService(  752): activeConnections...
D/SensorService(  752): SensorService hasOneShotSensors handle:1 mode:0
E/SensorService(  752): activeConnections...
D/SensorService(  752): SensorService hasOneShotSensors handle:1 mode:0
E/SensorService(  752): activeConnections...
D/SensorService(  752): SensorService hasOneShotSensors handle:1 mode:0
E/SensorService(  752): activeConnections...
D/SensorService(  752): SensorService hasOneShotSensors handle:1 mode:0
E/SensorService(  752): activeConnections...
D/SensorService(  752): SensorService hasOneShotSensors handle:1 mode:0
E/SensorService(  752): activeConnections...
D/SensorService(  752): SensorService hasOneShotSensors handle:1 mode:0
E/SensorService(  752): activeConnections...
D/SensorService(  752): SensorService hasOneShotSensors handle:1 mode:0
E/WifiTrafficPoller(  752): TRAFFIC_STATS_POLL true Token 119 num clients 13
E/WifiTrafficPoller(  752):  packet count Tx=20463 Rx=37497
E/SensorService(  752): activeConnections...
D/SensorService(  752): SensorService hasOneShotSensors handle:1 mode:0
E/SensorService(  752): activeConnections...
D/SensorService(  752): SensorService hasOneShotSensors handle:1 mode:0
E/SensorService(  752): activeConnections...
D/SensorService(  752): SensorService hasOneShotSensors handle:1 mode:0
V/SettingsInterface( 1417):  from settings cache , name = pdp_watchdog_poll_interval_ms , value = null
E/SensorService(  752): activeConnections...
D/SensorService(  752): SensorService hasOneShotSensors handle:1 mode:0
E/SensorService(  752): activeConnections...
D/SensorService(  752): SensorService hasOneShotSensors handle:1 mode:0
E/SensorService(  752): activeConnections...
D/SensorService(  752): SensorService hasOneShotSensors handle:1 mode:0
V/SettingsInterface( 1417):  from settings cache , name = multi_sim_data_call , value = 1
E/SensorService(  752): activeConnections...
D/SensorService(  752): SensorService hasOneShotSensors handle:1 mode:0
V/SettingsInterface( 1417):  from settings cache , name = multi_sim_data_call , value = 1
D/NetworkController.MobileSignalController(1)(  875): onSignalStrengthsChanged signalStrength=SignalStrength: 14 99 -120 -160 -120 0 -1 99 2147483647 2147483647 2147483647 2147483647 gsm|lte -316 -355 -37 level=3
V/SettingsInterface( 1417):  from settings cache , name = multi_sim_data_call , value = 1
D/NetworkController(  875): mLastSignalLevel = 3; nowLevel = 3
D/NetworkController(  875): mSubscriptionInfo.getSimSlotIndex() = 1 updateTelephonySignalStrength: hasService=true ss=SignalStrength: 14 99 -120 -160 -120 0 -1 99 2147483647 2147483647 2147483647 2147483647 gsm|lte -316 -355 -37 mDataNetType = 10
V/SettingsInterface( 1417):  from settings cache , name = multi_sim_data_call , value = 1
D/NetworkController(  875): mDataState = 0
D/NetworkController(  875): isDirty : false
V/SettingsInterface( 1417):  from settings cache , name = multi_sim_data_call , value = 1
V/ActivityManager(  752): Broadcast sticky: Intent { act=android.intent.action.SIG_STR flg=0x20000010 (has extras) } ordered=false userid=-1 callerApp=ProcessRecord{1155a311 752:system/1000}
D/perm_ctrl(  752): bPackagePermEnable pk: com.jio.myjio bFound false
D/perm_ctrl(  752):  isDenied = false
D/perm_ctrl(  752):  isDenied = false
E/SensorService(  752): activeConnections...
D/SensorService(  752): SensorService hasOneShotSensors handle:1 mode:0
D/perm_ctrl(  752): bPackagePermEnable pk: com.jio.myjio bFound false
D/perm_ctrl(  752):  isDenied = false
D/perm_ctrl(  752):  isDenied = false
V/SettingsInterface( 9536):  from settings cache , name = airplane_mode_on , value = 0
E/SensorService(  752): activeConnections...
D/SensorService(  752): SensorService hasOneShotSensors handle:1 mode:0
E/SensorService(  752): activeConnections...
D/SensorService(  752): SensorService hasOneShotSensors handle:1 mode:0
E/SensorService(  752): activeConnections...
D/SensorService(  752): SensorService hasOneShotSensors handle:1 mode:0
E/SensorService(  752): activeConnections...
D/SensorService(  752): SensorService hasOneShotSensors handle:1 mode:0
E/SensorService(  752): activeConnections...
D/SensorService(  752): SensorService hasOneShotSensors handle:1 mode:0
E/SensorService(  752): activeConnections...
D/SensorService(  752): SensorService hasOneShotSensors handle:1 mode:0
E/SensorService(  752): activeConnections...
D/SensorService(  752): SensorService hasOneShotSensors handle:1 mode:0
E/SensorService(  752): activeConnections...
D/SensorService(  752): SensorService hasOneShotSensors handle:1 mode:0
E/SensorService(  752): activeConnections...
D/SensorService(  752): SensorService hasOneShotSensors handle:1 mode:0
W/ActivityManager(  752): getRunningAppProcesses: caller 10111 does not hold REAL_GET_TASKS; limiting output
E/SensorService(  752): activeConnections...
D/SensorService(  752): SensorService hasOneShotSensors handle:1 mode:0
E/SensorService(  752): activeConnections...
D/SensorService(  752): SensorService hasOneShotSensors handle:1 mode:0
E/SensorService(  752): activeConnections...
D/SensorService(  752): SensorService hasOneShotSensors handle:1 mode:0
E/SensorService(  752): activeConnections...
D/SensorService(  752): SensorService hasOneShotSensors handle:1 mode:0
D/gps_mtk (  752): gps_state_thread: line = 3823[trace]count is 7.000000
D/mnl_linux(  263): mtk_gps_sys_nmea_output_to_app: $GPGGA,005853.002,2843.1521,N,07701.9337,E,0,0,,185.9,M,-35.9,M,,*68
D/mnl_linux(  263): $GPGSA,A,1,,,,,,,,,,,,,99.99,99.99,99.99*30
D/mnl_linux(  263): $GPGSV,1,1,2,18,,,30.3,10,,,25.7*43
D/mnl_linux(  263): $GPRMC,005853.002,V,2843.1521,N,07701.9337,E,0.000,81.66,280417,,,N*7B
D/mnl_linux(  263): $GPVTG,81.66,T,,M,0.000,N,0.000,K,N*0B
D/mnl_linux(  263): $PMTKTSX1,3807756,-17514.511,0.328,40.862,53fc0000,-1.750748,0.000099,-0.000850,-0.197824,1.654119*5E
D/mnl_linux(  263): $GPACCURACY,3162.1*3F
D/MNLD    (  263): send_cmd_ex: slf_send_cmd (13, 0x30)
D/MNLD    (  263): process: epoll_wait() received 1 events
D/MNLD    (  263): sigrcv_handler: args from mnld: 48
D/MNLD    (  263): mnl_set_alarm: (0, 0xB6437070, 5)
D/MNLD    (  263): process: sigrc_handler: ret = 0
D/MNLD    (  263): mtk_gps_sys_gps_mnl_callback: MTK_GPS_MSG_FIX_READY, GET_RTC_OK, 0.066, 2467.011
D/MNLD    (  263): mtk_gps_sys_gps_mnl_callback: Age = 2, RTCDiff = 30, Time_interval = 10
D/MNLD    (  263): mtk_gps_sys_gps_mnl_callback: gps_measurement_state = 255 ,state = 2
E/SensorService(  752): activeConnections...
D/SensorService(  752): SensorService hasOneShotSensors handle:1 mode:0
D/NetworkController.MobileSignalController(2)(  875): onSignalStrengthsChanged signalStrength=SignalStrength: 22 99 -120 -160 -120 0 -1 99 2147483647 2147483647 2147483647 2147483647 gsm|lte -275 0 0 level=4
D/NetworkController(  875): mLastSignalLevel = 4; nowLevel = 4
D/NetworkController(  875): mSubscriptionInfo.getSimSlotIndex() = 0 updateTelephonySignalStrength: hasService=true ss=SignalStrength: 22 99 -120 -160 -120 0 -1 99 2147483647 2147483647 2147483647 2147483647 gsm|lte -275 0 0 mDataNetType = 1
D/NetworkController(  875): mDataState = 0
D/NetworkController(  875): isDirty : false
E/SensorService(  752): activeConnections...
D/SensorService(  752): SensorService hasOneShotSensors handle:1 mode:0
V/ActivityManager(  752): Broadcast sticky: Intent { act=android.intent.action.SIG_STR flg=0x20000010 (has extras) } ordered=false userid=-1 callerApp=ProcessRecord{1155a311 752:system/1000}
E/SensorService(  752): activeConnections...
D/SensorService(  752): SensorService hasOneShotSensors handle:1 mode:0
D/perm_ctrl(  752): bPackagePermEnable pk: com.jio.myjio bFound false
D/perm_ctrl(  752):  isDenied = false
D/perm_ctrl(  752):  isDenied = false
D/perm_ctrl(  752): bPackagePermEnable pk: com.jio.myjio bFound false
D/perm_ctrl(  752):  isDenied = false
D/perm_ctrl(  752):  isDenied = false
E/SensorService(  752): activeConnections...
D/SensorService(  752): SensorService hasOneShotSensors handle:1 mode:0
V/SettingsInterface( 9536):  from settings cache , name = airplane_mode_on , value = 0
E/SensorService(  752): activeConnections...
D/SensorService(  752): SensorService hasOneShotSensors handle:1 mode:0
E/SensorService(  752): activeConnections...
D/SensorService(  752): SensorService hasOneShotSensors handle:1 mode:0
E/SensorService(  752): activeConnections...
D/SensorService(  752): SensorService hasOneShotSensors handle:1 mode:0
E/SensorService(  752): activeConnections...
D/SensorService(  752): SensorService hasOneShotSensors handle:1 mode:0
E/SensorService(  752): activeConnections...
D/SensorService(  752): SensorService hasOneShotSensors handle:1 mode:0
E/SensorService(  752): activeConnections...
D/SensorService(  752): SensorService hasOneShotSensors handle:1 mode:0
E/SensorService(  752): activeConnections...
D/SensorService(  752): SensorService hasOneShotSensors handle:1 mode:0
E/SensorService(  752): activeConnections...
D/SensorService(  752): SensorService hasOneShotSensors handle:1 mode:0
E/SensorService(  752): activeConnections...
D/SensorService(  752): SensorService hasOneShotSensors handle:1 mode:0
E/SensorService(  752): activeConnections...
D/SensorService(  752): SensorService hasOneShotSensors handle:1 mode:0
I/System.out( 1824): open:https://in.wzrkt.com/a1?os=Android&t=17925&z=8R7-965-W84Z&arp=eyJkaCI6MTM0NDAwMjYyLCJpIjozNTU2MTIyNSwiZF90cyI6MTQ5MzI0NzI4N30%3D%0A&ts=1493341132
I/System.out( 1824): [CDS]rx timeout:1
I/System.out( 1824): [CDS]rx timeout:1
D/NativeCrypto( 1824): ssl=0x97d89600 sslRead buf=0x9ca04800 len=2048,timeo=10
E/SensorService(  752): activeConnections...
D/SensorService(  752): SensorService hasOneShotSensors handle:1 mode:0
E/SensorService(  752): activeConnections...
D/SensorService(  752): SensorService hasOneShotSensors handle:1 mode:0
I/System.out( 1824): [CDS]rx timeout:10000
I/System.out( 1824): [CDS]rx timeout:10000
I/System.out( 1824): [CDS]rx timeout:10000
I/System.out( 1824): [CDS]rx timeout:10000
I/System.out( 1824): [OkHttp] sendRequest>>
I/System.out( 1824): [OkHttp] sendRequest<<
D/NativeCrypto( 1824): ssl=0x97d89600 sslWrite buf=0x9ca04800 len=759 write_timeout_millis=0
D/NativeCrypto( 1824): ssl=0x97d89600 sslRead buf=0x9ca04800 len=2048,timeo=10000
E/SensorService(  752): activeConnections...
D/SensorService(  752): SensorService hasOneShotSensors handle:1 mode:0
E/SensorService(  752): activeConnections...
D/SensorService(  752): SensorService hasOneShotSensors handle:1 mode:0
E/SensorService(  752): activeConnections...
D/SensorService(  752): SensorService hasOneShotSensors handle:1 mode:0
E/SensorService(  752): activeConnections...
D/SensorService(  752): SensorService hasOneShotSensors handle:1 mode:0
D/NativeCrypto( 1824): ssl=0x97d89600 sslRead buf=0x9ca04800 len=2048,timeo=10000
E/SensorService(  752): activeConnections...
D/SensorService(  752): SensorService hasOneShotSensors handle:1 mode:0
W/ActivityManager(  752): getRunningAppProcesses: caller 10111 does not hold REAL_GET_TASKS; limiting output
E/SensorService(  752): activeConnections...
D/SensorService(  752): SensorService hasOneShotSensors handle:1 mode:0
E/SensorService(  752): activeConnections...
D/SensorService(  752): SensorService hasOneShotSensors handle:1 mode:0
E/SensorService(  752): activeConnections...
D/SensorService(  752): SensorService hasOneShotSensors handle:1 mode:0
E/SensorService(  752): activeConnections...
D/SensorService(  752): SensorService hasOneShotSensors handle:1 mode:0
E/SensorService(  752): activeConnections...
D/SensorService(  752): SensorService hasOneShotSensors handle:1 mode:0
E/SensorService(  752): activeConnections...
D/SensorService(  752): SensorService hasOneShotSensors handle:1 mode:0
E/SensorService(  752): activeConnections...
D/SensorService(  752): SensorService hasOneShotSensors handle:1 mode:0
E/WifiTrafficPoller(  752): TRAFFIC_STATS_POLL true Token 119 num clients 13
E/WifiTrafficPoller(  752):  packet count Tx=20466 Rx=37499
E/WifiTrafficPoller(  752): notifying of data activity 3
D/NetworkController(  875): isDirty : false
D/NetworkController.WifiSignalController(  875): Change in state from: connected=true,enabled=true,level=4,inetCondition=1,iconGroup=IconGroup(Wi-Fi Icons),activityIn=false,activityOut=false,rssi=-22,lastModified=04-28 06:28:46,ssid="delhisoft1"
D/NetworkController.WifiSignalController(  875): 	to: connected=true,enabled=true,level=4,inetCondition=1,iconGroup=IconGroup(Wi-Fi Icons),activityIn=true,activityOut=true,rssi=-22,lastModified=04-28 06:28:46,ssid="delhisoft1"
D/SignalClusterView(  875): vpn: GONE
D/SignalClusterView(  875): wifi: VISIBLE sig=2130837793
D/SignalClusterView(  875): mobile: VISIBLE sig=2130837770 mIsAirPlaneMode=false netType=0 mobileType=2130837751 inout=0 mSubId=0
D/SignalClusterView(  875): DoubleCardTemp=false tm.getSimState(0)=5 tm.getSimState(1)=5
E/SensorService(  752): activeConnections...
D/SensorService(  752): SensorService hasOneShotSensors handle:1 mode:0
D/SignalClusterView(  875): mobile: VISIBLE sig=2130837769 mIsAirPlaneMode=false netType=0 mobileType=2130837752 inout=0 mSubId=1
D/SignalClusterView(  875): DoubleCardTemp=false tm.getSimState(0)=5 tm.getSimState(1)=5
D/SignalClusterView(  875): set VoLTE Icon off
V/SettingsInterface( 1417):  from settings cache , name = multi_sim_data_call , value = 1
D/Surface (  875): Surface::setBuffersDimensions(this=0xb45d1f00,w=480,h=38)
D/PerfServiceManager(  752): [PerfService] notifyFrameUpdate - bDuringTouchBoost:false 
I/BufferQueueProducer(  225): [StatusBar](this:0xb5c54400,id:8,api:1,p:875,c:225) queueBuffer: fps=0.26 dur=3899.21 max=3899.21 min=3899.21
E/SensorService(  752): activeConnections...
D/SensorService(  752): SensorService hasOneShotSensors handle:1 mode:0
E/SensorService(  752): activeConnections...
D/SensorService(  752): SensorService hasOneShotSensors handle:1 mode:0
D/Surface (  225): Surface::setBuffersDimensions(this=0xb5d25600,w=480,h=854)
I/BufferQueueProducer(  225): [FrameBufferSurface_0](this:0xb5c4e400,id:0,api:1,p:225,c:225) queueBuffer: fps=0.26 dur=3914.78 max=3914.78 min=3914.78
I/SurfaceFlinger(  225): [Built-in Screen (type:0)] fps:0.255449,dur:3914.68,max:3914.68,min:3914.68
V/SettingsInterface( 1417):  from settings cache , name = pdp_watchdog_poll_interval_ms , value = null
E/SensorService(  752): activeConnections...
D/SensorService(  752): SensorService hasOneShotSensors handle:1 mode:0
E/SensorService(  752): activeConnections...
D/SensorService(  752): SensorService hasOneShotSensors handle:1 mode:0
E/SensorService(  752): activeConnections...
D/SensorService(  752): SensorService hasOneShotSensors handle:1 mode:0
D/Surface (  875): Surface::setBuffersDimensions(this=0xb45d1f00,w=480,h=38)
E/SensorService(  752): activeConnections...
D/SensorService(  752): SensorService hasOneShotSensors handle:1 mode:0
D/Surface (  225): Surface::setBuffersDimensions(this=0xb5d25600,w=480,h=854)
E/SensorService(  752): activeConnections...
D/SensorService(  752): SensorService hasOneShotSensors handle:1 mode:0
E/SensorService(  752): activeConnections...
D/SensorService(  752): SensorService hasOneShotSensors handle:1 mode:0
D/libc-netbsd( 1824): [getaddrinfo]: hostname=Jiomifi.local.html; servname=6666; cache_mode=(null), netid=0; mark=0
D/libc-netbsd( 1824): [getaddrinfo]: ai_addrlen=0; ai_canonname=(null); ai_flags=1024; ai_family=0
D/FrameworkListener(  242): dispatchCommand data = (getaddrinfo Jiomifi.local.html 6666 1024 0 1 6 0)
D/libc-netbsd(  242): [getaddrinfo]: hostname=Jiomifi.local.html; servname=6666; cache_mode=local, netid=106; mark=917610
D/libc-netbsd(  242): [getaddrinfo]: ai_addrlen=0; ai_canonname=(null); ai_flags=1024; ai_family=0
D/libc-netbsd(  242): default dns: query_ipv6=1, query_ipv4=1
D/libc-netbsd(  242): res_queryN name = Jiomifi.local.html, class = 1, type = 28
D/libc-netbsd(  242): res_queryN name = Jiomifi.local.html, class = 1, type = 1
D/libc-netbsd(  242): netid=106, dns0:192.168.0.201
D/libc-netbsd(  242): netid=106, dns1:8.8.8.8
D/libc-netbsd(  242): res_queryN name = Jiomifi.local.html.etutorials.local, class = 1, type = 28
D/libc-netbsd(  242): res_queryN name = Jiomifi.local.html.etutorials.local, class = 1, type = 1
D/libc-netbsd( 1824): getaddrinfo: Jiomifi.local.html NO result from proxy 
D/libc-netbsd( 1824): [getaddrinfo]: hostname=Jiofi.local.html; servname=6666; cache_mode=(null), netid=0; mark=0
D/libc-netbsd( 1824): [getaddrinfo]: ai_addrlen=0; ai_canonname=(null); ai_flags=1024; ai_family=0
D/FrameworkListener(  242): dispatchCommand data = (getaddrinfo Jiofi.local.html 6666 1024 0 1 6 0)
D/libc-netbsd(  242): [getaddrinfo]: hostname=Jiofi.local.html; servname=6666; cache_mode=local, netid=106; mark=917610
D/libc-netbsd(  242): [getaddrinfo]: ai_addrlen=0; ai_canonname=(null); ai_flags=1024; ai_family=0
D/libc-netbsd(  242): default dns: query_ipv6=1, query_ipv4=1
D/libc-netbsd(  242): res_queryN name = Jiofi.local.html, class = 1, type = 28
D/libc-netbsd(  242): res_queryN name = Jiofi.local.html, class = 1, type = 1
D/libc-netbsd(  242): netid=106, dns0:192.168.0.201
D/libc-netbsd(  242): netid=106, dns1:8.8.8.8
D/libc-netbsd(  242): res_queryN name = Jiofi.local.html.etutorials.local, class = 1, type = 28
D/libc-netbsd(  242): res_queryN name = Jiofi.local.html.etutorials.local, class = 1, type = 1
D/libc-netbsd( 1824): getaddrinfo: Jiofi.local.html NO result from proxy 
D/libc-netbsd( 1824): [getaddrinfo]: hostname=Jiodongle.local.html; servname=6666; cache_mode=(null), netid=0; mark=0
D/libc-netbsd( 1824): [getaddrinfo]: ai_addrlen=0; ai_canonname=(null); ai_flags=1024; ai_family=0
D/FrameworkListener(  242): dispatchCommand data = (getaddrinfo Jiodongle.local.html 6666 1024 0 1 6 0)
D/libc-netbsd(  242): [getaddrinfo]: hostname=Jiodongle.local.html; servname=6666; cache_mode=local, netid=106; mark=917610
D/libc-netbsd(  242): [getaddrinfo]: ai_addrlen=0; ai_canonname=(null); ai_flags=1024; ai_family=0
D/libc-netbsd(  242): default dns: query_ipv6=1, query_ipv4=1
D/libc-netbsd(  242): res_queryN name = Jiodongle.local.html, class = 1, type = 28
D/libc-netbsd(  242): res_queryN name = Jiodongle.local.html, class = 1, type = 1
D/libc-netbsd(  242): netid=106, dns0:192.168.0.201
D/libc-netbsd(  242): netid=106, dns1:8.8.8.8
D/libc-netbsd(  242): res_queryN name = Jiodongle.local.html.etutorials.local, class = 1, type = 28
D/libc-netbsd(  242): res_queryN name = Jiodongle.local.html.etutorials.local, class = 1, type = 1
D/libc-netbsd( 1824): getaddrinfo: Jiodongle.local.html NO result from proxy 
E/SensorService(  752): activeConnections...
D/SensorService(  752): SensorService hasOneShotSensors handle:1 mode:0
E/SensorService(  752): activeConnections...
D/SensorService(  752): SensorService hasOneShotSensors handle:1 mode:0
E/SensorService(  752): activeConnections...
D/SensorService(  752): SensorService hasOneShotSensors handle:1 mode:0
E/SensorService(  752): activeConnections...
D/SensorService(  752): SensorService hasOneShotSensors handle:1 mode:0
E/SensorService(  752): activeConnections...
D/SensorService(  752): SensorService hasOneShotSensors handle:1 mode:0
E/SensorService(  752): activeConnections...
D/SensorService(  752): SensorService hasOneShotSensors handle:1 mode:0
E/SensorService(  752): activeConnections...
D/SensorService(  752): SensorService hasOneShotSensors handle:1 mode:0
E/SensorService(  752): activeConnections...
D/SensorService(  752): SensorService hasOneShotSensors handle:1 mode:0
E/SensorService(  752): activeConnections...
D/SensorService(  752): SensorService hasOneShotSensors handle:1 mode:0
W/ActivityManager(  752): getRunningAppProcesses: caller 10111 does not hold REAL_GET_TASKS; limiting output
E/SensorService(  752): activeConnections...
D/SensorService(  752): SensorService hasOneShotSensors handle:1 mode:0
E/SensorService(  752): activeConnections...
D/SensorService(  752): SensorService hasOneShotSensors handle:1 mode:0
E/SensorService(  752): activeConnections...
D/SensorService(  752): SensorService hasOneShotSensors handle:1 mode:0
D/gps_mtk (  752): gps_state_thread: line = 3823[trace]count is 8.000000
D/mnl_linux(  263): mtk_gps_sys_nmea_output_to_app: $GPGGA,005854.002,2843.1521,N,07701.9337,E,0,0,,185.9,M,-35.9,M,,*6F
D/mnl_linux(  263): $GPGSA,A,1,,,,,,,,,,,,,99.99,99.99,99.99*30
D/mnl_linux(  263): $GPGSV,1,1,2,18,,,30.5,10,,,25.6*44
D/mnl_linux(  263): $GPRMC,005854.002,V,2843.1521,N,07701.9337,E,0.000,81.66,280417,,,N*7C
D/mnl_linux(  263): $GPVTG,81.66,T,,M,0.000,N,0.000,K,N*0B
D/mnl_linux(  263): $PMTKTSX1,3808756,-17489.055,0.328,40.849,54040000,-1.748203,0.000099,-0.000850,-0.197824,1.654119*5D
D/mnl_linux(  263): $GPACCURACY,3162.1*3F
D/MNLD    (  263): send_cmd_ex: slf_send_cmd (13, 0x30)
D/MNLD    (  263): process: epoll_wait() received 1 events
D/MNLD    (  263): sigrcv_handler: args from mnld: 48
D/MNLD    (  263): mnl_set_alarm: (0, 0xB6437070, 5)
D/MNLD    (  263): process: sigrc_handler: ret = 0
D/MNLD    (  263): mtk_gps_sys_gps_mnl_callback: MTK_GPS_MSG_FIX_READY, GET_RTC_OK, 0.066, 2468.011
D/MNLD    (  263): mtk_gps_sys_gps_mnl_callback: Age = 2, RTCDiff = 30, Time_interval = 10
D/MNLD    (  263): mtk_gps_sys_gps_mnl_callback: gps_measurement_state = 255 ,state = 2
E/SensorService(  752): activeConnections...
D/SensorService(  752): SensorService hasOneShotSensors handle:1 mode:0
E/SensorService(  752): activeConnections...
D/SensorService(  752): SensorService hasOneShotSensors handle:1 mode:0
E/SensorService(  752): activeConnections...
D/SensorService(  752): SensorService hasOneShotSensors handle:1 mode:0
E/SensorService(  752): activeConnections...
D/SensorService(  752): SensorService hasOneShotSensors handle:1 mode:0
E/SensorService(  752): activeConnections...
D/SensorService(  752): SensorService hasOneShotSensors handle:1 mode:0
E/SensorService(  752): activeConnections...
D/SensorService(  752): SensorService hasOneShotSensors handle:1 mode:0
E/SensorService(  752): activeConnections...
D/SensorService(  752): SensorService hasOneShotSensors handle:1 mode:0
E/SensorService(  752): activeConnections...
D/SensorService(  752): SensorService hasOneShotSensors handle:1 mode:0
E/SensorService(  752): activeConnections...
D/SensorService(  752): SensorService hasOneShotSensors handle:1 mode:0
E/WifiStateMachine(  752):  ConnectedState (when=-4ms what=131155 arg1=30!CMD_RSSI_POLL 30 0 "delhisoft1" 10:be:f5:8a:fd:75 rssi=-22 f=2442 sc=60 link=65 tx=0.0, 0.0, 0.0  rx=0.6 bcn=0 [on:0 tx:0 rx:0 period:3001] from screen [on:0 period:-1307485409] gl hn u24 rssi=-17 ag=0 hr ticks 0,0,0 ls-=0 [56,56,56,56,61] brc=0 lrc=0
E/WifiStateMachine(  752):  L2ConnectedState (when=-6ms what=131155 arg1=30!CMD_RSSI_POLL 30 0 "delhisoft1" 10:be:f5:8a:fd:75 rssi=-22 f=2442 sc=60 link=65 tx=0.0, 0.0, 0.0  rx=0.6 bcn=0 [on:0 tx:0 rx:0 period:2] from screen [on:0 period:-1307485407] gl hn u24 rssi=-17 ag=0 hr ticks 0,0,0 ls-=0 [56,56,56,56,61] brc=0 lrc=0
E/WifiStateMachine(  752):  get link layer stats 0
D/WifiHW  (  752): enter -->wifi_send_command cmd=IFNAME=wlan0 SIGNAL_POLL
D/wpa_supplicant( 1090): wlan0: Control interface command 'SIGNAL_POLL'
E/SensorService(  752): activeConnections...
D/SensorService(  752): SensorService hasOneShotSensors handle:1 mode:0
D/WifiHW  (  752): leave --> reply=RSSI=-22
D/WifiHW  (  752): LINKSPEED=65
D/WifiHW  (  752): NOISE=9999
D/WifiHW  (  752): FREQUENCY=2442
D/WifiHW  (  752): 
I/WifiStateMachine(  752): fetchRssiLinkSpeedAndFrequencyNative, newRssi:-22, newLinkSpeed:65, SSID:"delhisoft1"
D/WifiStateMachine(  752): mLastSignalLevel:4, newSignalLevel:4
E/WifiConfigStore(  752): updateConfiguration freq=2442 BSSID=10:be:f5:8a:fd:75 RSSI=-20 "delhisoft1"WPA_PSK
V/ActivityManager(  752): Broadcast sticky: Intent { act=android.net.wifi.RSSI_CHANGED flg=0x4000010 (has extras) } ordered=false userid=-1 callerApp=ProcessRecord{1155a311 752:system/1000}
E/SensorService(  752): activeConnections...
D/SensorService(  752): SensorService hasOneShotSensors handle:1 mode:0
D/WifiWatchdogStateMachine(  752): RSSI current: 4 new: -22, 4
D/NetworkController(  875): onReceive: intent=Intent { act=android.net.wifi.RSSI_CHANGED flg=0x4000010 (has extras) }
D/NetworkController(  875): isDirty : false
D/ActivityThread( 9536): BDC-Calling onReceive: intent=Intent { act=android.net.wifi.RSSI_CHANGED flg=0x4000010 cmp=com.jio.myjio/.utilities.MyWidgetProvider (has extras) }, receiver=com.jio.myjio.utilities.MyWidgetProvider@1866f632
D/MyWidgetProvider( 9536): onReceive action is: android.net.wifi.RSSI_CHANGED
D/AALLightSensor(  257): newLux = 49, [48, 46] -> 48
D/ActivityThread( 9536): BDC-RECEIVER handled : 0 / ReceiverData{intent=Intent { act=android.net.wifi.RSSI_CHANGED flg=0x4000010 cmp=com.jio.myjio/.utilities.MyWidgetProvider (has extras) } packageName=com.jio.myjio resultCode=-1 resultData=null resultExtras=null}
E/SensorService(  752): activeConnections...
D/SensorService(  752): SensorService hasOneShotSensors handle:1 mode:0
E/SensorService(  752): activeConnections...
D/SensorService(  752): SensorService hasOneShotSensors handle:1 mode:0
E/SensorService(  752): activeConnections...
D/SensorService(  752): SensorService hasOneShotSensors handle:1 mode:0
E/SensorService(  752): activeConnections...
D/SensorService(  752): SensorService hasOneShotSensors handle:1 mode:0
E/SensorService(  752): activeConnections...
D/SensorService(  752): SensorService hasOneShotSensors handle:1 mode:0
E/SensorService(  752): activeConnections...
D/SensorService(  752): SensorService hasOneShotSensors handle:1 mode:0
E/SensorService(  752): activeConnections...
D/SensorService(  752): SensorService hasOneShotSensors handle:1 mode:0
E/SensorService(  752): activeConnections...
D/SensorService(  752): SensorService hasOneShotSensors handle:1 mode:0
E/SensorService(  752): activeConnections...
D/SensorService(  752): SensorService hasOneShotSensors handle:1 mode:0
E/SensorService(  752): activeConnections...
D/SensorService(  752): SensorService hasOneShotSensors handle:1 mode:0
E/SensorService(  752): activeConnections...
D/SensorService(  752): SensorService hasOneShotSensors handle:1 mode:0
W/ActivityManager(  752): getRunningAppProcesses: caller 10111 does not hold REAL_GET_TASKS; limiting output
E/SensorService(  752): activeConnections...
D/SensorService(  752): SensorService hasOneShotSensors handle:1 mode:0
E/SensorService(  752): activeConnections...
D/SensorService(  752): SensorService hasOneShotSensors handle:1 mode:0
E/SensorService(  752): activeConnections...
D/SensorService(  752): SensorService hasOneShotSensors handle:1 mode:0
E/SensorService(  752): activeConnections...
D/SensorService(  752): SensorService hasOneShotSensors handle:1 mode:0
E/SensorService(  752): activeConnections...
D/SensorService(  752): SensorService hasOneShotSensors handle:1 mode:0
E/SensorService(  752): activeConnections...
D/SensorService(  752): SensorService hasOneShotSensors handle:1 mode:0
E/SensorService(  752): activeConnections...
D/SensorService(  752): SensorService hasOneShotSensors handle:1 mode:0
E/WifiTrafficPoller(  752): TRAFFIC_STATS_POLL true Token 119 num clients 13
E/WifiTrafficPoller(  752):  packet count Tx=20466 Rx=37502
E/WifiTrafficPoller(  752): notifying of data activity 1
D/NetworkController(  875): isDirty : false
D/NetworkController.WifiSignalController(  875): Change in state from: connected=true,enabled=true,level=4,inetCondition=1,iconGroup=IconGroup(Wi-Fi Icons),activityIn=true,activityOut=true,rssi=-22,lastModified=04-28 06:28:52,ssid="delhisoft1"
D/NetworkController.WifiSignalController(  875): 	to: connected=true,enabled=true,level=4,inetCondition=1,iconGroup=IconGroup(Wi-Fi Icons),activityIn=true,activityOut=false,rssi=-22,lastModified=04-28 06:28:52,ssid="delhisoft1"
D/SignalClusterView(  875): vpn: GONE
D/SignalClusterView(  875): wifi: VISIBLE sig=2130837792
D/SignalClusterView(  875): mobile: VISIBLE sig=2130837770 mIsAirPlaneMode=false netType=0 mobileType=2130837751 inout=0 mSubId=0
E/SensorService(  752): activeConnections...
D/SensorService(  752): SensorService hasOneShotSensors handle:1 mode:0
D/SignalClusterView(  875): DoubleCardTemp=false tm.getSimState(0)=5 tm.getSimState(1)=5
D/SignalClusterView(  875): mobile: VISIBLE sig=2130837769 mIsAirPlaneMode=false netType=0 mobileType=2130837752 inout=0 mSubId=1
D/SignalClusterView(  875): DoubleCardTemp=false tm.getSimState(0)=5 tm.getSimState(1)=5
E/SensorService(  752): activeConnections...
D/SensorService(  752): SensorService hasOneShotSensors handle:1 mode:0
D/SignalClusterView(  875): set VoLTE Icon off
V/SettingsInterface( 1417):  from settings cache , name = multi_sim_data_call , value = 1
D/Surface (  875): Surface::setBuffersDimensions(this=0xb45d1f00,w=480,h=38)
D/PerfServiceManager(  752): [PerfService] notifyFrameUpdate - bDuringTouchBoost:false 
I/BufferQueueProducer(  225): [StatusBar](this:0xb5c54400,id:8,api:1,p:875,c:225) queueBuffer: fps=1.97 dur=1017.36 max=917.23 min=100.13
E/SensorService(  752): activeConnections...
D/SensorService(  752): SensorService hasOneShotSensors handle:1 mode:0
D/Surface (  225): Surface::setBuffersDimensions(this=0xb5d25600,w=480,h=854)
I/BufferQueueProducer(  225): [FrameBufferSurface_0](this:0xb5c4e400,id:0,api:1,p:225,c:225) queueBuffer: fps=1.99 dur=1004.93 max=924.52 min=80.41
I/SurfaceFlinger(  225): [Built-in Screen (type:0)] fps:1.990174,dur:1004.94,max:924.57,min:80.37
V/SettingsInterface( 1417):  from settings cache , name = pdp_watchdog_poll_interval_ms , value = null
E/SensorService(  752): activeConnections...
D/SensorService(  752): SensorService hasOneShotSensors handle:1 mode:0
E/SensorService(  752): activeConnections...
D/SensorService(  752): SensorService hasOneShotSensors handle:1 mode:0
E/SensorService(  752): activeConnections...
D/SensorService(  752): SensorService hasOneShotSensors handle:1 mode:0
E/SensorService(  752): activeConnections...
D/SensorService(  752): SensorService hasOneShotSensors handle:1 mode:0
E/SensorService(  752): activeConnections...
D/SensorService(  752): SensorService hasOneShotSensors handle:1 mode:0
E/SensorService(  752): activeConnections...
D/SensorService(  752): SensorService hasOneShotSensors handle:1 mode:0
E/SensorService(  752): activeConnections...
D/SensorService(  752): SensorService hasOneShotSensors handle:1 mode:0
E/SensorService(  752): activeConnections...
D/SensorService(  752): SensorService hasOneShotSensors handle:1 mode:0
E/SensorService(  752): activeConnections...
D/SensorService(  752): SensorService hasOneShotSensors handle:1 mode:0
E/SensorService(  752): activeConnections...
D/SensorService(  752): SensorService hasOneShotSensors handle:1 mode:0
E/SensorService(  752): activeConnections...
D/SensorService(  752): SensorService hasOneShotSensors handle:1 mode:0
E/SensorService(  752): activeConnections...
D/SensorService(  752): SensorService hasOneShotSensors handle:1 mode:0
E/SensorService(  752): activeConnections...
D/SensorService(  752): SensorService hasOneShotSensors handle:1 mode:0
E/SensorService(  752): activeConnections...
D/SensorService(  752): SensorService hasOneShotSensors handle:1 mode:0
W/ActivityManager(  752): getRunningAppProcesses: caller 10111 does not hold REAL_GET_TASKS; limiting output
E/SensorService(  752): activeConnections...
D/SensorService(  752): SensorService hasOneShotSensors handle:1 mode:0
E/SensorService(  752): activeConnections...
D/SensorService(  752): SensorService hasOneShotSensors handle:1 mode:0
E/SensorService(  752): activeConnections...
D/SensorService(  752): SensorService hasOneShotSensors handle:1 mode:0
E/SensorService(  752): activeConnections...
D/SensorService(  752): SensorService hasOneShotSensors handle:1 mode:0
D/gps_mtk (  752): gps_state_thread: line = 3823[trace]count is 9.000000
D/mnl_linux(  263): mtk_gps_sys_nmea_output_to_app: $GPGGA,005855.002,2843.1521,N,07701.9337,E,0,0,,185.9,M,-35.9,M,,*6E
D/mnl_linux(  263): $GPGSA,A,1,,,,,,,,,,,,,99.99,99.99,99.99*30
D/mnl_linux(  263): $GPGSV,1,1,2,18,,,30.4,10,,,25.1*42
D/mnl_linux(  263): $GPRMC,005855.002,V,2843.1521,N,07701.9337,E,0.000,81.66,280417,,,N*7D
D/mnl_linux(  263): $GPVTG,81.66,T,,M,0.000,N,0.000,K,N*0B
D/mnl_linux(  263): $PMTKTSX1,3809756,-17425.414,0.328,40.824,54140000,-1.741839,0.000099,-0.000850,-0.197824,1.654119*5B
D/mnl_linux(  263): $GPACCURACY,3162.1*3F
D/MNLD    (  263): send_cmd_ex: slf_send_cmd (13, 0x30)
D/MNLD    (  263): process: epoll_wait() received 1 events
D/MNLD    (  263): sigrcv_handler: args from mnld: 48
D/MNLD    (  263): mnl_set_alarm: (0, 0xB6437070, 5)
D/MNLD    (  263): process: sigrc_handler: ret = 0
D/MNLD    (  263): mtk_gps_sys_gps_mnl_callback: MTK_GPS_MSG_FIX_READY, GET_RTC_OK, 0.066, 2469.011
D/MNLD    (  263): mtk_gps_sys_gps_mnl_callback: Age = 2, RTCDiff = 30, Time_interval = 10
D/MNLD    (  263): mtk_gps_sys_gps_mnl_callback: gps_measurement_state = 255 ,state = 2
E/SensorService(  752): activeConnections...
D/SensorService(  752): SensorService hasOneShotSensors handle:1 mode:0
E/SensorService(  752): activeConnections...
D/SensorService(  752): SensorService hasOneShotSensors handle:1 mode:0
E/SensorService(  752): activeConnections...
D/SensorService(  752): SensorService hasOneShotSensors handle:1 mode:0
E/SensorService(  752): activeConnections...
D/SensorService(  752): SensorService hasOneShotSensors handle:1 mode:0
E/SensorService(  752): activeConnections...
D/SensorService(  752): SensorService hasOneShotSensors handle:1 mode:0
E/SensorService(  752): activeConnections...
D/SensorService(  752): SensorService hasOneShotSensors handle:1 mode:0
E/SensorService(  752): activeConnections...
D/SensorService(  752): SensorService hasOneShotSensors handle:1 mode:0
E/SensorService(  752): activeConnections...
D/SensorService(  752): SensorService hasOneShotSensors handle:1 mode:0
E/SensorService(  752): activeConnections...
D/SensorService(  752): SensorService hasOneShotSensors handle:1 mode:0
E/SensorService(  752): activeConnections...
D/SensorService(  752): SensorService hasOneShotSensors handle:1 mode:0
E/SensorService(  752): activeConnections...
D/SensorService(  752): SensorService hasOneShotSensors handle:1 mode:0
E/SensorService(  752): activeConnections...
D/SensorService(  752): SensorService hasOneShotSensors handle:1 mode:0
E/SensorService(  752): activeConnections...
D/SensorService(  752): SensorService hasOneShotSensors handle:1 mode:0
E/SensorService(  752): activeConnections...
D/SensorService(  752): SensorService hasOneShotSensors handle:1 mode:0
E/SensorService(  752): activeConnections...
D/SensorService(  752): SensorService hasOneShotSensors handle:1 mode:0
E/SensorService(  752): activeConnections...
D/SensorService(  752): SensorService hasOneShotSensors handle:1 mode:0
E/SensorService(  752): activeConnections...
D/SensorService(  752): SensorService hasOneShotSensors handle:1 mode:0
E/SensorService(  752): activeConnections...
D/SensorService(  752): SensorService hasOneShotSensors handle:1 mode:0
E/SensorService(  752): activeConnections...
D/SensorService(  752): SensorService hasOneShotSensors handle:1 mode:0
E/SensorService(  752): activeConnections...
D/SensorService(  752): SensorService hasOneShotSensors handle:1 mode:0
E/SensorService(  752): activeConnections...
D/SensorService(  752): SensorService hasOneShotSensors handle:1 mode:0
W/ActivityManager(  752): getRunningAppProcesses: caller 10036 does not hold REAL_GET_TASKS; limiting output
W/ActivityManager(  752): getRunningAppProcesses: caller 10111 does not hold REAL_GET_TASKS; limiting output
E/SensorService(  752): activeConnections...
D/SensorService(  752): SensorService hasOneShotSensors handle:1 mode:0
E/SensorService(  752): activeConnections...
D/SensorService(  752): SensorService hasOneShotSensors handle:1 mode:0
E/SensorService(  752): activeConnections...
D/SensorService(  752): SensorService hasOneShotSensors handle:1 mode:0
E/SensorService(  752): activeConnections...
D/SensorService(  752): SensorService hasOneShotSensors handle:1 mode:0
E/SensorService(  752): activeConnections...
D/SensorService(  752): SensorService hasOneShotSensors handle:1 mode:0
E/SensorService(  752): activeConnections...
D/SensorService(  752): SensorService hasOneShotSensors handle:1 mode:0
E/SensorService(  752): activeConnections...
D/SensorService(  752): SensorService hasOneShotSensors handle:1 mode:0
E/SensorService(  752): activeConnections...
D/SensorService(  752): SensorService hasOneShotSensors handle:1 mode:0
E/WifiTrafficPoller(  752): TRAFFIC_STATS_POLL true Token 119 num clients 13
E/WifiTrafficPoller(  752):  packet count Tx=20466 Rx=37512
E/SensorService(  752): activeConnections...
D/SensorService(  752): SensorService hasOneShotSensors handle:1 mode:0
E/SensorService(  752): activeConnections...
D/SensorService(  752): SensorService hasOneShotSensors handle:1 mode:0
E/SensorService(  752): activeConnections...
D/SensorService(  752): SensorService hasOneShotSensors handle:1 mode:0
V/SettingsInterface( 1417):  from settings cache , name = pdp_watchdog_poll_interval_ms , value = null
E/SensorService(  752): activeConnections...
D/SensorService(  752): SensorService hasOneShotSensors handle:1 mode:0
E/SensorService(  752): activeConnections...
D/SensorService(  752): SensorService hasOneShotSensors handle:1 mode:0
E/SensorService(  752): activeConnections...
D/SensorService(  752): SensorService hasOneShotSensors handle:1 mode:0
E/SensorService(  752): activeConnections...
D/SensorService(  752): SensorService hasOneShotSensors handle:1 mode:0
E/SensorService(  752): activeConnections...
D/SensorService(  752): SensorService hasOneShotSensors handle:1 mode:0
E/SensorService(  752): activeConnections...
D/SensorService(  752): SensorService hasOneShotSensors handle:1 mode:0
E/SensorService(  752): activeConnections...
D/SensorService(  752): SensorService hasOneShotSensors handle:1 mode:0
E/SensorService(  752): activeConnections...
D/SensorService(  752): SensorService hasOneShotSensors handle:1 mode:0
E/SensorService(  752): activeConnections...
D/SensorService(  752): SensorService hasOneShotSensors handle:1 mode:0
E/SensorService(  752): activeConnections...
D/SensorService(  752): SensorService hasOneShotSensors handle:1 mode:0
E/SensorService(  752): activeConnections...
D/SensorService(  752): SensorService hasOneShotSensors handle:1 mode:0
E/SensorService(  752): activeConnections...
D/SensorService(  752): SensorService hasOneShotSensors handle:1 mode:0
E/SensorService(  752): activeConnections...
D/SensorService(  752): SensorService hasOneShotSensors handle:1 mode:0
E/SensorService(  752): activeConnections...
D/SensorService(  752): SensorService hasOneShotSensors handle:1 mode:0
W/ActivityManager(  752): getRunningAppProcesses: caller 10111 does not hold REAL_GET_TASKS; limiting output
E/SensorService(  752): activeConnections...
D/SensorService(  752): SensorService hasOneShotSensors handle:1 mode:0
E/SensorService(  752): activeConnections...
D/SensorService(  752): SensorService hasOneShotSensors handle:1 mode:0
E/SensorService(  752): activeConnections...
D/SensorService(  752): SensorService hasOneShotSensors handle:1 mode:0
E/SensorService(  752): activeConnections...
D/SensorService(  752): SensorService hasOneShotSensors handle:1 mode:0
D/gps_mtk (  752): gps_state_thread: line = 3862received 390 bytes:
D/gps_mtk (  752): nmea_reader_update_time: line = 1585fix_time: 1493341136
D/gps_mtk (  752): nmea_reader_parse: line = 2294r->sv_status.num_svs = 0, gps_nmea_end_tag = 0
D/gps_mtk (  752): nmea_reader_addc: line = 2328start nmea_cb
D/gps_mtk (  752): nmea_reader_parse: line = 2294r->sv_status.num_svs = 0, gps_nmea_end_tag = 0
D/gps_mtk (  752): nmea_reader_addc: line = 2328start nmea_cb
D/gps_mtk (  752): nmea_reader_parse: line = 2207r->sv_count = 2
D/gps_mtk (  752): nmea_reader_parse: line = 2294r->sv_status.num_svs = 2, gps_nmea_end_tag = 0
D/gps_mtk (  752): nmea_reader_addc: line = 2328start nmea_cb
D/gps_mtk (  752): nmea_reader_parse: line = 2294r->sv_status.num_svs = 2, gps_nmea_end_tag = 0
D/gps_mtk (  752): nmea_reader_addc: line = 2328start nmea_cb
D/gps_mtk (  752): nmea_reader_parse: line = 2294r->sv_status.num_svs = 2, gps_nmea_end_tag = 0
D/gps_mtk (  752): nmea_reader_addc: line = 2328start nmea_cb
D/gps_mtk (  752): nmea_reader_parse: line = 2294r->sv_status.num_svs = 2, gps_nmea_end_tag = 0
D/gps_mtk (  752): nmea_reader_addc: line = 2328start nmea_cb
D/gps_mtk (  752): nmea_reader_parse: line = 2231GPS get accuracy failed, fix mode:1
D/gps_mtk (  752): nmea_reader_parse: line = 2294r->sv_status.num_svs = 2, gps_nmea_end_tag = 1
V/GpsLocationProvider(  752): GNSS SV count: 2 ephemerisMask: 0 almanacMask: 0
V/GpsLocationProvider(  752): sv: 18 snr: 3.03 elev: 0.0 azimuth: 0.0   
V/GpsLocationProvider(  752): sv: 10 snr: 2.56 elev: 0.0 azimuth: 0.0   
D/gps_mtk (  752): nmea_reader_addc: line = 2328start nmea_cb
D/mnl_linux(  263): mtk_gps_sys_nmea_output_to_app: $GPGGA,005856.002,2843.1521,N,07701.9337,E,0,0,,185.9,M,-35.9,M,,*6D
D/mnl_linux(  263): $GPGSA,A,1,,,,,,,,,,,,,99.99,99.99,99.99*30
D/mnl_linux(  263): $GPGSV,1,1,2,18,,,30.3,10,,,25.6*42
D/mnl_linux(  263): $GPRMC,005856.002,V,2843.1521,N,07701.9337,E,0.000,81.66,280417,,,N*7E
D/mnl_linux(  263): $GPVTG,81.66,T,,M,0.000,N,0.000,K,N*0B
D/mnl_linux(  263): $PMTKTSX1,3810756,-17450.870,0.328,40.827,54120000,-1.744384,0.000099,-0.000850,-0.197824,1.654119*52
D/mnl_linux(  263): $GPACCURACY,3162.1*3F
D/MNLD    (  263): send_cmd_ex: slf_send_cmd (13, 0x30)
D/MNLD    (  263): process: epoll_wait() received 1 events
D/MNLD    (  263): sigrcv_handler: args from mnld: 48
D/MNLD    (  263): mnl_set_alarm: (0, 0xB6437070, 5)
D/MNLD    (  263): process: sigrc_handler: ret = 0
D/MNLD    (  263): mtk_gps_sys_gps_mnl_callback: MTK_GPS_MSG_FIX_READY, GET_RTC_OK, 0.066, 2470.011
D/MNLD    (  263): mtk_gps_sys_gps_mnl_callback: Age = 2, RTCDiff = 30, Time_interval = 10
D/MNLD    (  263): mtk_gps_sys_gps_mnl_callback: gps_measurement_state = 255 ,state = 2
D/PowerManagerService(  752): acquireWakeLockInternal: lock=673414940, flags=0x1, tag="GCoreFlp", ws=WorkSource{10011 com.google.android.gms}, uid=10011, pid=2150
D/PowerManagerService(  752): updateWakeLockSummaryLocked: mWakefulness=Awake, mWakeLockSummary=0x1
D/PowerManagerService(  752): updateUserActivitySummaryLocked: mWakefulness=Awake, mUserActivitySummary=0x4, nextTimeout=-1 (9938204 ms ago)
D/PowerManagerService(  752): mDisplayPowerRequest.policy = 2
D/PowerManagerService(  752): isWfdEnabled() false
D/DisplayPowerController(  752): requestPowerState: policy=DIM, useProximitySensor=false, screenBrightness=10, screenAutoBrightnessAdjustment=0.0, useAutoBrightness=false, blockScreenOn=false, lowPowerMode=false, boostScreenBrightness=false, dozeScreenBrightness=-1, dozeScreenState=UNKNOWN, waitForNegativeProximity=false
I/PowerManagerService(  752): setBrightness mButtonLight 0.
D/PowerManagerService(  752): updateDisplayPowerStateLocked: mDisplayReady=true, policy=2, mWakefulness=1, mWakeLockSummary=0x1, mUserActivitySummary=0x4, mBootCompleted=true, mScreenBrightnessBoostInProgress=false
D/PowerManagerService(  752): Acquiring suspend blocker "PowerManagerService.WakeLocks".
D/PowerManagerNotifier(  752): onWakeLockAcquired: flags=1, tag="GCoreFlp", packageName=com.google.android.gms, ownerUid=10011, ownerPid=2150, workSource=WorkSource{10011 com.google.android.gms}
D/PowerManagerService(  752): releaseWakeLockInternal: lock=673414940 [GCoreFlp], flags=0x0, total_time=3ms
D/PowerManagerNotifier(  752): onWakeLockReleased: flags=1, tag="GCoreFlp", packageName=com.google.android.gms, ownerUid=10011, ownerPid=2150, workSource=WorkSource{10011 com.google.android.gms}
D/PowerManagerService(  752): updateWakeLockSummaryLocked: mWakefulness=Awake, mWakeLockSummary=0x0
D/PowerManagerService(  752): updateUserActivitySummaryLocked: mWakefulness=Awake, mUserActivitySummary=0x4, nextTimeout=-1 (9938207 ms ago)
