V/SettingsInterface( 1417):  from settings cache , name = multi_sim_data_call , value = 1
E/SensorService(  752): activeConnections...
D/SensorService(  752): SensorService hasOneShotSensors handle:1 mode:0
D/Surface (  875): Surface::setBuffersDimensions(this=0xb45d1f00,w=480,h=38)
D/PerfServiceManager(  752): [PerfService] notifyFrameUpdate - bDuringTouchBoost:false 
I/BufferQueueProducer(  225): [StatusBar](this:0xb5c54400,id:8,api:1,p:875,c:225) queueBuffer: fps=1.99 dur=1002.67 max=941.76 min=60.91
D/Surface (  225): Surface::setBuffersDimensions(this=0xb5d25600,w=480,h=854)
V/SettingsInterface( 1417):  from settings cache , name = pdp_watchdog_poll_interval_ms , value = null
E/SensorService(  752): activeConnections...
D/SensorService(  752): SensorService hasOneShotSensors handle:1 mode:0
E/SensorService(  752): activeConnections...
D/SensorService(  752): SensorService hasOneShotSensors handle:1 mode:0
E/SensorService(  752): activeConnections...
D/SensorService(  752): SensorService hasOneShotSensors handle:1 mode:0
D/AALService(  257): onALIChanged: 48 -> 1
D/AALService(  257): enableAALEvent: 0 -> 1
D/AALService(  257): enableAALEvent: 1 -> 0
E/SensorService(  752): activeConnections...
D/SensorService(  752): SensorService hasOneShotSensors handle:1 mode:0
E/SensorService(  752): activeConnections...
D/SensorService(  752): SensorService hasOneShotSensors handle:1 mode:0
E/SensorService(  752): activeConnections...
D/SensorService(  752): SensorService hasOneShotSensors handle:1 mode:0
E/SensorService(  752): activeConnections...
D/SensorService(  752): SensorService hasOneShotSensors handle:1 mode:0
E/SensorService(  752): activeConnections...
D/SensorService(  752): SensorService hasOneShotSensors handle:1 mode:0
E/SensorService(  752): activeConnections...
D/SensorService(  752): SensorService hasOneShotSensors handle:1 mode:0
E/SensorService(  752): activeConnections...
D/SensorService(  752): SensorService hasOneShotSensors handle:1 mode:0
E/SensorService(  752): activeConnections...
D/SensorService(  752): SensorService hasOneShotSensors handle:1 mode:0
D/libc-netbsd( 1824): [getaddrinfo]: hostname=Jiomifi.local.html; servname=6666; cache_mode=(null), netid=0; mark=0
D/libc-netbsd( 1824): [getaddrinfo]: ai_addrlen=0; ai_canonname=(null); ai_flags=1024; ai_family=0
D/FrameworkListener(  242): dispatchCommand data = (getaddrinfo Jiomifi.local.html 6666 1024 0 1 6 0)
D/libc-netbsd(  242): [getaddrinfo]: hostname=Jiomifi.local.html; servname=6666; cache_mode=local, netid=106; mark=917610
D/libc-netbsd(  242): [getaddrinfo]: ai_addrlen=0; ai_canonname=(null); ai_flags=1024; ai_family=0
D/libc-netbsd(  242): default dns: query_ipv6=1, query_ipv4=1
D/libc-netbsd(  242): res_queryN name = Jiomifi.local.html, class = 1, type = 28
D/libc-netbsd(  242): res_queryN name = Jiomifi.local.html, class = 1, type = 1
D/libc-netbsd(  242): netid=106, dns0:192.168.0.201
D/libc-netbsd(  242): netid=106, dns1:8.8.8.8
D/libc-netbsd(  242): res_queryN name = Jiomifi.local.html.etutorials.local, class = 1, type = 28
D/libc-netbsd(  242): res_queryN name = Jiomifi.local.html.etutorials.local, class = 1, type = 1
D/FrameworkListener(  242): dispatchCommand data = (getaddrinfo Jiofi.local.html 6666 1024 0 1 6 0)
D/libc-netbsd( 1824): getaddrinfo: Jiomifi.local.html NO result from proxy 
D/libc-netbsd( 1824): [getaddrinfo]: hostname=Jiofi.local.html; servname=6666; cache_mode=(null), netid=0; mark=0
D/libc-netbsd( 1824): [getaddrinfo]: ai_addrlen=0; ai_canonname=(null); ai_flags=1024; ai_family=0
D/libc-netbsd(  242): [getaddrinfo]: hostname=Jiofi.local.html; servname=6666; cache_mode=local, netid=106; mark=917610
D/libc-netbsd(  242): [getaddrinfo]: ai_addrlen=0; ai_canonname=(null); ai_flags=1024; ai_family=0
D/libc-netbsd(  242): default dns: query_ipv6=1, query_ipv4=1
D/libc-netbsd(  242): res_queryN name = Jiofi.local.html, class = 1, type = 28
D/libc-netbsd(  242): res_queryN name = Jiofi.local.html, class = 1, type = 1
D/FrameworkListener(  242): dispatchCommand data = (getaddrinfo Jiodongle.local.html 6666 1024 0 1 6 0)
D/libc-netbsd(  242): netid=106, dns0:192.168.0.201
D/libc-netbsd(  242): netid=106, dns1:8.8.8.8
D/libc-netbsd(  242): res_queryN name = Jiofi.local.html.etutorials.local, class = 1, type = 28
D/libc-netbsd(  242): res_queryN name = Jiofi.local.html.etutorials.local, class = 1, type = 1
D/libc-netbsd( 1824): getaddrinfo: Jiofi.local.html NO result from proxy 
D/libc-netbsd( 1824): [getaddrinfo]: hostname=Jiodongle.local.html; servname=6666; cache_mode=(null), netid=0; mark=0
D/libc-netbsd( 1824): [getaddrinfo]: ai_addrlen=0; ai_canonname=(null); ai_flags=1024; ai_family=0
D/libc-netbsd(  242): [getaddrinfo]: hostname=Jiodongle.local.html; servname=6666; cache_mode=local, netid=106; mark=917610
D/libc-netbsd(  242): [getaddrinfo]: ai_addrlen=0; ai_canonname=(null); ai_flags=1024; ai_family=0
D/libc-netbsd(  242): default dns: query_ipv6=1, query_ipv4=1
D/libc-netbsd(  242): res_queryN name = Jiodongle.local.html, class = 1, type = 28
D/libc-netbsd(  242): res_queryN name = Jiodongle.local.html, class = 1, type = 1
D/libc-netbsd(  242): netid=106, dns0:192.168.0.201
D/libc-netbsd(  242): netid=106, dns1:8.8.8.8
D/libc-netbsd(  242): res_queryN name = Jiodongle.local.html.etutorials.local, class = 1, type = 28
D/libc-netbsd(  242): res_queryN name = Jiodongle.local.html.etutorials.local, class = 1, type = 1
D/libc-netbsd( 1824): getaddrinfo: Jiodongle.local.html NO result from proxy 
E/SensorService(  752): activeConnections...
D/SensorService(  752): SensorService hasOneShotSensors handle:1 mode:0
E/SensorService(  752): activeConnections...
D/SensorService(  752): SensorService hasOneShotSensors handle:1 mode:0
E/SensorService(  752): activeConnections...
D/SensorService(  752): SensorService hasOneShotSensors handle:1 mode:0
V/SettingsInterface( 1417):  from settings cache , name = multi_sim_data_call , value = 1
V/SettingsInterface( 1417):  from settings cache , name = multi_sim_data_call , value = 1
D/NetworkController.MobileSignalController(1)(  875): onSignalStrengthsChanged signalStrength=SignalStrength: 8 99 -120 -160 -120 0 -1 99 2147483647 2147483647 2147483647 2147483647 gsm|lte -332 -397 -62 level=3
V/SettingsInterface( 1417):  from settings cache , name = multi_sim_data_call , value = 1
V/SettingsInterface( 1417):  from settings cache , name = multi_sim_data_call , value = 1
D/NetworkController(  875): mLastSignalLevel = 3; nowLevel = 3
D/NetworkController(  875): mSubscriptionInfo.getSimSlotIndex() = 1 updateTelephonySignalStrength: hasService=true ss=SignalStrength: 8 99 -120 -160 -120 0 -1 99 2147483647 2147483647 2147483647 2147483647 gsm|lte -332 -397 -62 mDataNetType = 10
V/SettingsInterface( 1417):  from settings cache , name = multi_sim_data_call , value = 1
E/SensorService(  752): activeConnections...
D/SensorService(  752): SensorService hasOneShotSensors handle:1 mode:0
W/ActivityManager(  752): getRunningAppProcesses: caller 10111 does not hold REAL_GET_TASKS; limiting output
V/ActivityManager(  752): Broadcast sticky: Intent { act=android.intent.action.SIG_STR flg=0x20000010 (has extras) } ordered=false userid=-1 callerApp=ProcessRecord{1155a311 752:system/1000}
D/NetworkController(  875): mDataState = 0
D/NetworkController(  875): isDirty : false
D/perm_ctrl(  752): bPackagePermEnable pk: com.jio.myjio bFound false
D/perm_ctrl(  752):  isDenied = false
D/perm_ctrl(  752):  isDenied = false
D/perm_ctrl(  752): bPackagePermEnable pk: com.jio.myjio bFound false
D/perm_ctrl(  752):  isDenied = false
D/perm_ctrl(  752):  isDenied = false
V/SettingsInterface( 9536):  from settings cache , name = airplane_mode_on , value = 0
E/SensorService(  752): activeConnections...
D/SensorService(  752): SensorService hasOneShotSensors handle:1 mode:0
E/SensorService(  752): activeConnections...
D/SensorService(  752): SensorService hasOneShotSensors handle:1 mode:0
D/mnl_linux(  263): mtk_gps_sys_nmea_output_to_app: $GPGGA,005903.002,2843.1521,N,07701.9337,E,0,0,,185.9,M,-35.9,M,,*6C
D/mnl_linux(  263): $GPGSA,A,1,,,,,,,,,,,,,99.99,99.99,99.99*30
D/mnl_linux(  263): $GPGSV,1,1,2,18,,,21.0,10,,,23.9*48
D/mnl_linux(  263): $GPRMC,005903.002,V,2843.1521,N,07701.9337,E,0.000,81.66,280417,,,N*7F
D/mnl_linux(  263): $GPVTG,81.66,T,,M,0.000,N,0.000,K,N*0B
D/mnl_linux(  263): $PMTKTSX1,3817756,-17781.801,0.326,41.026,53950000,-1.777477,0.000099,-0.000850,-0.197824,1.654119*59
D/mnl_linux(  263): $GPACCURACY,3162.1*3F
D/gps_mtk (  752): gps_state_thread: line = 3823[trace]count is 7.000000
D/MNLD    (  263): send_cmd_ex: slf_send_cmd (13, 0x30)
D/MNLD    (  263): mtk_gps_sys_gps_mnl_callback: MTK_GPS_MSG_FIX_READY, GET_RTC_OK, 0.066, 2477.011
D/MNLD    (  263): mtk_gps_sys_gps_mnl_callback: Age = 2, RTCDiff = 30, Time_interval = 10
D/PowerManagerService(  752): userActivityFromNative
D/InputReader(  752): AP_PROF:AppLaunch_dispatchPtr:Down:9945188, ID:0, Index:-1348660368
D/PowerManagerService(  752): userActivityNoUpdateLocked: eventTime=9945188, event=2, flags=0x0, uid=1000
D/MNLD    (  263): mtk_gps_sys_gps_mnl_callback: gps_measurement_state = 255 ,state = 2
D/PowerManagerNotifier(  752): onUserActivity: event=2, uid=1000
I/AP_PROF (  752): unable to open /proc/mtprof/status entry
D/PowerManagerService(  752): updateUserActivitySummaryLocked: mWakefulness=Awake, mUserActivitySummary=0x9, nextTimeout=9949688 (in 4497 ms)
D/MNLD    (  263): process: epoll_wait() received 1 events
D/PowerManagerService(  752): mDisplayPowerRequest.policy = 3
D/MNLD    (  263): sigrcv_handler: args from mnld: 48
D/PowerManagerService(  752): isWfdEnabled() false
D/MNLD    (  263): mnl_set_alarm: (0, 0xB6437070, 5)
D/DisplayPowerController(  752): requestPowerState: policy=BRIGHT, useProximitySensor=false, screenBrightness=10, screenAutoBrightnessAdjustment=0.0, useAutoBrightness=false, blockScreenOn=false, lowPowerMode=false, boostScreenBrightness=false, dozeScreenBrightness=-1, dozeScreenState=UNKNOWN, waitForNegativeProximity=false
D/MNLD    (  263): process: sigrc_handler: ret = 0
I/PowerManagerService(  752): setBrightness mButtonLight, screenBrightness=10
I/PerfService(  752): PerfServiceNative_boostEnableAsync:5
D/PowerManagerService(  752): updateDisplayPowerStateLocked: mDisplayReady=true, policy=3, mWakefulness=1, mWakeLockSummary=0x0, mUserActivitySummary=0x9, mBootCompleted=true, mScreenBrightnessBoostInProgress=false
I/libPerfService(  752): 5: set freq: 819000
I/libPerfService(  752): 5: set: 3
D/FeatureProxyBase( 1438): FeatureProxyBase class constructor
D/MultiWindow( 1438): MultiWindowProxy constructor.
D/FeatureProxyBase( 1438): getService(), serviceName = multiwindow_service_v1
V/WallpaperService(  875): Delivering touch event: MotionEvent { action=ACTION_DOWN, id[0]=0, x[0]=416.13306, y[0]=117.86199, toolType[0]=TOOL_TYPE_FINGER, buttonState=0, metaState=0, flags=0x1, edgeFlags=0x0, pointerCount=1, historySize=0, eventTime=9945188, downTime=9945188, deviceId=5, source=0x1002 }
D/Launcher( 1438): WorkspaceAndHotseatParent, dispatchTouchEvent : ev = 0
D/Launcher( 1438): WorkspaceAndHotseatParent, onInterceptTouchEvent : ev = 0
D/Launcher( 1438): Launcher, isEditMode mState:WORKSPACE
I/PagedView( 1438): lilt-test:  PagedView111 onInterceptTouchEvent ACTION_DOWN mTouchState = 0
D/Launcher( 1438): Launcher, isEditMode mState:WORKSPACE
D/InputReader(  752): AP_PROF:AppLaunch_dispatchPtr:Up:9945202, ID:0, Index:-1348658048
I/PerfService(  752): PerfServiceNative_boostDisableAsync:5
I/libPerfService(  752): 5: set: 1
I/libPerfService(  752): 5: set freq: 0
V/WallpaperService(  875): Delivering touch event: MotionEvent { action=ACTION_UP, id[0]=0, x[0]=416.13306, y[0]=117.86199, toolType[0]=TOOL_TYPE_FINGER, buttonState=0, metaState=0, flags=0x1, edgeFlags=0x0, pointerCount=1, historySize=0, eventTime=9945202, downTime=9945188, deviceId=5, source=0x1002 }
D/Launcher( 1438): Launcher.DragController, DragViewDebug : endDrag : mDragging = false
D/Launcher( 1438): WorkspaceAndHotseatParent, dispatchTouchEvent : ev = 1
D/Launcher( 1438): WorkspaceAndHotseatParent, onInterceptTouchEvent : ev = 1
E/SensorService(  752): activeConnections...
D/Launcher( 1438): Launcher, isEditMode mState:WORKSPACE
D/SensorService(  752): SensorService hasOneShotSensors handle:1 mode:0
D/Launcher( 1438): Launcher, isEditMode mState:WORKSPACE
I/PagedView( 1438): lilt-test:  PagedView onInterceptTouchEvent ACTION_CANCEL mTouchState = 0
E/SensorService(  752): activeConnections...
D/SensorService(  752): SensorService hasOneShotSensors handle:1 mode:0
D/Surface ( 1438): Surface::setBuffersDimensions(this=0x9a07b500,w=480,h=854)
D/PerfServiceManager(  752): [PerfService] notifyFrameUpdate - bDuringTouchBoost:true 
I/libPerfService(  752): 7: set freq: 819000
I/libPerfService(  752): 7: set: 3
V/SettingsInterface( 1438):  from settings cache , name = sound_effects_enabled , value = 0
D/Launcher( 1438): Launcher, Click Item: ShortcutInfo(title=Spot Chatintent=Intent { act=android.intent.action.MAIN cat=[android.intent.category.LAUNCHER] flg=0x10200000 cmp=com.delhisoft.spotchat/.MainActivity bnds=[356,46][466,196] }id=1076 type=0 container=-100 screen=7 cellX=3 cellY=0 spanX=1 spanY=1)
D/Launcher( 1438): Launcher, isEditMode mState:WORKSPACE
D/FeatureProxyBase( 1438): FeatureProxyBase class constructor
D/MultiWindow( 1438): MultiWindowProxy constructor.
D/FeatureProxyBase( 1438): getService(), serviceName = multiwindow_service_v1
D/GraphicBuffer( 1438): register, handle(0x9d6e4400) (w:480 h:854 s:480 f:0x1 u:0x000f02)
I/ActivityManager(  752): START u0 {act=android.intent.action.MAIN cat=[android.intent.category.LAUNCHER] flg=0x10200000 cmp=com.delhisoft.spotchat/.MainActivity bnds=[356,46][466,196]} from uid 10000 from pid 1438 on display 0
D/ActivityManager(  752): [BMW] insertTaskAtTop fromHome = true lastStack = ActivityStack{229e5faf stackId=0, 2 tasks} this = ActivityStack{1e400b8e stackId=1, 10 tasks} topTask() = TaskRecord{23f203b4 #11217 A=com.jio.join U=0 sz=0}
D/FeatureProxyBase(  752): FeatureProxyBase class constructor
D/MultiWindow(  752): MultiWindowProxy constructor.
D/FeatureProxyBase(  752): getService(), serviceName = multiwindow_service_v1
D/FeatureProxyBase(  752): FeatureProxyBase class constructor
D/MultiWindow(  752): MultiWindowProxy constructor.
D/FeatureProxyBase(  752): getService(), serviceName = multiwindow_service_v1
D/ActivityManager(  752): [BMW] insertTaskAtTop fromHome = true lastStack = ActivityStack{229e5faf stackId=0, 2 tasks} this = ActivityStack{1e400b8e stackId=1, 11 tasks} topTask() = TaskRecord{1c23666b #11256 A=com.delhisoft.spotchat U=0 sz=0}
I/BufferQueueProducer(  225): [com.gionee.amisystem/com.android.launcher2.Launcher](this:0xb5c55000,id:277,api:1,p:1438,c:225) queueBuffer: fps=0.61 dur=3267.64 max=2742.27 min=525.37
D/FeatureProxyBase(  752): FeatureProxyBase class constructor
D/MultiWindow(  752): MultiWindowProxy constructor.
D/FeatureProxyBase(  752): getService(), serviceName = multiwindow_service_v1
D/FeatureProxyBase(  752): FeatureProxyBase class constructor
D/MultiWindow(  752): MultiWindowProxy constructor.
D/FeatureProxyBase(  752): getService(), serviceName = multiwindow_service_v1
V/WindowManager(  752): addAppToken: AppWindowToken{250ffe47 token=Token{d812586 ActivityRecord{12c647ba u0 com.delhisoft.spotchat/.MainActivity t11256}}} to stack=1 task=11256 at 0
D/FeatureProxyBase(  752): FeatureProxyBase class constructor
D/PowerManagerService(  752): acquireWakeLockInternal: lock=446982549, flags=0x1, tag="ActivityManager-Launch", ws=null, uid=1000, pid=752
D/MultiWindow(  752): MultiWindowProxy constructor.
D/PowerManagerService(  752): updateWakeLockSummaryLocked: mWakefulness=Awake, mWakeLockSummary=0x1
D/FeatureProxyBase(  752): getService(), serviceName = multiwindow_service_v1
I/libPerfService(  752): 1: set: 3
D/PowerManagerService(  752): updateUserActivitySummaryLocked: mWakefulness=Awake, mUserActivitySummary=0x9, nextTimeout=9949688 (in 4447 ms)
D/Surface (  225): Surface::setBuffersDimensions(this=0xb5d25600,w=480,h=854)
D/PowerManagerService(  752): mDisplayPowerRequest.policy = 3
D/PowerManagerService(  752): isWfdEnabled() false
D/DisplayPowerController(  752): requestPowerState: policy=BRIGHT, useProximitySensor=false, screenBrightness=10, screenAutoBrightnessAdjustment=0.0, useAutoBrightness=false, blockScreenOn=false, lowPowerMode=false, boostScreenBrightness=false, dozeScreenBrightness=-1, dozeScreenState=UNKNOWN, waitForNegativeProximity=false
D/FeatureProxyBase(  752): FeatureProxyBase class constructor
I/PowerManagerService(  752): setBrightness mButtonLight, screenBrightness=10
D/MultiWindow(  752): MultiWindowProxy constructor.
D/PowerManagerService(  752): updateDisplayPowerStateLocked: mDisplayReady=true, policy=3, mWakefulness=1, mWakeLockSummary=0x1, mUserActivitySummary=0x9, mBootCompleted=true, mScreenBrightnessBoostInProgress=false
D/FeatureProxyBase(  752): getService(), serviceName = multiwindow_service_v1
D/PowerManagerService(  752): Acquiring suspend blocker "PowerManagerService.WakeLocks".
I/BufferQueueProducer(  225): [FrameBufferSurface_0](this:0xb5c4e400,id:0,api:1,p:225,c:225) queueBuffer: fps=2.18 dur=1376.24 max=946.34 min=49.74
D/PowerManagerNotifier(  752): onWakeLockAcquired: flags=1, tag="ActivityManager-Launch", packageName=android, ownerUid=1000, ownerPid=752, workSource=null
I/SurfaceFlinger(  225): [Built-in Screen (type:0)] fps:2.179879,dur:1376.22,max:946.35,min:49.67
D/FeatureProxyBase(  752): FeatureProxyBase class constructor
E/SensorService(  752): activeConnections...
D/SensorService(  752): SensorService hasOneShotSensors handle:1 mode:0
D/MultiWindow(  752): MultiWindowProxy constructor.
D/FeatureProxyBase(  752): getService(), serviceName = multiwindow_service_v1
V/WindowManager(  752): Changing focus from Window{159d3c5d u0 com.gionee.amisystem/com.android.launcher2.Launcher} to null
D/ViewRootImpl(  752): hardware acceleration is disabled, fakeHwAccelerated = true, HardwareRenderer.sRendererDisabled = false, forceHwAccelerated = false, HardwareRenderer.sSystemRendererDisabled = false, this = ViewRoot{3b66c00c Starting com.delhisoft.spotchat,ident = 29}
V/WindowManager(  752): Adding window Window{2020136a u0 Starting com.delhisoft.spotchat} at 3 of 16 (after Window{159d3c5d u0 com.gionee.amisystem/com.android.launcher2.Launcher})
I/PackageManager(  752): Result set not change, not drop preferred activity for special intent: Intent { act=android.intent.action.MAIN cat=[android.intent.category.HOME] }
I/WindowManager(  752): Losing focus: Window{159d3c5d u0 com.gionee.amisystem/com.android.launcher2.Launcher}
I/BufferQueue(  225): [unnamed-225-278](this:0xb5c55c00,id:278,api:0,p:-1,c:-1) BufferQueue core=(225:/system/bin/surfaceflinger)
I/BufferQueueConsumer(  225): [unnamed-225-278](this:0xb5c55c00,id:278,api:0,p:-1,c:225) connect(C): consumer=(225:/system/bin/surfaceflinger) controlledByApp=false
I/BufferQueueConsumer(  225): [unnamed-225-278](this:0xb5c55c00,id:278,api:0,p:-1,c:225) setConsumerName: unnamed-225-278
I/BufferQueueConsumer(  225): [Starting com.delhisoft.spotchat](this:0xb5c55c00,id:278,api:0,p:-1,c:225) setConsumerName: Starting com.delhisoft.spotchat
I/BufferQueueConsumer(  225): [Starting com.delhisoft.spotchat](this:0xb5c55c00,id:278,api:0,p:-1,c:225) setDefaultBufferSize: width=1 height=1
D/FeatureProxyBase(  752): FeatureProxyBase class constructor
D/MultiWindow(  752): MultiWindowProxy constructor.
D/FeatureProxyBase(  752): getService(), serviceName = multiwindow_service_v1
E/SensorService(  752): activeConnections...
D/SensorService(  752): SensorService hasOneShotSensors handle:1 mode:0
W/ResourceType( 1438): No known package when getting name for resource number 0x9c000000
D/Launcher( 1438): PluginManager, plug=com.gionee.amisystem.weather.WeatherStatusView{a8dbcee V.E..... ........ 0,0-452,150 #7f10011a app:id/container} ,pluginContainerView: com.gionee.plugin.PluginContainerView{3bfe258f V.E...CL ........ 14,8-466,158 #9c000000}methodName: onPause, e: java.lang.NoSuchMethodException: onPause []
D/sbclock3d_DragWidgetLayer( 1438): onPause this: com.gionee.amisystem.weather3d.Weather3dDragWidgetLayer{37817774 V.E..... ......ID 0,0-452,304}
I/BufferQueueConsumer(  225): [Starting com.delhisoft.spotchat](this:0xb5c55c00,id:278,api:0,p:-1,c:225) setDefaultBufferSize: width=480 height=854
D/Surface (  225): Surface::setBuffersDimensions(this=0xb5d25600,w=480,h=854)
D/sbclock3d_WeatherView( 1438): main-> onPause() 
D/GLTextureView( 1438): setVisibility, visibility is:0
D/Launcher( 1438): Launcher, onPause mState=WORKSPACE, mOnResumeState: NONE
D/Launcher( 1438): Launcher.DragController, DragViewDebug : endDrag : mDragging = false
E/SensorService(  752): activeConnections...
D/ActivityThread( 1438): ACT-AM_ON_PAUSE_CALLED ActivityRecord{3ab309c0 token=android.os.BinderProxy@15b3d6f9 {com.gionee.amisystem/com.android.launcher2.Launcher}}
D/Launcher( 1438): Workspace, forceFinishsnapToPageWithEffect isPageMoving: false, mEnableEffect: false, mEffecter.isEnd: false
D/Launcher( 1438): Workspace, forceFinishsnapToPageWithEffect mEnableEffect: false, mEffecter.isEnd: false
D/SensorService(  752): SensorService hasOneShotSensors handle:1 mode:0
D/Launcher( 1438): CrossAirGesture, unRegisterGesture
D/YouJu_SDK.e( 1438): MainHandlerThread-> updateCurrentSession()  lastQuittime = 1493341142514 currentDuration = 3 lastDuration = 0
D/Surface (  752): Surface::connect(this=0xaf8f7600,api=2)
I/BufferQueueProducer(  225): [Starting com.delhisoft.spotchat](this:0xb5c55c00,id:278,api:2,p:752,c:225) connect(P): api=2 producer=(752:system_server) producerControlledByApp=false
I/BufferQueueProducer(  225): [Starting com.delhisoft.spotchat](this:0xb5c55c00,id:278,api:2,p:752,c:225) new GraphicBuffer needed
I/[MALI][Gralloc](  225): usage: 0x933, format: 1 stride: 480 vertical_stride: 854 size: 1639680
D/GraphicBuffer(  225): alloc, handle(0xb5d7e460) (w:480 h:854 s:480 f:0x1 u:0x000933) err(0)
D/GraphicBuffer(  752): register, handle(0xa24de640) (w:480 h:854 s:480 f:0x1 u:0x000933)
D/YouJu_SDK.e( 1438): MainHandlerThread-> updateActivityDuration()  activityName = Launcher duration = 3
E/SensorService(  752): activeConnections...
D/SensorService(  752): SensorService hasOneShotSensors handle:1 mode:0
D/Surface (  225): Surface::setBuffersDimensions(this=0xb5d25600,w=480,h=854)
E/SensorService(  752): activeConnections...
D/SensorService(  752): SensorService hasOneShotSensors handle:1 mode:0
I/art     (32423): Late-enabling -Xcheck:jni
I/ActivityManager(  752): Start proc 32423:com.delhisoft.spotchat/u0a200 for activity com.delhisoft.spotchat/.MainActivity
D/ActivityManager(  752): Delay resumeKeyDispatchingLocked() to avoid deadlock.
D/ActivityThread( 1438): ACT-PAUSE_ACTIVITY handled : 1 / android.os.BinderProxy@15b3d6f9
D/ADB_SERVICES(  285): Adding socket 21 pid 32423 to jdwp process list
I/BufferQueue( 1438): [unnamed-1438-24](this:0x9d458c00,id:24,api:0,p:-1,c:-1) BufferQueue core=(1438:com.gionee.amisystem)
I/BufferQueueConsumer( 1438): [unnamed-1438-24](this:0x9d458c00,id:24,api:0,p:-1,c:1438) connect(C): consumer=(1438:com.gionee.amisystem) controlledByApp=true
I/BufferQueueConsumer( 1438): [unnamed-1438-24](this:0x9d458c00,id:24,api:0,p:-1,c:1438) setConsumerName: unnamed-1438-24
I/BufferQueueConsumer( 1438): [unnamed-1438-24](this:0x9d458c00,id:24,api:0,p:-1,c:1438) setDefaultBufferSize: width=452 height=304
D/sbclock3d_MyStageTextureView( 1438): main-> onSurfaceTextureAvailable() 
D/GLTextureView( 1438): onSurfaceTextureAvailable
I/GLThread( 1438): noticed surfaceView surface acquired tid=219
I/GLThread( 1438): onResume tid=219
I/Main thread( 1438): onResume waiting for !mPaused.
I/GLThread( 1438): mPaused is now false tid=219
D/EglHelper( 1438): start() tid=219
D/MALI    ( 1438): shim_eglCreateContext:506: [MALI] eglCreateContext with display 0x1, context 0x40000002
D/EglHelper( 1438): createContext com.google.android.gles_jni.EGLContextImpl@5f5a8fee tid=219
D/Surface ( 1438): Surface::connect(this=0x9a079900,api=1)
I/BufferQueueProducer( 1438): [unnamed-1438-24](this:0x9d458c00,id:24,api:1,p:1438,c:1438) connect(P): api=1 producer=(1438:com.gionee.amisystem) producerControlledByApp=true
I/BufferQueueProducer( 1438): [unnamed-1438-24](this:0x9d458c00,id:24,api:1,p:1438,c:1438) new GraphicBuffer needed
I/[MALI][Gralloc](  225): usage: 0x702, format: 1 stride: 464 vertical_stride: 304 size: 564224
D/GraphicBuffer(  225): alloc, handle(0xb5433700) (w:452 h:304 s:464 f:0x1 u:0x000702) err(0)
D/GraphicBuffer(  225): free, handle(0xb5c73e80) (w:452 h:304 s:464 f:0x1 u:0x000702)
D/GraphicBuffer( 1438): register, handle(0x9d6e4be0) (w:452 h:304 s:464 f:0x1 u:0x000702)
D/BufferQueueProducer( 1438): [unnamed-1438-24](this:0x9d458c00,id:24,api:1,p:1438,c:1438) cancelBuffer: slot 0
E/SensorService(  752): activeConnections...
I/MaliEGL ( 1438): [Mali]window_type=1, is_framebuffer=0, errnum = 0
D/SensorService(  752): SensorService hasOneShotSensors handle:1 mode:0
I/MaliEGL ( 1438): [Mali]surface->num_buffers=5, surface->num_frames=3, win_min_undequeued=2
I/MaliEGL ( 1438): [Mali]max_allowed_dequeued_buffers=3
D/Surface ( 1438): Surface::setBufferCount(this=0x9a079900,bufferCount=5)
I/BufferQueueProducer( 1438): [unnamed-1438-24](this:0x9d458c00,id:24,api:1,p:1438,c:1438) setBufferCount: count = 5
I/BufferQueueConsumer( 1438): [unnamed-1438-24](this:0x9d458c00,id:24,api:1,p:1438,c:1438) getReleasedBuffers: returning mask 0xffffffffffffffff
D/GraphicBuffer( 1438): unregister, handle(0x9d6e4be0) (w:452 h:304 s:464 f:0x1 u:0x000702)
D/MALI    ( 1438): _egl_make_current:857: [MALI] make current with display 0x1, context 0x40000002, state 0xa0b7d538
D/MALI    ( 1438): _egl_make_current:872: [MALI] Map __dpy 0x1 to dpy 0xb46e3830
D/MALI    ( 1438): _egl_make_current:906: [MALI] Map __ctx 0x40000002 to ctx 0xa111f790
D/Surface ( 1438): Surface::setBuffersDimensions(this=0x9a079900,w=452,h=304)
I/BufferQueueProducer( 1438): [unnamed-1438-24](this:0x9d458c00,id:24,api:1,p:1438,c:1438) new GraphicBuffer needed
I/[MALI][Gralloc](  225): usage: 0x702, format: 1 stride: 464 vertical_stride: 304 size: 564224
D/GraphicBuffer(  225): alloc, handle(0xb5c737c0) (w:452 h:304 s:464 f:0x1 u:0x000702) err(0)
D/GraphicBuffer(  225): free, handle(0xb5433700) (w:452 h:304 s:464 f:0x1 u:0x000702)
D/GraphicBuffer( 1438): register, handle(0x9d6e4be0) (w:452 h:304 s:464 f:0x1 u:0x000702)
W/GLThread( 1438): onSurfaceCreated
D/StageTextureView( 1438): onSurfaceCreated
D/ngin3d  ( 1438): ngin3d version:
D/ngin3d  ( 1438): ChangeId:I814e6f1707458573ceb0af2cc1af25864ba4f446
D/StageTextureView( 1438): PresentationEngine initialize 
D/J3mPresentationEngine( 1438): J3mPresentationEngine initialize
I/J3mPresentationEngine( 1438): Using A3M version: 1.0.0 ()
I/J3mPresentationEngine( 1438): A3M Build Information:
I/J3mPresentationEngine( 1438):    Change-Id: I85a45495c40ea5bdb147e28c40343c1ddabaf94f
I/A3M     ( 1438): shaderprogram.cpp; ShaderProgramCache; 190; Shader program binaries are supported.
I/A3M     ( 1438): shaderprogramloader.cpp; ShaderProgramLoader; 267; Shader program binary caching is enabled.
I/A3M Asset Mgr( 1438): AssetMgrStreamSource a3m#max_pvl.sp$DIFF$SPEC$AMBI$EMISc  could not load from apk/assets folder
I/A3M     ( 1438): shaderprogramloader.cpp; load; 304; Cached shader binary "a3m#max_pvl.sp$DIFF$SPEC$AMBI$EMISc" found
I/A3M     ( 1438): shaderprogramloader.cpp; load; 375; Loaded precompiled shader binary "a3m#max_pvl.sp$DIFF$SPEC$AMBI$EMIS".
I/A3M Asset Mgr( 1438): AssetMgrStreamSource ngin3d#quad.spc  could not load from apk/assets folder
I/A3M     ( 1438): shaderprogramloader.cpp; load; 304; Cached shader binary "ngin3d#quad.spc" found
I/A3M     ( 1438): shaderprogramloader.cpp; load; 375; Loaded precompiled shader binary "ngin3d#quad.sp".
E/SensorService(  752): activeConnections...
D/SensorService(  752): SensorService hasOneShotSensors handle:1 mode:0
D/InputReader(  752): InputReader:: getSwitchState lock 
D/InputReader(  752): InputReader::getStateLocked:: return 
I/libPerfService(  752): perfSetFavorPid - pid:32423, 7ea7
D/PhoneStatusBar(  875): setSystemUiVisibility vis=8600 mask=ffffffff oldVal=8700 newVal=8600 diff=100
D/PhoneStatusBar(  875): hiding the MENU button
V/NetworkStats(  752): setKernelCounterSet uid=10200 set=1
D/ConnectivityService(  752): onUidRulesChanged(uid=10200, uidRules=0)
I/GLConsumer( 1438): [unnamed-1438-24] attachToContext
D/Surface ( 1438): Surface::setBuffersDimensions(this=0x9a07b500,w=480,h=854)
E/SensorService(  752): activeConnections...
D/SensorService(  752): SensorService hasOneShotSensors handle:1 mode:0
D/Launcher( 1438): Launcher, to hiding workspace while window lose focus
D/GraphicBuffer( 1438): register, handle(0x9d496e20) (w:480 h:854 s:480 f:0x1 u:0x000f02)
D/AbsListView( 1438): onWindowFocusChanged: hasWindowFocus=false, this=android.widget.ListView{cf8c3de G.ED.VC. ......I. 0,0-0,0 #7f1004a8 app:id/list_view_widget}
D/AbsListView( 1438): onWindowFocusChanged: hasWindowFocus=false, this=android.widget.ListView{3f0016c4 VFED.VC. ......I. 0,75-314,588 #7f0e035a app:id/events_list}
D/AbsListView( 1438): onWindowFocusChanged: hasWindowFocus=false, this=android.widget.GridView{33e7b0cd VFED.VC. ......I. 0,0-366,45 #7f0f0223 app:id/week_name}
D/AbsListView( 1438): onWindowFocusChanged: hasWindowFocus=false, this=android.widget.GridView{30041df VFED..C. ........ 0,45-366,369 #7f0f0224 app:id/date_view}
D/AbsListView( 1438): onWindowFocusChanged: hasWindowFocus=false, this=android.widget.ListView{188ed2a3 VFED.VC. ......ID 0,72-428,588 #7f100443 app:id/conversation_list}
V/SettingsInterface(32423): invalidate [system]: current 16 != cached 0
D/ActivityManager(  752): getContentProviderImpl: from caller=android.app.ApplicationThreadProxy@350304a4 (pid=32423, userId=0) to get content provider settings cpr=ContentProviderRecord{26c56258 u0 com.android.providers.settings/.SettingsProvider}
D/ActivityManager(  752): getContentProviderImpl: updateLruProcessLocked cpr.proc=ProcessRecord{1155a311 752:system/1000}
D/ActivityThread(32423): hoder:android.app.IActivityManager$ContentProviderHolder@3c682a59,provider,holder.Provider:android.content.ContentProviderProxy@f17561e
V/SettingsProvider(  752): call(system:anr_debugging_mechanism) for 0
D/SettingsProvider(  752): lookupValue table system cache contains Key anr_debugging_mechanism , value = Bundle[{value=1}]
D/Surface (  225): Surface::setBuffersDimensions(this=0xb5d25600,w=480,h=854)
D/MALI    ( 1438): _egl_make_current:857: [MALI] make current with display 0x1, context 0x40000001, state 0xaf828380
D/MALI    ( 1438): _egl_make_current:872: [MALI] Map __dpy 0x1 to dpy 0xb46e3830
D/MALI    ( 1438): _egl_make_current:906: [MALI] Map __ctx 0x40000001 to ctx 0xaf8493d0
I/GLConsumer( 1438): [unnamed-1438-24] detachFromContext
D/GLTextureView( 1438): onSurfaceTextureDestroyed
I/GLThread( 1438): onPause tid=219
I/Main thread( 1438): onPause waiting for mPaused.
E/SensorService(  752): activeConnections...
D/SensorService(  752): SensorService hasOneShotSensors handle:1 mode:0
D/Proxy   (32423): setHttpRequestCheckHandler
D/ActivityThread(32423): BIND_APPLICATION handled : 0 / AppBindData{appInfo=ApplicationInfo{93874cc com.delhisoft.spotchat}}
V/ActivityThread(32423): Handling launch of ActivityRecord{2681315 token=android.os.BinderProxy@135eb62a {com.delhisoft.spotchat/com.delhisoft.spotchat.MainActivity}}
D/Surface (  225): Surface::setBuffersDimensions(this=0xb5d25600,w=480,h=854)
E/SensorService(  752): activeConnections...
D/SensorService(  752): SensorService hasOneShotSensors handle:1 mode:0
V/ActivityThread(32423): ActivityRecord{2681315 token=android.os.BinderProxy@135eb62a {com.delhisoft.spotchat/com.delhisoft.spotchat.MainActivity}}: app=android.app.Application@19de11b8, appName=com.delhisoft.spotchat, pkg=com.delhisoft.spotchat, comp={com.delhisoft.spotchat/com.delhisoft.spotchat.MainActivity}, dir=/data/app/com.delhisoft.spotchat-2/base.apk
D/FeatureProxyBase(32423): FeatureProxyBase class constructor
D/MultiWindow(32423): MultiWindowProxy constructor.
D/FeatureProxyBase(32423): getService(), serviceName = multiwindow_service_v1
I/A3M Asset Mgr( 1438): AssetMgrStreamSource dstBlendAlpha.spc  could not load from apk/assets folder
D/FeatureProxyBase(32423): FeatureProxyBase class constructor
D/MultiWindow(32423): MultiWindowProxy constructor.
I/A3M     ( 1438): shaderprogramloader.cpp; load; 304; Cached shader binary "dstBlendAlpha.spc" found
D/FeatureProxyBase(32423): getService(), serviceName = multiwindow_service_v1
D/FeatureProxyBase(32423): FeatureProxyBase class constructor
D/MultiWindow(32423): MultiWindowProxy constructor.
D/FeatureProxyBase(32423): getService(), serviceName = multiwindow_service_v1
I/A3M     ( 1438): shaderprogramloader.cpp; load; 375; Loaded precompiled shader binary "dstBlendAlpha.sp".
D/Surface (  225): Surface::setBuffersDimensions(this=0xb5d25600,w=480,h=854)
E/SensorService(  752): activeConnections...
D/SensorService(  752): SensorService hasOneShotSensors handle:1 mode:0
D/AALService(  257): enableAALEvent: 0 -> 1
D/AALService(  257): Output backlight = 36/1023, CABC gain = 256
D/AALService(  257): enableAALEvent: 1 -> 0
E/WifiStateMachine(  752):  ConnectedState (when=-3ms what=131155 arg1=30!CMD_RSSI_POLL 30 0 "delhisoft1" 10:be:f5:8a:fd:75 rssi=-22 f=2442 sc=60 link=65 tx=0.6, 0.0, 0.0  rx=0.9 bcn=0 [on:0 tx:0 rx:0 period:3002] from screen [on:0 period:-1307476321] gl hn u24 rssi=-17 ag=0 hr ticks 0,0,0 ls-=0 [56,56,56,56,61] brc=0 lrc=0
E/WifiStateMachine(  752):  L2ConnectedState (when=-5ms what=131155 arg1=30!CMD_RSSI_POLL 30 0 "delhisoft1" 10:be:f5:8a:fd:75 rssi=-22 f=2442 sc=60 link=65 tx=0.6, 0.0, 0.0  rx=0.9 bcn=0 [on:0 tx:0 rx:0 period:1] from screen [on:0 period:-1307476320] gl hn u24 rssi=-17 ag=0 hr ticks 0,0,0 ls-=0 [56,56,56,56,61] brc=0 lrc=0
E/WifiStateMachine(  752):  get link layer stats 0
D/WifiHW  (  752): enter -->wifi_send_command cmd=IFNAME=wlan0 SIGNAL_POLL
D/Surface (  225): Surface::setBuffersDimensions(this=0xb5d25600,w=480,h=854)
D/wpa_supplicant( 1090): wlan0: Control interface command 'SIGNAL_POLL'
E/SensorService(  752): activeConnections...
D/SensorService(  752): SensorService hasOneShotSensors handle:1 mode:0
D/Surface (  225): Surface::setBuffersDimensions(this=0xb5d25600,w=480,h=854)
W/linker  (32423): libwebviewchromium.so: unused DT entry: type 0x6ffffffe arg 0x3cb74
W/linker  (32423): libwebviewchromium.so: unused DT entry: type 0x6fffffff arg 0x3
I/A3M     ( 1438): shaderprogramloader.cpp; load; 295; Precompiled shader binary "mytext.spc" found
D/WifiHW  (  752): leave --> reply=RSSI=-36
D/WifiHW  (  752): LINKSPEED=65
D/WifiHW  (  752): NOISE=9999
D/WifiHW  (  752): FREQUENCY=2442
D/WifiHW  (  752): 
I/WifiStateMachine(  752): fetchRssiLinkSpeedAndFrequencyNative, newRssi:-36, newLinkSpeed:65, SSID:"delhisoft1"
D/MALI    ( 1438): _gles_debug_vreport_to_main_log:1472: glProgramBinaryOES::'binaryFormat' argument was not a valid GLenum for this function. Only supported format is GL_MALI_PROGRAM_BINARY_ARM.
D/WifiStateMachine(  752): mLastSignalLevel:4, newSignalLevel:4
W/MALI    ( 1438): _gles_set_error:93: [WARNING]Mali GLES errorcode: 500
E/A3M     ( 1438): shaderprogram.cpp; create; 309; ShaderProgram binary load failed
E/WifiConfigStore(  752): updateConfiguration freq=2442 BSSID=10:be:f5:8a:fd:75 RSSI=-32 "delhisoft1"WPA_PSK
V/ActivityManager(  752): Broadcast sticky: Intent { act=android.net.wifi.RSSI_CHANGED flg=0x4000010 (has extras) } ordered=false userid=-1 callerApp=ProcessRecord{1155a311 752:system/1000}
I/A3M     ( 1438): shaderprogramloader.cpp; load; 385; Compiled shader from source "mytext.sp".
I/A3M     ( 1438): shaderprogramloader.cpp; load; 397; Wrote compiled shader to file "mytext.spc".
E/SensorService(  752): activeConnections...
D/SensorService(  752): SensorService hasOneShotSensors handle:1 mode:0
D/WifiWatchdogStateMachine(  752): RSSI current: 4 new: -36, 4
D/NetworkController(  875): onReceive: intent=Intent { act=android.net.wifi.RSSI_CHANGED flg=0x4000010 (has extras) }
D/NetworkController(  875): isDirty : false
D/NetworkController.WifiSignalController(  875): Change in state from: connected=true,enabled=true,level=4,inetCondition=1,iconGroup=IconGroup(Wi-Fi Icons),activityIn=false,activityOut=true,rssi=-22,lastModified=04-28 06:29:02,ssid="delhisoft1"
D/NetworkController.WifiSignalController(  875): 	to: connected=true,enabled=true,level=4,inetCondition=1,iconGroup=IconGroup(Wi-Fi Icons),activityIn=false,activityOut=true,rssi=-36,lastModified=04-28 06:29:02,ssid="delhisoft1"
D/ActivityThread( 9536): BDC-Calling onReceive: intent=Intent { act=android.net.wifi.RSSI_CHANGED flg=0x4000010 cmp=com.jio.myjio/.utilities.MyWidgetProvider (has extras) }, receiver=com.jio.myjio.utilities.MyWidgetProvider@1a03198a
D/SignalClusterView(  875): vpn: GONE
D/ActivityThread( 9536): BDC-RECEIVER handled : 0 / ReceiverData{intent=Intent { act=android.net.wifi.RSSI_CHANGED flg=0x4000010 cmp=com.jio.myjio/.utilities.MyWidgetProvider (has extras) } packageName=com.jio.myjio resultCode=-1 resultData=null resultExtras=null}
D/MyWidgetProvider( 9536): onReceive action is: android.net.wifi.RSSI_CHANGED
D/SignalClusterView(  875): wifi: VISIBLE sig=2130837794
D/SignalClusterView(  875): mobile: VISIBLE sig=2130837770 mIsAirPlaneMode=false netType=0 mobileType=2130837751 inout=0 mSubId=0
D/Surface (  225): Surface::setBuffersDimensions(this=0xb5d25600,w=480,h=854)
D/SignalClusterView(  875): DoubleCardTemp=false tm.getSimState(0)=5 tm.getSimState(1)=5
E/SensorService(  752): activeConnections...
D/SensorService(  752): SensorService hasOneShotSensors handle:1 mode:0
D/SignalClusterView(  875): mobile: VISIBLE sig=2130837769 mIsAirPlaneMode=false netType=0 mobileType=2130837752 inout=0 mSubId=1
D/SignalClusterView(  875): DoubleCardTemp=false tm.getSimState(0)=5 tm.getSimState(1)=5
D/Surface (  225): Surface::setBuffersDimensions(this=0xb5d25600,w=480,h=854)
I/Main thread( 1438): onPause waiting for mPaused.
D/SignalClusterView(  875): set VoLTE Icon off
V/SettingsInterface( 1417):  from settings cache , name = multi_sim_data_call , value = 1
E/SensorService(  752): activeConnections...
D/SensorService(  752): SensorService hasOneShotSensors handle:1 mode:0
D/sbclock3d_MyStageTextureView( 1438): GLThread 219-> onSurfaceCreated() 
D/sbclock3d_MyStageTextureView( 1438): GLThread 219-> initSceneView() 
I/Main thread( 1438): onPause waiting for mPaused.
W/GLThread( 1438): onSurfaceChanged(452, 304)
D/MALI    ( 1438): _egl_make_current:857: [MALI] make current with display 0x1, context 0x0, state 0xa0b7d538
D/MALI    ( 1438): _egl_make_current:861: [MALI] make draw buffer NULL
D/MALI    ( 1438): _egl_make_current:866: [MALI] make read buffer NULL
D/MALI    ( 1438): _egl_make_current:872: [MALI] Map __dpy 0x1 to dpy 0xb46e3830
D/MALI    ( 1438): _egl_make_current:906: [MALI] Map __ctx 0x0 to ctx 0x0
D/EglHelper( 1438): mEglDisplay= com.google.android.gles_jni.EGLDisplayImpl@210 mEglSurface= com.google.android.gles_jni.EGLSurfaceImpl@5f58184e mEglContext=com.google.android.gles_jni.EGLContextImpl@5f5a8fee
D/MALI    ( 1438): _egl_make_current:857: [MALI] make current with display 0x1, context 0x40000002, state 0xa0b7d538
D/MALI    ( 1438): _egl_make_current:872: [MALI] Map __dpy 0x1 to dpy 0xb46e3830
D/MALI    ( 1438): _egl_make_current:906: [MALI] Map __ctx 0x40000002 to ctx 0xa111f790
V/StageTextureView( 1438): onSurfaceChanged(width = 452, height = 304)
I/Main thread( 1438): onPause waiting for mPaused.
D/sbclock3d_MyStageTextureView( 1438): GLThread 219-> onSurfaceChanged()  width:452 height:304
D/sbclock3d_WeatherView( 1438): GLThread 219-> setScreenSize() 
D/Surface (  225): Surface::setBuffersDimensions(this=0xb5d25600,w=480,h=854)
D/sbclock3d_WeatherView( 1438): GLThread 219-> setRateToScale() 
D/sbclock3d_WeatherView( 1438): GLThread 219-> setRateToScale() mRatio-0.39583334
D/sbclock3d_WeatherView( 1438): GLThread 219-> setActorScaleToFitDifferentPixel() 
I/Main thread( 1438): onPause waiting for mPaused.
D/Surface (  875): Surface::setBuffersDimensions(this=0xb45d1f00,w=480,h=38)
D/sbclock3d_WeatherView( 1438): GLThread 219-> setCityTextSize() 
D/PerfServiceManager(  752): [PerfService] notifyFrameUpdate - bDuringTouchBoost:true 
I/Main thread( 1438): onPause waiting for mPaused.
D/sbclock3d_WeatherView( 1438): text-Delhiheight:10width:27
D/sbclock3d_WeatherView( 1438): text-height:14width:84
D/sbclock3d_WeatherView( 1438): GLThread 219-> setCityTextSize() newScale-3.1111112
I/Main thread( 1438): onPause waiting for mPaused.
D/sbclock3d_WeatherView( 1438): GLThread 219-> setTextAbsolutePosition() 
I/Main thread( 1438): onPause waiting for mPaused.
D/sbclock3d_WeatherView( 1438): GLThread 219-> getTextWidth() text.getText()-27 len-2 textSize-140.0 scale-0.5620609 width-157.37704
D/sbclock3d_WeatherView( 1438): GLThread 219-> setTemperatureUnitPositionByTemperature() textWidth-157.37704 mTemperatureUnitImage.point-Point:[31.147541, -7.916667, -100.0], isNormalized : false
I/Main thread( 1438): onPause waiting for mPaused.
D/PerfServiceManager(  752): [PerfService] MESSAGE_TIMER_SCN_APP_SWITCH 
I/libPerfService(  752): 1: set: 3
I/libPerfService(  752): 1: set freq: 819000
E/SensorService(  752): activeConnections...
D/SensorService(  752): SensorService hasOneShotSensors handle:1 mode:0
D/Surface (  225): Surface::setBuffersDimensions(this=0xb5d25600,w=480,h=854)
I/WebViewFactory(32423): Loading com.google.android.webview version 57.0.2987.132 (code 298713200)
I/Main thread( 1438): onPause waiting for mPaused.
I/GLThread( 1438): mPaused is now true tid=219
I/GLThread( 1438): releasing EGL surface because paused tid=219
D/EglHelper( 1438): destroySurface()  tid=219
D/MALI    ( 1438): _egl_make_current:857: [MALI] make current with display 0x1, context 0x0, state 0xa0b7d538
D/MALI    ( 1438): _egl_make_current:861: [MALI] make draw buffer NULL
D/MALI    ( 1438): _egl_make_current:866: [MALI] make read buffer NULL
D/MALI    ( 1438): _egl_make_current:872: [MALI] Map __dpy 0x1 to dpy 0xb46e3830
D/MALI    ( 1438): _egl_make_current:906: [MALI] Map __ctx 0x0 to ctx 0x0
D/Surface ( 1438): Surface::disconnect(this=0x9a079900,api=1)
I/BufferQueueProducer( 1438): [unnamed-1438-24](this:0x9d458c00,id:24,api:1,p:-1,c:1438) disconnect(P): api 1
I/BufferQueueConsumer( 1438): [unnamed-1438-24](this:0x9d458c00,id:24,api:1,p:-1,c:1438) getReleasedBuffers: returning mask 0xffffffffffffffff
D/EglHelper( 1438): finish() tid=219
D/MALI    ( 1438): shim_eglDestroyContext:522: [MALI] eglDestroyContext with display 0x1, context 0x40000002
I/GLThread( 1438): releasing EGL context because paused tid=219
D/J3mPresentationEngine( 1438): J3mPresentationEngine uninitialize 
I/Main thread( 1438): surfaceDestroyed waiting for !mWaitingForSurface.
I/GLThread( 1438): noticed surfaceView surface lost tid=219
E/SensorService(  752): activeConnections...
D/SensorService(  752): SensorService hasOneShotSensors handle:1 mode:0
D/Surface (  225): Surface::setBuffersDimensions(this=0xb5d25600,w=480,h=854)
D/OpenGLRenderer( 1438): Flushing caches (mode 0)
I/art     (32423): Rejecting re-init on previously-failed class java.lang.Class<com.android.webview.chromium.TokenBindingManagerAdapter>
D/AALService(  257): enableAALEvent: 0 -> 1
D/Surface ( 1438): Surface::disconnect(this=0x9a07b500,api=1)
I/art     (32423): Rejecting re-init on previously-failed class java.lang.Class<com.android.webview.chromium.TokenBindingManagerAdapter>
D/GraphicBuffer( 1438): unregister, handle(0x9d683640) (w:480 h:854 s:480 f:0x1 u:0x000f02)
D/GraphicBuffer( 1438): unregister, handle(0xa08f7b80) (w:480 h:854 s:480 f:0x1 u:0x000f02)
D/GraphicBuffer( 1438): unregister, handle(0x9d6e4400) (w:480 h:854 s:480 f:0x1 u:0x000f02)
D/GraphicBuffer( 1438): unregister, handle(0x9d496e20) (w:480 h:854 s:480 f:0x1 u:0x000f02)
I/BufferQueueProducer(  225): [com.gionee.amisystem/com.android.launcher2.Launcher](this:0xb5c55000,id:277,api:1,p:-1,c:225) disconnect(P): api 1
D/Surface (  225): Surface::setBuffersDimensions(this=0xb5d25600,w=480,h=854)
E/SensorService(  752): activeConnections...
D/SensorService(  752): SensorService hasOneShotSensors handle:1 mode:0
I/BufferQueueConsumer(  225): [com.gionee.amisystem/com.android.launcher2.Launcher](this:0xb5c55000,id:277,api:1,p:-1,c:225) getReleasedBuffers: returning mask 0xffffffffffffffff
D/GraphicBuffer(  225): free, handle(0xb5433520) (w:480 h:854 s:480 f:0x1 u:0x000f02)
D/GraphicBuffer(  225): free, handle(0xb5c73dc0) (w:480 h:854 s:480 f:0x1 u:0x000f02)
D/GraphicBuffer(  225): free, handle(0xb5c73ac0) (w:480 h:854 s:480 f:0x1 u:0x000f02)
D/OpenGLRenderer( 1438): Flushing caches (mode 0)
I/art     (32423): Rejecting re-init on previously-failed class java.lang.Class<com.android.webview.chromium.ServiceWorkerControllerAdapter>
I/art     (32423): Rejecting re-init on previously-failed class java.lang.Class<com.android.webview.chromium.ServiceWorkerControllerAdapter>
D/Surface (  225): Surface::setBuffersDimensions(this=0xb5d25600,w=480,h=854)
E/SensorService(  752): activeConnections...