D/DisplayPowerController(  752): requestPowerState: policy=BRIGHT, useProximitySensor=false, screenBrightness=10, screenAutoBrightnessAdjustment=0.0, useAutoBrightness=false, blockScreenOn=false, lowPowerMode=false, boostScreenBrightness=false, dozeScreenBrightness=-1, dozeScreenState=UNKNOWN, waitForNegativeProximity=false
I/PowerManagerService(  752): setBrightness mButtonLight, screenBrightness=10
D/PowerManagerService(  752): updateDisplayPowerStateLocked: mDisplayReady=true, policy=3, mWakefulness=1, mWakeLockSummary=0x1, mUserActivitySummary=0x9, mBootCompleted=true, mScreenBrightnessBoostInProgress=false
I/PackageManager(  752): Result set not change, not drop preferred activity for special intent: Intent { act=android.intent.action.MAIN cat=[android.intent.category.HOME] }
D/RecentsTaskLoadPlan(  875): preloadRawTasks, tasks: 1
E/SensorService(  752): activeConnections...
D/SensorService(  752): SensorService hasOneShotSensors handle:1 mode:0
D/DisplayPowerController(  752): getHallStatus
D/AmigoServerManagerService(  752): getNodeState NodeType33
D/AmigoServerManagerService(  752): huqh open file for O_RDONLY failed 
D/DisplayPowerController(  752): hall status = -1
D/DisplayPowerController(  752): isHallOpen: true
D/DisplayPowerController(  752): Animating brightness: target=10, rate=500
D/DisplayPowerController(  752): Finished business...
E/SensorService(  752): activeConnections...
D/SensorService(  752): SensorService hasOneShotSensors handle:1 mode:0
W/ActivityManager(  752): getRunningAppProcesses: caller 10111 does not hold REAL_GET_TASKS; limiting output
E/SensorService(  752): activeConnections...
D/SensorService(  752): SensorService hasOneShotSensors handle:1 mode:0
D/PowerManagerService(  752): releaseWakeLockInternal: lock=874003444 [*vibrator*], flags=0x0, total_time=77ms
D/PowerManagerNotifier(  752): onWakeLockReleased: flags=1, tag="*vibrator*", packageName=android, ownerUid=1000, ownerPid=752, workSource=WorkSource{1000}
D/PowerManagerService(  752): updateWakeLockSummaryLocked: mWakefulness=Awake, mWakeLockSummary=0x1
D/PowerManagerService(  752): updateUserActivitySummaryLocked: mWakefulness=Awake, mUserActivitySummary=0x9, nextTimeout=9945084 (in 4421 ms)
D/PowerManagerService(  752): mDisplayPowerRequest.policy = 3
D/PowerManagerService(  752): isWfdEnabled() false
D/DisplayPowerController(  752): requestPowerState: policy=BRIGHT, useProximitySensor=false, screenBrightness=10, screenAutoBrightnessAdjustment=0.0, useAutoBrightness=false, blockScreenOn=false, lowPowerMode=false, boostScreenBrightness=false, dozeScreenBrightness=-1, dozeScreenState=UNKNOWN, waitForNegativeProximity=false
I/PowerManagerService(  752): setBrightness mButtonLight, screenBrightness=10
D/PowerManagerService(  752): updateDisplayPowerStateLocked: mDisplayReady=true, policy=3, mWakefulness=1, mWakeLockSummary=0x1, mUserActivitySummary=0x9, mBootCompleted=true, mScreenBrightnessBoostInProgress=false
E/SensorService(  752): activeConnections...
D/SensorService(  752): SensorService hasOneShotSensors handle:1 mode:0
E/SensorService(  752): activeConnections...
D/SensorService(  752): SensorService hasOneShotSensors handle:1 mode:0
E/SensorService(  752): activeConnections...
D/SensorService(  752): SensorService hasOneShotSensors handle:1 mode:0
E/WindowManager(  752): CheckKeyEvent state = false
D/fingerunlock(  752): interceptKeyBeforeQueueing ,keyCode =  187, mPowerManager.isInteractive()=true
D/WindowManager(  752): interceptKeyTq keycode=187 interactive=true keyguardActive=false policyFlags=22000002 down =false canceled = false isWakeKey=false mVolumeDownKeyTriggered =false mVolumeUpKeyTriggered =false result = 1 useHapticFeedback = false isInjected = false
D/WindowManager(  752): interceptKeyTi keyCode=187 down=false repeatCount=0 keyguardOn=false mHomePressed=false canceled=false metaState:0
V/SettingsInterface(  752):  from settings cache , name = user_setup_complete , value = 1
V/ActivityManager(  752): Broadcast: Intent { act=android.intent.action.CLOSE_SYSTEM_DIALOGS flg=0x50000010 (has extras) } ordered=false userid=-1 callerApp=null
D/perm_ctrl(  752): Clean all permission messages!
I/PUSH.C.TRACE( 1318): [main(1)][PushService$5.onReceive]CloseSystemDialogReceiver: Intent { act=android.intent.action.CLOSE_SYSTEM_DIALOGS flg=0x50000010 (has extras) }
I/PUSH.C.TRACE( 1318): [main(1)][RegisterNotificationGpeImpl.closeDialog]dialog count: 0
D/Launcher( 1438): Workspace, forceFinishsnapToPageWithEffect isPageMoving: false, mEnableEffect: false, mEffecter.isEnd: false
D/Launcher( 1438): Workspace, forceFinishsnapToPageWithEffect mEnableEffect: false, mEffecter.isEnd: false
I/PackageManager(  752): Result set not change, not drop preferred activity for special intent: Intent { act=android.intent.action.MAIN cat=[android.intent.category.HOME] }
V/SettingsInterface(  875):  from settings cache , name = development_settings_enabled , value = 1
V/SettingsInterface(  875):  from settings cache , name = lock_to_app_enabled , value = null
D/RecentsTaskLoadPlan(  875): preloadPlan
I/PackageManager(  752): Result set not change, not drop preferred activity for special intent: Intent { act=android.intent.action.MAIN cat=[android.intent.category.HOME] }
D/RecentsTaskLoadPlan(  875): preloadRawTasks, tasks: 1
D/WhitList(  875): isLockAppName---com.delhisoft.spotchat
D/RecentsTaskLoadPlan(  875): 	thumbnail:Task.Key: 11255, u: 0, lat: 1493341014657, com.delhisoft.spotchat,nullSpot Chat11255
D/RecentsTaskLoadPlan(  875): executePlan, # tasks: 0, # thumbnails: 0, running task id: 11255
D/RecentsTaskLoadPlan(  875): 	Loading icon: Task.Key: 11255, u: 0, lat: 1493341014657, com.delhisoft.spotchat
W/ResourceType(  875): No package identifier when getting value for resource number 0x00000000
W/PackageManager(  875): Failure retrieving resources for com.delhisoft.spotchat: Resource ID #0x0
E/SensorService(  752): activeConnections...
D/SensorService(  752): SensorService hasOneShotSensors handle:1 mode:0
I/ActivityManager(  752): START u0 {act=com.android.systemui.recents.SHOW_RECENTS flg=0x10804000 cmp=com.android.systemui/.recents.RecentsActivity} from uid 10002 from pid 875 on display 0
D/FeatureProxyBase(  752): FeatureProxyBase class constructor
D/MultiWindow(  752): MultiWindowProxy constructor.
D/FeatureProxyBase(  752): getService(), serviceName = multiwindow_service_v1
D/FeatureProxyBase(  752): FeatureProxyBase class constructor
D/MultiWindow(  752): MultiWindowProxy constructor.
D/FeatureProxyBase(  752): getService(), serviceName = multiwindow_service_v1
D/ActivityManager(  752): [BMW] insertTaskAtTop fromHome = false lastStack = ActivityStack{1e400b8e stackId=1, 11 tasks} this = ActivityStack{229e5faf stackId=0, 2 tasks} topTask() = TaskRecord{27b5529a #11218 A=com.gionee.amisystem U=0 sz=1}
D/FeatureProxyBase(  752): FeatureProxyBase class constructor
D/MultiWindow(  752): MultiWindowProxy constructor.
D/FeatureProxyBase(  752): getService(), serviceName = multiwindow_service_v1
D/FeatureProxyBase(  752): FeatureProxyBase class constructor
D/MultiWindow(  752): MultiWindowProxy constructor.
D/FeatureProxyBase(  752): getService(), serviceName = multiwindow_service_v1
D/FeatureProxyBase(  752): FeatureProxyBase class constructor
D/MultiWindow(  752): MultiWindowProxy constructor.
D/FeatureProxyBase(  752): getService(), serviceName = multiwindow_service_v1
I/libPerfService(  752): 1: set: 3
E/SensorService(  752): activeConnections...
D/SensorService(  752): SensorService hasOneShotSensors handle:1 mode:0
I/BufferQueue(  752): [unnamed-752-55](this:0xaf8b6c00,id:55,api:0,p:-1,c:-1) BufferQueue core=(752:system_server)
I/BufferQueueConsumer(  752): [unnamed-752-55](this:0xaf8b6c00,id:55,api:0,p:-1,c:752) connect(C): consumer=(752:system_server) controlledByApp=false
I/BufferQueueConsumer(  752): [unnamed-752-55](this:0xaf8b6c00,id:55,api:0,p:-1,c:752) setConsumerName: unnamed-752-55
I/BufferQueueConsumer(  752): [ScreenshotClient](this:0xaf8b6c00,id:55,api:0,p:-1,c:752) setConsumerName: ScreenshotClient
D/Surface (  225): Surface::connect(this=0xb5d2f700,api=1)
I/BufferQueueProducer(  752): [ScreenshotClient](this:0xaf8b6c00,id:55,api:1,p:225,c:752) connect(P): api=1 producer=(225:/system/bin/surfaceflinger) producerControlledByApp=false
D/Surface (  225): Surface::setBuffersDimensions(this=0xb5d2f700,w=282,h=446)
I/BufferQueueProducer(  752): [ScreenshotClient](this:0xaf8b6c00,id:55,api:1,p:225,c:752) new GraphicBuffer needed
I/[MALI][Gralloc](  225): usage: 0x80333, format: 1 stride: 288 vertical_stride: 446 size: 513792
D/GraphicBuffer(  225): alloc, handle(0xb5433580) (w:282 h:446 s:288 f:0x1 u:0x080333) err(0)
D/GraphicBuffer(  752): register, handle(0x9940dbe0) (w:282 h:446 s:288 f:0x1 u:0x080333)
D/GraphicBuffer(  225): free, handle(0xb5433580) (w:282 h:446 s:288 f:0x1 u:0x080333)
D/GraphicBuffer(  225): register, handle(0xb5c73b20) (w:282 h:446 s:288 f:0x1 u:0x080333)
D/Surface (  225): Surface::setBuffersDimensions(this=0xb5d25600,w=480,h=854)
D/Surface (  225): Surface::disconnect(this=0xb5d2f700,api=1)
D/GraphicBuffer(  225): unregister, handle(0xb5c73b20) (w:282 h:446 s:288 f:0x1 u:0x080333)
I/BufferQueueProducer(  752): [ScreenshotClient](this:0xaf8b6c00,id:55,api:1,p:-1,c:752) disconnect(P): api 1
I/BufferQueueConsumer(  752): [ScreenshotClient](this:0xaf8b6c00,id:55,api:1,p:-1,c:752) getReleasedBuffers: returning mask 0xffffffffffffffff
I/art     (  752): [heap] RegisterNativeAllocation start bytes:513792
I/art     (  752): [heap] RegisterNativeAllocation RunFinalization time 1
I/art     (  752): [heap] RunFinalization start
I/art     (  752): [heap] RunFinalization end
I/art     (  752): [heap] RegisterNativeAllocation native_bytes_allocated_:0
I/art     (  752): [heap] RegisterNativeAllocation new_native_bytes_allocated:0, native_bytes_allocated_:513792, native_footprint_gc_watermark_:524288, growth_limit_:268435456
I/BufferQueueConsumer(  752): [ScreenshotClient](this:0xaf8b6c00,id:55,api:1,p:-1,c:-1) disconnect(C)
D/GraphicBuffer(  752): unregister, handle(0x9940dbe0) (w:282 h:446 s:288 f:0x1 u:0x080333)
I/BufferQueue(  752): [ScreenshotClient](this:0xaf8b6c00,id:55,api:1,p:-1,c:-1) ~BufferQueueCore
D/PowerManagerService(  752): acquireWakeLockInternal: lock=446982549, flags=0x1, tag="ActivityManager-Launch", ws=null, uid=1000, pid=752
D/PowerManagerService(  752): updateWakeLockSummaryLocked: mWakefulness=Awake, mWakeLockSummary=0x1
D/PowerManagerService(  752): updateUserActivitySummaryLocked: mWakefulness=Awake, mUserActivitySummary=0x9, nextTimeout=9945084 (in 4305 ms)
D/PowerManagerService(  752): mDisplayPowerRequest.policy = 3
D/PowerManagerService(  752): isWfdEnabled() false
D/DisplayPowerController(  752): requestPowerState: policy=BRIGHT, useProximitySensor=false, screenBrightness=10, screenAutoBrightnessAdjustment=0.0, useAutoBrightness=false, blockScreenOn=false, lowPowerMode=false, boostScreenBrightness=false, dozeScreenBrightness=-1, dozeScreenState=UNKNOWN, waitForNegativeProximity=false
D/WebView (32098): setNetworkAvailable=true
I/PowerManagerService(  752): setBrightness mButtonLight, screenBrightness=10
D/PowerManagerService(  752): updateDisplayPowerStateLocked: mDisplayReady=true, policy=3, mWakefulness=1, mWakeLockSummary=0x1, mUserActivitySummary=0x9, mBootCompleted=true, mScreenBrightnessBoostInProgress=false
D/PowerManagerNotifier(  752): onWakeLockAcquired: flags=1, tag="ActivityManager-Launch", packageName=android, ownerUid=1000, ownerPid=752, workSource=null
D/ActivityThread(32098): ACT-AM_ON_PAUSE_CALLED ActivityRecord{2681315 token=android.os.BinderProxy@135eb62a {com.delhisoft.spotchat/com.delhisoft.spotchat.MainActivity}}
D/ActivityThread(32098): ACT-PAUSE_ACTIVITY handled : 3 / android.os.BinderProxy@135eb62a
D/ActivityManager(  752): Delay resumeKeyDispatchingLocked() to avoid deadlock.
D/InputReader(  752): InputReader:: getSwitchState lock 
D/InputReader(  752): InputReader::getStateLocked:: return 
E/SensorService(  752): activeConnections...
D/SensorService(  752): SensorService hasOneShotSensors handle:1 mode:0
V/WindowManager(  752): Changing focus from Window{1adc4ca0 u0 com.delhisoft.spotchat/com.delhisoft.spotchat.MainActivity} to null
I/WindowManager(  752): Losing focus: Window{1adc4ca0 u0 com.delhisoft.spotchat/com.delhisoft.spotchat.MainActivity}
D/GnControlCenter(  875): onReceive actions android.intent.action.CLOSE_SYSTEM_DIALOGS
D/GnControlCenter(  875): go state: %d 0 -> %d 0
D/GnUtil  (  875): set Lock state  0 -> 0  java.lang.Throwable
D/GnUtil  (  875): 	at com.android.systemui.gionee.GnUtil.setLockState(GnUtil.java:58)
D/GnUtil  (  875): 	at com.android.systemui.gionee.cc.GnControlCenter.dismiss(GnControlCenter.java:105)
D/GnUtil  (  875): 	at com.android.systemui.gionee.cc.GnControlCenter$2.onReceive(GnControlCenter.java:123)
D/GnUtil  (  875): 	at android.app.LoadedApk$ReceiverDispatcher$Args.run(LoadedApk.java:907)
D/GnUtil  (  875): 	at android.os.Handler.handleCallback(Handler.java:815)
D/GnUtil  (  875): 	at android.os.Handler.dispatchMessage(Handler.java:104)
D/GnUtil  (  875): 	at android.os.Looper.loop(Looper.java:194)
D/GnUtil  (  875): 	at android.app.ActivityThread.main(ActivityThread.java:5631)
D/GnUtil  (  875): 	at java.lang.reflect.Method.invoke(Native Method)
D/GnUtil  (  875): 	at java.lang.reflect.Method.invoke(Method.java:372)
D/GnUtil  (  875): 	at com.android.internal.os.ZygoteInit$MethodAndArgsCaller.run(ZygoteInit.java:959)
D/GnUtil  (  875): 	at com.android.internal.os.ZygoteInit.main(ZygoteInit.java:754)
V/PhoneStatusBar(  875): onReceive: Intent { act=android.intent.action.CLOSE_SYSTEM_DIALOGS flg=0x50000010 (has extras) }
D/PhoneStatusBar(  875): animateCollapse(): mExpandedVisible=false flags=2
D/crtestK (  875): applyKeyguardFlags, state.keyguardShowing = false
D/crtestK (  875): applyKeyguardFlags, state.isShowWallpaper = false
V/ActivityThread(32098): Finishing stop of ActivityRecord{2681315 token=android.os.BinderProxy@135eb62a {com.delhisoft.spotchat/com.delhisoft.spotchat.MainActivity}}: show=false win=com.android.internal.policy.impl.PhoneWindow@15b3d6f9
V/PanelView(  875): setExpandedHeight(0.0)
V/PanelBar(  875): panelExpansionChanged: start state=0 panel=null
V/PanelBar(  875): panelExpansionChanged: end state=0 [ fullyClosed ]
V/PanelBar(  875): panelExpansionChanged: start state=0 panel=null
V/PanelBar(  875): panelExpansionChanged: end state=0 [ fullyClosed ]
V/PanelBar(  875): collapseAllPanels: animate=true waiting=false
V/ActivityThread(  875): Performing resume of ActivityRecord{2988534f token=android.os.BinderProxy@3687badc {com.android.systemui/com.android.systemui.recents.RecentsActivity}}
V/PhoneWindow(32098): DecorView setVisiblity: visibility = 4 ,Parent =ViewRoot{10e0bff5 com.delhisoft.spotchat/com.delhisoft.spotchat.MainActivity,ident = 0}, this =com.android.internal.policy.impl.PhoneWindow$DecorView{3366492c I.E..... R....... 0,0-480,854}
D/ActivityThread(32098): ACT-STOP_ACTIVITY_HIDE handled : 0 / android.os.BinderProxy@135eb62a
D/ConnectivityService(  752): onUidRulesChanged(uid=10200, uidRules=0)
V/NetworkStats(  752): setKernelCounterSet uid=10200 set=0
D/MALI    (32098): _egl_make_current:857: [MALI] make current with display 0x1, context 0x40000001, state 0xaf9358d0
D/MALI    (32098): _egl_make_current:872: [MALI] Map __dpy 0x1 to dpy 0xb46e3830
D/MALI    (32098): _egl_make_current:906: [MALI] Map __ctx 0x40000001 to ctx 0xaf969c40
D/OpenGLRenderer(32098): Flushing caches (mode 0)
E/WifiTrafficPoller(  752): TRAFFIC_STATS_POLL true Token 119 num clients 13
D/Surface (32098): Surface::disconnect(this=0xb45cee00,api=1)
D/GraphicBuffer(32098): unregister, handle(0xaf9723a0) (w:480 h:854 s:480 f:0x1 u:0x000f02)
E/WifiTrafficPoller(  752):  packet count Tx=20466 Rx=37512
D/GraphicBuffer(32098): unregister, handle(0xa2035dc0) (w:480 h:854 s:480 f:0x1 u:0x000f02)
D/GraphicBuffer(32098): unregister, handle(0xa20a82e0) (w:480 h:854 s:480 f:0x1 u:0x000f02)
D/GraphicBuffer(32098): unregister, handle(0xaf900880) (w:480 h:854 s:480 f:0x1 u:0x000f02)
I/BufferQueueProducer(  225): [com.delhisoft.spotchat/com.delhisoft.spotchat.MainActivity](this:0xb5c5f800,id:274,api:1,p:-1,c:225) disconnect(P): api 1
I/BufferQueueConsumer(  225): [com.delhisoft.spotchat/com.delhisoft.spotchat.MainActivity](this:0xb5c5f800,id:274,api:1,p:-1,c:225) getReleasedBuffers: returning mask 0xffffffffffffffff
D/GraphicBuffer(  225): free, handle(0xb5433460) (w:480 h:854 s:480 f:0x1 u:0x000f02)
D/GraphicBuffer(  225): free, handle(0xb5433400) (w:480 h:854 s:480 f:0x1 u:0x000f02)
D/GraphicBuffer(  225): free, handle(0xb5433520) (w:480 h:854 s:480 f:0x1 u:0x000f02)
D/OpenGLRenderer(32098): Flushing caches (mode 0)
E/SensorService(  752): activeConnections...
I/PackageManager(  752): Result set not change, not drop preferred activity for special intent: Intent { act=android.intent.action.MAIN cat=[android.intent.category.HOME] }
D/SensorService(  752): SensorService hasOneShotSensors handle:1 mode:0
D/RecentsTaskLoadPlan(  875): executePlan, # tasks: 1, # thumbnails: 1, running task id: 11255
D/RecentsTaskLoadPlan(  875): 	Loading thumbnail: Task.Key: 11255, u: 0, lat: 1493341014657, com.delhisoft.spotchat
D/OpenGLRenderer(32098): Flushing caches (mode 1)
D/OpenGLRenderer(32098): [TaskMgr] 0xaf89d460 stop
W/libutils.threads(32098): Thread (this=0xaf9007c0): getTid() is undefined before run()
D/OpenGLRenderer(32098): [TaskMgr] Exit thread hwuiTask1 (-1)
W/libutils.threads(32098): Thread (this=0xaf900820): getTid() is undefined before run()
D/OpenGLRenderer(32098): [TaskMgr] Exit thread hwuiTask2 (-1)
D/OpenGLRenderer(32098): PathCache::clear count = 0
D/RecentsActivity(  875): updateRecentsTasks hasTasks = true
V/SettingsInterface(  875):  from settings cache , name = amigo_powermode , value = 0
D/Surface (  225): Surface::setBuffersDimensions(this=0xb5d25600,w=480,h=854)
V/SettingsInterface(  875):  from settings cache , name = amigo_powermode , value = 0
D/AppWidgetHost(  875): createView appWidgetId 71
D/AppWidgetHost(  875): createView mViews put com.android.systemui.recents.RecentsAppWidgetHost@3443a8c8
V/AmigoAppWidgetContext(  875): package name: com.google.android.googlequicksearchbox
E/SensorService(  752): activeConnections...
D/SensorService(  752): SensorService hasOneShotSensors handle:1 mode:0
V/ActivityManager(  752): Broadcast: Intent { act=android.appwidget.action.APPWIDGET_UPDATE_OPTIONS flg=0x10 cmp=com.google.android.googlequicksearchbox/.SearchWidgetProvider (has extras) } ordered=false userid=0 callerApp=ProcessRecord{1155a311 752:system/1000}
V/SettingsInterface(  875):  from settings cache , name = amigo_powermode , value = 0
D/ActivityThread(26101): BDC-Calling onReceive: intent=Intent { act=android.appwidget.action.APPWIDGET_UPDATE_OPTIONS flg=0x10 cmp=com.google.android.googlequicksearchbox/.SearchWidgetProvider (has extras) }, receiver=com.google.android.googlequicksearchbox.SearchWidgetProvider@c192be8
V/SettingsInterface(  875):  from settings cache , name = amigo_powermode , value = 0
V/SettingsInterface(  875):  from settings cache , name = recentapps_clear_open , value = null
D/SensorService(  752): BatteryService::enableSensor handle:1 
D/SensorService(  752): Calling batch handle==1 flags=0rate=66667000 timeout== 0
D/SensorService(  752): SensorDevice::batch: ident=0x9ff1f270, handle=0x00000001, flags=0, period_ns=66667000 timeout=0
D/SensorService(  752): 	>>> curr_period=20000000 min_period=20000000 curr_timeout=0 min_timeout=0
D/SensorService(  752): Calling activate on 1
D/SensorService(  752): SensorDevice::activate: ident=0x9ff1f270, handle=0x00000001, enabled=1, count=2
D/SensorService(  752): enable index=1
D/SensorService(  752): 	>>> actuating h/w setDelay 1 20000000
E/Sensors (  752): handleToDriver handle(0)
D/Accel   (  752): setDelay: (handle=0, ns=20000000)
D/Accel   (  752): no ACC setDelay control attr 
E/Sensors (  752): new setDelay handle(0),ns(20000000)m, error(-1), index(2)
E/Sensors (  752): new setDelay handle(0),ns(20000000) err! go to hwmsen
D/Hwmsen_sensors(  752): setDelay: (handle=0, ns=20000000)
D/Hwmsen_sensors(  752): setDelay: (what=0, ms=20)
D/Hwmsen_sensors(  752): really setDelay: (what=0, ms=20)
D/ActivityThread(  875): ACT-AM_ON_RESUME_CALLED ActivityRecord{2988534f token=android.os.BinderProxy@3687badc {com.android.systemui/com.android.systemui.recents.RecentsActivity}}
V/ActivityThread(  875): Resume ActivityRecord{2988534f token=android.os.BinderProxy@3687badc {com.android.systemui/com.android.systemui.recents.RecentsActivity}} started activity: false, hideForNow: false, finished: false
V/ActivityThread(  875): Resuming ActivityRecord{2988534f token=android.os.BinderProxy@3687badc {com.android.systemui/com.android.systemui.recents.RecentsActivity}} with isForward=true
D/FeatureProxyBase(  875): FeatureProxyBase class constructor
D/MultiWindow(  875): MultiWindowProxy constructor.
D/FeatureProxyBase(  875): getService(), serviceName = multiwindow_service_v1
V/PhoneWindow(  875): DecorView setVisiblity: visibility = 0 ,Parent =ViewRoot{8ad7455 com.android.systemui/com.android.systemui.recents.RecentsActivity,ident = 6}, this =com.android.internal.policy.impl.PhoneWindow$DecorView{3a1d930c V.E..... R.....ID 0,0-480,854}
V/ActivityThread(  875): Scheduling idle handler for ActivityRecord{2988534f token=android.os.BinderProxy@3687badc {com.android.systemui/com.android.systemui.recents.RecentsActivity}}
D/ActivityThread(  875): ACT-RESUME_ACTIVITY handled : 1 / android.os.BinderProxy@3687badc
D/SensorService(  752): cleanupWithoutDisableLocked handle:1 
D/SensorService(  752): removeSensor>0 handle:1 
D/SensorService(  752): removeSensor>0 
D/SensorService(  752): BatteryService::disableSensor handle:1 
D/SensorService(  752): hasAnySensor false
D/SensorService(  752): SensorDevice::activate: ident=0x9ff1f270, handle=0x00000001, enabled=0, count=2
D/SensorService(  752): disable index=1
D/SensorService(  752): 	>>> actuating h/w setDelay 1 20000000
E/Sensors (  752): handleToDriver handle(0)
D/Accel   (  752): setDelay: (handle=0, ns=20000000)
D/Accel   (  752): no ACC setDelay control attr 
E/Sensors (  752): new setDelay handle(0),ns(20000000)m, error(-1), index(2)
E/Sensors (  752): new setDelay handle(0),ns(20000000) err! go to hwmsen
D/Hwmsen_sensors(  752): setDelay: (handle=0, ns=20000000)
D/Hwmsen_sensors(  752): setDelay: (what=0, ms=20)
D/Hwmsen_sensors(  752): really setDelay: (what=0, ms=20)
D/SensorService(  752): ~SensorEventConnection(0x9ff1f270)
D/SensorService(  752): 1 active sensors
D/SensorService(  752): removing connection 0x9ff1f270 for sensor[0].handle=0x00000001
I/PackageManager(  752): Result set not change, not drop preferred activity for special intent: Intent { act=android.intent.action.MAIN cat=[android.intent.category.HOME] }
E/SensorService(  752): activeConnections...
D/SensorService(  752): SensorService hasOneShotSensors handle:1 mode:0
V/SettingsInterface(  875):  from settings cache , name = recentapps_clear_open , value = null
D/SensorService(  752): BatteryService::enableSensor handle:1 
D/SensorService(  752): Calling batch handle==1 flags=0rate=66667000 timeout== 0
D/SensorService(  752): SensorDevice::batch: ident=0x9fd14b70, handle=0x00000001, flags=0, period_ns=66667000 timeout=0
D/SensorService(  752): 	>>> curr_period=20000000 min_period=20000000 curr_timeout=0 min_timeout=0
D/SensorService(  752): Calling activate on 1
D/SensorService(  752): SensorDevice::activate: ident=0x9fd14b70, handle=0x00000001, enabled=1, count=2
D/SensorService(  752): enable index=1
D/SensorService(  752): 	>>> actuating h/w setDelay 1 20000000
E/Sensors (  752): handleToDriver handle(0)
D/Accel   (  752): setDelay: (handle=0, ns=20000000)
D/Accel   (  752): no ACC setDelay control attr 
E/Sensors (  752): new setDelay handle(0),ns(20000000)m, error(-1), index(2)
E/Sensors (  752): new setDelay handle(0),ns(20000000) err! go to hwmsen
D/Hwmsen_sensors(  752): setDelay: (handle=0, ns=20000000)
D/Hwmsen_sensors(  752): setDelay: (what=0, ms=20)
D/Hwmsen_sensors(  752): really setDelay: (what=0, ms=20)
D/ActivityThread(  875): ACT-NEW_INTENT handled : 0 / NewIntentData{intents=[Intent { act=com.android.systemui.recents.SHOW_RECENTS flg=0x10c04000 cmp=com.android.systemui/.recents.RecentsActivity }] token=android.os.BinderProxy@3687badc}
D/StatusBar(  875): closing search panel
V/SettingsInterface( 1417):  from settings cache , name = pdp_watchdog_poll_interval_ms , value = null
D/Surface (  875): Surface::setBuffersDimensions(this=0xb45d1f00,w=480,h=38)
V/SettingsInterface(  875):  from settings cache , name = amigo_powermode , value = 0
D/PerfServiceManager(  752): [PerfService] notifyFrameUpdate - bDuringTouchBoost:false 
V/SettingsInterface(  875):  from settings cache , name = amigo_powermode , value = 0
D/WhitList(  875): isLockAppName---com.delhisoft.spotchat
D/ActivityThread(26101): BDC-RECEIVER handled : 0 / ReceiverData{intent=Intent { act=android.appwidget.action.APPWIDGET_UPDATE_OPTIONS flg=0x10 cmp=com.google.android.googlequicksearchbox/.SearchWidgetProvider (has extras) } packageName=com.google.android.googlequicksearchbox resultCode=-1 resultData=null resultExtras=null}
I/PackageManager(  752): Result set not change, not drop preferred activity for special intent: Intent { act=android.intent.action.MAIN cat=[android.intent.category.HOME] }
I/BufferQueue(  225): [unnamed-225-275](this:0xb5c61000,id:275,api:0,p:-1,c:-1) BufferQueue core=(225:/system/bin/surfaceflinger)
I/BufferQueueConsumer(  225): [unnamed-225-275](this:0xb5c61000,id:275,api:0,p:-1,c:225) connect(C): consumer=(225:/system/bin/surfaceflinger) controlledByApp=false
I/BufferQueueConsumer(  225): [unnamed-225-275](this:0xb5c61000,id:275,api:0,p:-1,c:225) setConsumerName: unnamed-225-275
I/BufferQueueConsumer(  225): [com.android.systemui/com.android.systemui.recents.RecentsActivity](this:0xb5c61000,id:275,api:0,p:-1,c:225) setConsumerName: com.android.systemui/com.android.systemui.recents.RecentsActivity
I/BufferQueueConsumer(  225): [com.android.systemui/com.android.systemui.recents.RecentsActivity](this:0xb5c61000,id:275,api:0,p:-1,c:225) setDefaultBufferSize: width=480 height=854
D/FeatureProxyBase(  752): FeatureProxyBase class constructor
D/MultiWindow(  752): MultiWindowProxy constructor.
D/FeatureProxyBase(  752): getService(), serviceName = multiwindow_service_v1
V/WindowManager(  752): Changing focus from null to Window{30a8824f u0 com.android.systemui/com.android.systemui.recents.RecentsActivity}
I/WindowManager(  752): Gaining focus: Window{30a8824f u0 com.android.systemui/com.android.systemui.recents.RecentsActivity}
D/OpenGLRenderer(  875): CanvasContext() 0xaf883240 initialize 0x99873508
V/SettingsInterface(  875):  from settings cache , name = amigo_powermode , value = 0
D/Surface (  875): Surface::connect(this=0x99873500,api=1)
I/BufferQueueProducer(  225): [com.android.systemui/com.android.systemui.recents.RecentsActivity](this:0xb5c61000,id:275,api:1,p:875,c:225) connect(P): api=1 producer=(875:com.android.systemui) producerControlledByApp=true
E/SensorService(  752): activeConnections...
D/SensorService(  752): SensorService hasOneShotSensors handle:1 mode:0
E/SensorService(  752): activeConnections...
D/RecentsActivity(  875): angel = -270 mAngle = 267
D/SensorService(  752): SensorService hasOneShotSensors handle:1 mode:0
D/AppWidgetHost(  875): updateAppWidgetView HANDLE_UPDATE 
D/AppWidgetHost(  875): updateAppWidgetView appWidgetId 71 com.android.systemui.recents.RecentsAppWidgetHost@3443a8c8
V/AmigoAppWidgetContext(  875): package name: com.google.android.googlequicksearchbox
I/BufferQueueProducer(  225): [com.android.systemui/com.android.systemui.recents.RecentsActivity](this:0xb5c61000,id:275,api:1,p:875,c:225) new GraphicBuffer needed
I/[MALI][Gralloc](  225): usage: 0xf02, format: 1 stride: 480 vertical_stride: 854 size: 1639680
D/GraphicBuffer(  225): alloc, handle(0xb5433580) (w:480 h:854 s:480 f:0x1 u:0x000f02) err(0)
D/GraphicBuffer(  875): register, handle(0x9d4c9400) (w:480 h:854 s:480 f:0x1 u:0x000f02)
D/BufferQueueProducer(  225): [com.android.systemui/com.android.systemui.recents.RecentsActivity](this:0xb5c61000,id:275,api:1,p:875,c:225) cancelBuffer: slot 0
I/MaliEGL (  875): [Mali]window_type=1, is_framebuffer=0, errnum = 0
I/MaliEGL (  875): [Mali]surface->num_buffers=4, surface->num_frames=3, win_min_undequeued=1
I/MaliEGL (  875): [Mali]max_allowed_dequeued_buffers=3
D/Surface (  875): Surface::setBufferCount(this=0x99873500,bufferCount=4)
I/BufferQueueProducer(  225): [com.android.systemui/com.android.systemui.recents.RecentsActivity](this:0xb5c61000,id:275,api:1,p:875,c:225) setBufferCount: count = 4
D/GraphicBuffer(  225): free, handle(0xb5433580) (w:480 h:854 s:480 f:0x1 u:0x000f02)
I/BufferQueueConsumer(  225): [com.android.systemui/com.android.systemui.recents.RecentsActivity](this:0xb5c61000,id:275,api:1,p:875,c:225) getReleasedBuffers: returning mask 0xffffffffffffffff
D/GraphicBuffer(  875): unregister, handle(0x9d4c9400) (w:480 h:854 s:480 f:0x1 u:0x000f02)
D/MALI    (  875): _egl_make_current:857: [MALI] make current with display 0x1, context 0x40000001, state 0xaf828880
D/MALI    (  875): _egl_make_current:872: [MALI] Map __dpy 0x1 to dpy 0xb46e3830
D/MALI    (  875): _egl_make_current:906: [MALI] Map __ctx 0x40000001 to ctx 0xaf849740
D/Surface (  875): Surface::setBuffersDimensions(this=0x99873500,w=480,h=854)
I/BufferQueueProducer(  225): [com.android.systemui/com.android.systemui.recents.RecentsActivity](this:0xb5c61000,id:275,api:1,p:875,c:225) new GraphicBuffer needed
I/[MALI][Gralloc](  225): usage: 0xf02, format: 1 stride: 480 vertical_stride: 854 size: 1639680
D/GraphicBuffer(  225): alloc, handle(0xb54332e0) (w:480 h:854 s:480 f:0x1 u:0x000f02) err(0)
D/GraphicBuffer(  875): register, handle(0x9d4c9400) (w:480 h:854 s:480 f:0x1 u:0x000f02)
D/Surface (  225): Surface::setBuffersDimensions(this=0xb5d25600,w=480,h=854)
D/Surface (  875): Surface::allocateBuffers(this=0x99873500)
D/BufferQueueProducer(  225): [com.android.systemui/com.android.systemui.recents.RecentsActivity](this:0xb5c61000,id:275,api:1,p:875,c:225) allocateBuffers: allocating from 1 buffers up to 4 buffers
I/[MALI][Gralloc](  225): usage: 0xf02, format: 1 stride: 480 vertical_stride: 854 size: 1639680
D/GraphicBuffer(  225): alloc, handle(0xb5433580) (w:480 h:854 s:480 f:0x1 u:0x000f02) err(0)
I/[MALI][Gralloc](  225): usage: 0xf02, format: 1 stride: 480 vertical_stride: 854 size: 1639680
D/GraphicBuffer(  225): alloc, handle(0xb5433640) (w:480 h:854 s:480 f:0x1 u:0x000f02) err(0)
I/[MALI][Gralloc](  225): usage: 0xf02, format: 1 stride: 480 vertical_stride: 854 size: 1639680
D/GraphicBuffer(  225): alloc, handle(0xb5433700) (w:480 h:854 s:480 f:0x1 u:0x000f02) err(0)
D/BufferQueueProducer(  225): [com.android.systemui/com.android.systemui.recents.RecentsActivity](this:0xb5c61000,id:275,api:1,p:875,c:225) allocateBuffers: allocating from 4 buffers up to 4 buffers
D/PhoneStatusBar(  875): setSystemUiVisibility vis=8700 mask=ffffffff oldVal=c600 newVal=8700 diff=4100
D/PhoneStatusBar(  875): hiding the MENU button
V/InputMethodManager(  875): onWindowFocus: null softInputMode=288 first=true flags=#81910100
V/InputMethodManager(  875): START INPUT: com.android.internal.policy.impl.PhoneWindow$DecorView{3a1d930c V.E..... R.....ID 0,0-480,854} ic=null tba=android.view.inputmethod.EditorInfo@33c5780e controlFlags=#104
V/InputMethodManagerService(  752): windowGainedFocus: android.os.BinderProxy@15099e8 controlFlags=#104 softInputMode=#120 windowFlags=#81910100
V/SettingsInterface(  875):  from settings cache , name = amigo_powermode , value = 0
V/SettingsInterface(  875):  from settings cache , name = amigo_powermode , value = 0
V/SettingsInterface(  875):  from settings cache , name = amigo_powermode , value = 0
E/SensorService(  752): activeConnections...
D/SensorService(  752): SensorService hasOneShotSensors handle:1 mode:0
E/SensorService(  752): activeConnections...
D/SensorService(  752): SensorService hasOneShotSensors handle:1 mode:0
D/OpenGLRenderer(  875): [TaskMgr] Running thread hwuiTask1 (32410)
D/OpenGLRenderer(  875): [TaskMgr] Running thread hwuiTask2 (32411)
D/Surface (  225): Surface::setBuffersDimensions(this=0xb5d25600,w=480,h=854)
V/WallpaperService(  875): Visibility change in com.android.systemui.ImageWallpaper$DrawableEngine@3bec09dc: 1
V/WallpaperService(  875): onVisibilityChanged(true): com.android.systemui.ImageWallpaper$DrawableEngine@3bec09dc
V/WallpaperService(  875): Offsets change in com.android.systemui.ImageWallpaper$DrawableEngine@3bec09dc: 0.0,0.0
D/PowerManagerService(  752): releaseWakeLockInternal: lock=446982549 [ActivityManager-Launch], flags=0x0, total_time=116ms
D/PowerManagerNotifier(  752): onWakeLockReleased: flags=1, tag="ActivityManager-Launch", packageName=android, ownerUid=1000, ownerPid=752, workSource=null
D/PowerManagerService(  752): updateWakeLockSummaryLocked: mWakefulness=Awake, mWakeLockSummary=0x1
D/PowerManagerService(  752): updateUserActivitySummaryLocked: mWakefulness=Awake, mUserActivitySummary=0x9, nextTimeout=9945084 (in 4188 ms)
D/PowerManagerService(  752): mDisplayPowerRequest.policy = 3
D/PowerManagerService(  752): isWfdEnabled() false
D/DisplayPowerController(  752): requestPowerState: policy=BRIGHT, useProximitySensor=false, screenBrightness=10, screenAutoBrightnessAdjustment=0.0, useAutoBrightness=false, blockScreenOn=false, lowPowerMode=false, boostScreenBrightness=false, dozeScreenBrightness=-1, dozeScreenState=UNKNOWN, waitForNegativeProximity=false
I/PowerManagerService(  752): setBrightness mButtonLight, screenBrightness=10
D/PowerManagerService(  752): updateDisplayPowerStateLocked: mDisplayReady=true, policy=3, mWakefulness=1, mWakeLockSummary=0x1, mUserActivitySummary=0x9, mBootCompleted=true, mScreenBrightnessBoostInProgress=false
I/BufferQueue(  225): [unnamed-225-276](this:0xb5c5e000,id:276,api:0,p:-1,c:-1) BufferQueue core=(225:/system/bin/surfaceflinger)
I/BufferQueueConsumer(  225): [unnamed-225-276](this:0xb5c5e000,id:276,api:0,p:-1,c:225) connect(C): consumer=(225:/system/bin/surfaceflinger) controlledByApp=false
I/BufferQueueConsumer(  225): [unnamed-225-276](this:0xb5c5e000,id:276,api:0,p:-1,c:225) setConsumerName: unnamed-225-276
I/BufferQueueConsumer(  225): [thumbnail anim](this:0xb5c5e000,id:276,api:0,p:-1,c:225) setConsumerName: thumbnail anim
I/BufferQueueConsumer(  225): [thumbnail anim](this:0xb5c5e000,id:276,api:0,p:-1,c:225) setDefaultBufferSize: width=405 height=75
D/Surface (  752): Surface::connect(this=0xb45ca800,api=2)
I/BufferQueueProducer(  225): [thumbnail anim](this:0xb5c5e000,id:276,api:2,p:752,c:225) connect(P): api=2 producer=(752:system_server) producerControlledByApp=false
I/BufferQueueProducer(  225): [thumbnail anim](this:0xb5c5e000,id:276,api:2,p:752,c:225) new GraphicBuffer needed
I/[MALI][Gralloc](  225): usage: 0x933, format: 1 stride: 416 vertical_stride: 75 size: 124800
D/GraphicBuffer(  225): alloc, handle(0xb5433760) (w:405 h:75 s:416 f:0x1 u:0x000933) err(0)
D/GraphicBuffer(  752): register, handle(0xa24de640) (w:405 h:75 s:416 f:0x1 u:0x000933)
D/FeatureProxyBase(  752): FeatureProxyBase class constructor
D/MultiWindow(  752): MultiWindowProxy constructor.
D/FeatureProxyBase(  752): getService(), serviceName = multiwindow_service_v1
E/SensorService(  752): activeConnections...
D/SensorService(  752): SensorService hasOneShotSensors handle:1 mode:0
E/SensorService(  752): activeConnections...
D/SensorService(  752): SensorService hasOneShotSensors handle:1 mode:0
V/ActivityManager(  752): Broadcast: Intent { act=action_start_enter_animation flg=0x14000010 pkg=com.android.systemui } ordered=true userid=-2 callerApp=ProcessRecord{1e14ad27 875:com.android.systemui/u0a2}
D/Surface (  225): Surface::setBuffersDimensions(this=0xb5d25600,w=480,h=854)
D/OpenGLRenderer(32098): Flushing caches (mode 0)
D/RecentsView(  875): stackView Count = 2
D/OpenGLRenderer(32098): Flushing caches (mode 0)
D/ActivityThread(  875): BDC-Calling finishReceiver: IIntentReceiver=d55f47d
D/FeatureProxyBase(  752): FeatureProxyBase class constructor
D/MultiWindow(  752): MultiWindowProxy constructor.
D/FeatureProxyBase(  752): getService(), serviceName = multiwindow_service_v1
I/Netd    (  242): Get netlink event, ifname: wlan0 action: 4
D/wpa_supplicant( 1090): RTM_NEWLINK: ifi_index=10 ifname=wlan0 wext ifi_family=0 ifi_flags=0x11043 ([UP][RUNNING][LOWER_UP])
D/SocketClient(  242): SocketClient sendData done: 600 Iface linkstate wlan0 up
D/wifi2agps(  262): scan result, found 1 APs
D/agps    (  262): [WIFI2AGPS] wifi2agps_scanned
D/NetdConnector(  752): RCV <- {600 Iface linkstate wlan0 up}
D/[BT3.0+HS]PAL(  279): == chip_reset_fd is set ==
D/[BT3.0+HS]PAL(  279): 
D/[BT3.0+HS]PAL(  279): invalid reply message
D/[BT3.0+HS]PAL(  279): 
D/[BT3.0+HS]PAL(  279): == chip_reset_fd is set ==
D/[BT3.0+HS]PAL(  279): 
D/[BT3.0+HS]PAL(  279): invalid reply message
D/[BT3.0+HS]PAL(  279): 
D/wpa_supplicant( 1090): nl80211: Event message available
D/wpa_supplicant( 1090): nl80211: Drv Event 34 (NL80211_CMD_NEW_SCAN_RESULTS) received for wlan0
D/wpa_supplicant( 1090): wlan0: nl80211: New scan results available
D/wpa_supplicant( 1090): nl80211: Scan included frequencies: 2412 2417 2422 2427 2432 2437 2442 2447 2452 2457 2462 2467 2472
D/wpa_supplicant( 1090): wlan0: Event SCAN_RESULTS (3) received
D/wpa_supplicant( 1090): wlan0: Scan completed in 1.005823 seconds
D/agps    (  261): [agps][n][WIFI] wifi_scanned  count=966 timestamp=9940921 num=1
D/wpa_supplicant( 1090): nl80211: Associated on 2442 MHz
I/Netd    (  242): Get netlink event, ifname: wlan0 action: 4
D/wpa_supplicant( 1090): nl80211: Associated with 10:be:f5:8a:fd:75
D/wpa_supplicant( 1090): nl80211: Received scan results (1 BSSes)
D/SocketClient(  242): SocketClient sendData done: 600 Iface linkstate wlan0 up
D/NetworkManagementService(  752): onEvent:600 Iface linkstate wlan0 up:5
D/wpa_supplicant( 1090): nl80211: Scan results indicate BSS status with 10:be:f5:8a:fd:75 as associated
D/wpa_supplicant( 1090): wlan0: BSS: Start scan result update 960
D/wpa_supplicant( 1090): BSS: last_scan_res_used=1/32
D/NetdConnector(  752): RCV <- {600 Iface linkstate wlan0 up}
D/wpa_supplicant( 1090): wlan0: Scan-only results received
D/Tethering(  752): interfaceLinkStateChanged wlan0, true
D/Tethering(  752): interfaceStatusChanged wlan0, true
D/wpa_supplicant( 1090): CTRL_IFACE monitor sent successfully to /data/misc/wifi/sockets/wpa_ctrl_752-2\x00
D/wpa_supplicant( 1090): wlan0: Radio work 'scan'@0xb60381c8 done in 1.007665 seconds
D/wpa_supplicant( 1090): RTM_NEWLINK: ifi_index=10 ifname=wlan0 wext ifi_family=0 ifi_flags=0x11043 ([UP][RUNNING][LOWER_UP])
D/WifiHW  (  752): [1] get event: IFNAME=wlan0 <3>CTRL-EVENT-SCAN-RESULTS 
D/WifiHW  (  752): [2] get event: IFNAME=wlan0 CTRL-EVENT-SCAN-RESULTS 
D/WifiHW  (  752): enter -->wifi_wait_on_socket buflen=2048
D/WifiHW  (  752): enter -->wifi_ctrl_recv
D/NetworkManagementService(  752): onEvent:600 Iface linkstate wlan0 up:5
D/Tethering(  752): interfaceLinkStateChanged wlan0, true
D/Tethering(  752): interfaceStatusChanged wlan0, true
E/WifiStateMachine(  752):  ConnectedState (when=-1ms what=147461!SCAN_RESULTS_EVENT 0 0 found=1 known=1 got=1 bcn=0 con=1
E/WifiStateMachine(  752):  L2ConnectedState (when=-1ms what=147461!SCAN_RESULTS_EVENT 0 0 found=1 known=1 got=1 bcn=0 con=1
E/WifiStateMachine(  752):  ConnectModeState (when=-1ms what=147461!SCAN_RESULTS_EVENT 0 0 found=1 known=1 got=1 bcn=0 con=1
E/WifiStateMachine(  752):  DriverStartedState (when=-2ms what=147461!SCAN_RESULTS_EVENT 0 0 found=1 known=1 got=1 bcn=0 con=1
D/Surface (  225): Surface::setBuffersDimensions(this=0xb5d25600,w=480,h=854)
E/WifiStateMachine(  752):  SupplicantStartedState (when=-3ms what=147461!SCAN_RESULTS_EVENT 0 0 found=1 known=1 got=1 bcn=0 con=1
E/SensorService(  752): activeConnections...
D/SensorService(  752): SensorService hasOneShotSensors handle:1 mode:0
E/SensorService(  752): activeConnections...
D/SensorService(  752): SensorService hasOneShotSensors handle:1 mode:0
E/WifiStateMachine(  752): [1,493,341,138,156 ms] noteScanEnd WorkSource{10194} onTime=0
D/WifiHW  (  752): enter -->wifi_send_command cmd=IFNAME=wlan0 BSS RANGE=0- MASK=0x21987
D/wpa_supplicant( 1090): wlan0: Control interface command 'BSS RANGE=0- MASK=0x21987'
D/WifiHW  (  752): leave --> reply=id=138
D/WifiHW  (  752): bssid=10:be:f5:8a:fd:75
D/WifiHW  (  752): freq=2442
D/WifiHW  (  752): level=-35
D/WifiHW  (  752): tsf=0000011598373466
D/WifiHW  (  752): flags=[WPA-PSK-CCMP][WPA2-PSK-CCMP][ESS]
D/WifiHW  (  752): ssid=delhisoft1
D/WifiHW  (  752): ####
D/WifiNative-wlan0(  752): scan result len: 4096
E/WifiStateMachine(  752): wifi setScanResults statecom.android.server.wifi.WifiStateMachine$ConnectedState@1b5b1efb sup_state=COMPLETED debouncing=false mConnectionRequests=1 selection=<none>
E/WifiConfigStore(  752): updateSavedNetworkHistory(): try "delhisoft1"WPA_PSK SSID="delhisoft1" delhisoft1 [WPA-PSK-CCMP][WPA2-PSK-CCMP][ESS] ajst=0
E/WifiConfigStore(  752): linkConfiguration link due to same gw "DelhiSoft" and "delhisoft1" GW c4:e9:84:9e:16:52
E/WifiConfigStore(  752): readNetworkVariablesFromSupplicantFile key=psk
D/Surface (  225): Surface::setBuffersDimensions(this=0xb5d25600,w=480,h=854)
E/SensorService(  752): activeConnections...
D/SensorService(  752): SensorService hasOneShotSensors handle:1 mode:0
E/SensorService(  752): activeConnections...
D/SensorService(  752): SensorService hasOneShotSensors handle:1 mode:0
I/BufferQueueProducer(  225): [FrameBufferSurface_0](this:0xb5c4e400,id:0,api:1,p:225,c:225) queueBuffer: fps=6.87 dur=1018.49 max=869.39 min=17.18
I/SurfaceFlinger(  225): [Built-in Screen (type:0)] fps:6.872742,dur:1018.52,max:869.37,min:17.16
E/WifiConfigStore(  752): readNetworkVariableFromSupplicantFile ssid=["DelhiSoft"] key=psk duration=25639692
E/WifiConfigStore(  752): readNetworkVariablesFromSupplicantFile key=psk
D/Surface (  225): Surface::setBuffersDimensions(this=0xb5d25600,w=480,h=854)
E/SensorService(  752): activeConnections...
D/SensorService(  752): SensorService hasOneShotSensors handle:1 mode:0
E/SensorService(  752): activeConnections...
D/SensorService(  752): SensorService hasOneShotSensors handle:1 mode:0
E/WifiConfigStore(  752): readNetworkVariableFromSupplicantFile ssid=["delhisoft1"] key=psk duration=18521385
E/WifiConfigStore(  752): linkConfiguration: will link "DelhiSoft"WPA_PSK and "delhisoft1"WPA_PSK
E/WifiConfigStore(  752): linkConfiguration link due to same gw "Delhisoft1" and "delhisoft1" GW c4:e9:84:9e:16:52
E/WifiConfigStore(  752): readNetworkVariablesFromSupplicantFile key=psk
D/Surface (  225): Surface::setBuffersDimensions(this=0xb5d25600,w=480,h=854)
E/SensorService(  752): activeConnections...
D/SensorService(  752): SensorService hasOneShotSensors handle:1 mode:0
E/SensorService(  752): activeConnections...
D/SensorService(  752): SensorService hasOneShotSensors handle:1 mode:0
E/WifiConfigStore(  752): readNetworkVariableFromSupplicantFile ssid=["Delhisoft1"] key=psk duration=18305616
E/WifiConfigStore(  752): readNetworkVariablesFromSupplicantFile key=psk
D/Surface (  225): Surface::setBuffersDimensions(this=0xb5d25600,w=480,h=854)
E/SensorService(  752): activeConnections...
D/SensorService(  752): SensorService hasOneShotSensors handle:1 mode:0
E/SensorService(  752): activeConnections...
D/SensorService(  752): SensorService hasOneShotSensors handle:1 mode:0
D/AALService(  257): enableAALEvent: 0 -> 1
E/WifiConfigStore(  752): readNetworkVariableFromSupplicantFile ssid=["delhisoft1"] key=psk duration=17450077
E/WifiConfigStore(  752): linkConfiguration link due to same gw "DelhiSoft1" and "delhisoft1" GW c4:e9:84:9e:16:52
E/WifiConfigStore(  752): readNetworkVariablesFromSupplicantFile key=psk
D/Surface (  225): Surface::setBuffersDimensions(this=0xb5d25600,w=480,h=854)
E/SensorService(  752): activeConnections...
D/SensorService(  752): SensorService hasOneShotSensors handle:1 mode:0
E/SensorService(  752): activeConnections...
D/SensorService(  752): SensorService hasOneShotSensors handle:1 mode:0
E/WifiConfigStore(  752): readNetworkVariableFromSupplicantFile ssid=["DelhiSoft1"] key=psk duration=17939692
E/WifiConfigStore(  752): readNetworkVariablesFromSupplicantFile key=psk
D/Surface (  225): Surface::setBuffersDimensions(this=0xb5d25600,w=480,h=854)
E/SensorService(  752): activeConnections...
D/SensorService(  752): SensorService hasOneShotSensors handle:1 mode:0
E/SensorService(  752): activeConnections...
D/SensorService(  752): SensorService hasOneShotSensors handle:1 mode:0
E/WifiConfigStore(  752): readNetworkVariableFromSupplicantFile ssid=["delhisoft1"] key=psk duration=17770615
E/WifiConfigStore(  752): linkConfiguration: will link "DelhiSoft1"WPA_PSK and "delhisoft1"WPA_PSK
E/WifiConfigStore(  752):         got known scan result 10:be:f5:8a:fd:75 key : "delhisoft1"WPA_PSK num: 1 rssi=-35 freq=2442
V/SettingsInterface(  752):  from settings cache , name = network_scorer_app , value = null
D/WifiHW  (  752): enter -->wifi_send_command cmd=IFNAME=wlan0 STATUS-NO_EVENTS
D/wpa_supplicant( 1090): wlan0: Control interface command 'STATUS-NO_EVENTS'
D/WifiHW  (  752): leave --> reply=bssid=10:be:f5:8a:fd:75
D/WifiHW  (  752): freq=2442
D/WifiHW  (  752): ssid=delhisoft1
D/WifiHW  (  752): id=8
D/WifiHW  (  752): mode=station
D/WifiHW  (  752): pairwise_cipher=CCMP
D/WifiHW  (  752): group_cipher=TKIP
D/WifiHW  (  752): key_mgmt=WPA2-PSK
D/WifiHW  (  752): wpa_state=COMPLETED
D/WifiHW  (  752): ip_address=192.168.0.102
D/WifiHW  (  752): p2p_device_address=96:92:bc:e7:50:82
D/WifiHW  (  752): address=94:92:bc:e7:50:82
D/WifiHW  (  752): uuid=cae7f387-7753-54ff-97d2-9b12546a8cd7
D/WifiHW  (  752): 
E/WifiAutoJoinController (  752): status: bssid=10:be:f5:8a:fd:75
E/WifiAutoJoinController (  752): freq=2442
E/WifiAutoJoinController (  752): ssid=delhisoft1
E/WifiAutoJoinController (  752): id=8
E/WifiAutoJoinController (  752): mode=station
E/WifiAutoJoinController (  752): pairwise_cipher=CCMP
E/WifiAutoJoinController (  752): group_cipher=TKIP
E/WifiAutoJoinController (  752): key_mgmt=WPA2-PSK
E/WifiAutoJoinController (  752): wpa_state=COMPLETED
E/WifiAutoJoinController (  752): ip_address=192.168.0.102
E/WifiAutoJoinController (  752): p2p_device_address=96:92:bc:e7:50:82
E/WifiAutoJoinController (  752): address=94:92:bc:e7:50:82
E/WifiAutoJoinController (  752): uuid=cae7f387-7753-54ff-97d2-9b12546a8cd7
E/WifiAutoJoinController (  752): attemptAutoJoin() num recent config 1 current="delhisoft1"WPA_PSK ---> suppNetId=8
E/WifiAutoJoinController (  752): Done attemptAutoJoin status=0
E/WifiConfigStore(  752):  writeKnownNetworkHistory() num networks:11 needWrite=false
E/WifiStateMachine(  752): mIsFullScanOngoing: true, mSendScanResultsBroadcast: true
E/WifiStateMachine(  752): mWifiOnScanCount: 17
V/ActivityManager(  752): Broadcast: Intent { act=android.net.wifi.SCAN_RESULTS flg=0x4000010 (has extras) } ordered=false userid=-1 callerApp=ProcessRecord{1155a311 752:system/1000}
I/WifiNotificationController(  752): checkAndSetNotification, state:CONNECTED
D/AALService(  257): Output backlight = 39/1023, CABC gain = 256
D/ActivityThread( 9536): BDC-Calling onReceive: intent=Intent { act=android.net.wifi.SCAN_RESULTS flg=0x4000010 cmp=com.jio.myjio/.broadcastreceiver.NetworkScanReceiver (has extras) }, receiver=com.jio.myjio.broadcastreceiver.NetworkScanReceiver@35d52500
D/ActivityThread( 9536): BDC-RECEIVER handled : 0 / ReceiverData{intent=Intent { act=android.net.wifi.SCAN_RESULTS flg=0x4000010 cmp=com.jio.myjio/.broadcastreceiver.NetworkScanReceiver (has extras) } packageName=com.jio.myjio resultCode=-1 resultData=null resultExtras=null}
D/PowerManagerService(  752): acquireWakeLockInternal: lock=967633270, flags=0x1, tag="NlpWakeLock", ws=WorkSource{10194 com.jio.myjio}, uid=10011, pid=2150
D/PowerManagerService(  752): updateWakeLockSummaryLocked: mWakefulness=Awake, mWakeLockSummary=0x1
D/ActivityThread( 9536): SVC-Creating service: CreateServiceData{token=android.os.BinderProxy@3b06f139 className=com.jio.myjio.service.JioNetLachingService packageName=com.jio.myjio intent=null}
D/PowerManagerService(  752): updateUserActivitySummaryLocked: mWakefulness=Awake, mUserActivitySummary=0x9, nextTimeout=9945084 (in 4031 ms)
D/PowerManagerService(  752): mDisplayPowerRequest.policy = 3
D/PowerManagerService(  752): isWfdEnabled() false
D/DisplayPowerController(  752): requestPowerState: policy=BRIGHT, useProximitySensor=false, screenBrightness=10, screenAutoBrightnessAdjustment=0.0, useAutoBrightness=false, blockScreenOn=false, lowPowerMode=false, boostScreenBrightness=false, dozeScreenBrightness=-1, dozeScreenState=UNKNOWN, waitForNegativeProximity=false
I/PowerManagerService(  752): setBrightness mButtonLight, screenBrightness=10
D/PowerManagerService(  752): updateDisplayPowerStateLocked: mDisplayReady=true, policy=3, mWakefulness=1, mWakeLockSummary=0x1, mUserActivitySummary=0x9, mBootCompleted=true, mScreenBrightnessBoostInProgress=false
D/PowerManagerNotifier(  752): onWakeLockAcquired: flags=1, tag="NlpWakeLock", packageName=com.google.android.gms, ownerUid=10011, ownerPid=2150, workSource=WorkSource{10194 com.jio.myjio}
D/Surface (  225): Surface::setBuffersDimensions(this=0xb5d25600,w=480,h=854)
D/ActivityThread( 2150): SVC-Calling onStartCommand: com.google.android.location.internal.PendingIntentCallbackService@27097f54, flags=0, startId=2678
D/PowerManagerService(  752): releaseWakeLockInternal: lock=967633270 [NlpWakeLock], flags=0x0, total_time=4ms
