D/GraphicBuffer(  225): free, handle(0xb5c73be0) (w:480 h:854 s:480 f:0x1 u:0x000f02)
V/InputMethodManagerService(  752): windowGainedFocus: android.os.BinderProxy@18cf5187 controlFlags=#104 softInputMode=#130 windowFlags=#c1910100
W/ActivityManager(  752): getRunningAppProcesses: caller 10000 is using old GET_TASKS but privileged; allowing
I/BufferQueueConsumer(  225): [com.gionee.amisystem/com.android.launcher2.Launcher](this:0xb5c55000,id:277,api:1,p:1438,c:225) getReleasedBuffers: returning mask 0xffffffffffffffff
D/GraphicBuffer( 1438): unregister, handle(0x9d683640) (w:480 h:854 s:480 f:0x1 u:0x000f02)
D/YouJu_SDK.e( 1438): MainHandlerThread-> startRefreshDurationJob() 
D/MALI    ( 1438): _egl_make_current:857: [MALI] make current with display 0x1, context 0x40000001, state 0xaf828380
D/MALI    ( 1438): _egl_make_current:872: [MALI] Map __dpy 0x1 to dpy 0xb46e3830
D/MALI    ( 1438): _egl_make_current:906: [MALI] Map __ctx 0x40000001 to ctx 0xaf8493d0
D/Surface ( 1438): Surface::setBuffersDimensions(this=0x9a07b500,w=480,h=854)
I/BufferQueueProducer(  225): [com.gionee.amisystem/com.android.launcher2.Launcher](this:0xb5c55000,id:277,api:1,p:1438,c:225) new GraphicBuffer needed
I/[MALI][Gralloc](  225): usage: 0xf02, format: 1 stride: 480 vertical_stride: 854 size: 1639680
D/GraphicBuffer(  225): alloc, handle(0xb5433520) (w:480 h:854 s:480 f:0x1 u:0x000f02) err(0)
D/Launcher( 1438): LauncherView, onDraw
I/PagedView( 1438): lilt-test:  computeScrollHelper mNextPage = 2147483647
D/Launcher( 1438): Launcher, isEditMode mState:WORKSPACE
E/SensorService(  752): activeConnections...
D/SensorService(  752): SensorService hasOneShotSensors handle:1 mode:0
D/GraphicBuffer( 1438): register, handle(0x9d683640) (w:480 h:854 s:480 f:0x1 u:0x000f02)
D/Surface ( 1438): Surface::allocateBuffers(this=0x9a07b500)
D/BufferQueueProducer(  225): [com.gionee.amisystem/com.android.launcher2.Launcher](this:0xb5c55000,id:277,api:1,p:1438,c:225) allocateBuffers: allocating from 1 buffers up to 4 buffers
I/[MALI][Gralloc](  225): usage: 0xf02, format: 1 stride: 480 vertical_stride: 854 size: 1639680
D/GraphicBuffer(  225): alloc, handle(0xb5c73dc0) (w:480 h:854 s:480 f:0x1 u:0x000f02) err(0)
I/[MALI][Gralloc](  225): usage: 0xf02, format: 1 stride: 480 vertical_stride: 854 size: 1639680
D/GraphicBuffer(  225): alloc, handle(0xb5c73ac0) (w:480 h:854 s:480 f:0x1 u:0x000f02) err(0)
I/[MALI][Gralloc](  225): usage: 0xf02, format: 1 stride: 480 vertical_stride: 854 size: 1639680
D/GraphicBuffer(  225): alloc, handle(0xb54335e0) (w:480 h:854 s:480 f:0x1 u:0x000f02) err(0)
D/BufferQueueProducer(  225): [com.gionee.amisystem/com.android.launcher2.Launcher](this:0xb5c55000,id:277,api:1,p:1438,c:225) allocateBuffers: allocating from 4 buffers up to 4 buffers
D/PerfServiceManager(  752): [PerfService] notifyFrameUpdate - bDuringTouchBoost:true 
D/Surface (  225): Surface::setBuffersDimensions(this=0xb5d25600,w=480,h=854)
W/ActivityManager(  752): getRunningAppProcesses: caller 10000 is using old GET_TASKS but privileged; allowing
I/BufferQueueProducer(  225): [FrameBufferSurface_0](this:0xb5c4e400,id:0,api:1,p:225,c:225) queueBuffer: fps=50.24 dur=1015.20 max=72.70 min=15.25
I/SurfaceFlinger(  225): [Built-in Screen (type:0)] fps:50.233467,dur:1015.26,max:72.69,min:15.33
E/SensorService(  752): activeConnections...
D/SensorService(  752): SensorService hasOneShotSensors handle:1 mode:0
D/PowerManagerService(  752): releaseWakeLockInternal: lock=446982549 [ActivityManager-Launch], flags=0x0, total_time=91ms
D/PowerManagerNotifier(  752): onWakeLockReleased: flags=1, tag="ActivityManager-Launch", packageName=android, ownerUid=1000, ownerPid=752, workSource=null
D/PowerManagerService(  752): updateWakeLockSummaryLocked: mWakefulness=Awake, mWakeLockSummary=0x0
D/PowerManagerService(  752): updateUserActivitySummaryLocked: mWakefulness=Awake, mUserActivitySummary=0x9, nextTimeout=9946118 (in 4150 ms)
D/PowerManagerService(  752): mDisplayPowerRequest.policy = 3
D/PowerManagerService(  752): isWfdEnabled() false
D/DisplayPowerController(  752): requestPowerState: policy=BRIGHT, useProximitySensor=false, screenBrightness=10, screenAutoBrightnessAdjustment=0.0, useAutoBrightness=false, blockScreenOn=false, lowPowerMode=false, boostScreenBrightness=false, dozeScreenBrightness=-1, dozeScreenState=UNKNOWN, waitForNegativeProximity=false
I/PowerManagerService(  752): setBrightness mButtonLight, screenBrightness=10
D/PowerManagerService(  752): updateDisplayPowerStateLocked: mDisplayReady=true, policy=3, mWakefulness=1, mWakeLockSummary=0x0, mUserActivitySummary=0x9, mBootCompleted=true, mScreenBrightnessBoostInProgress=false
D/PowerManagerService(  752): Releasing suspend blocker "PowerManagerService.WakeLocks".
D/FeatureProxyBase(  752): FeatureProxyBase class constructor
D/MultiWindow(  752): MultiWindowProxy constructor.
D/FeatureProxyBase(  752): getService(), serviceName = multiwindow_service_v1
D/AALService(  257): Output backlight = 37/1023, CABC gain = 256
D/OpenGLRenderer(  875): Flushing caches (mode 0)
D/Surface (  875): Surface::disconnect(this=0x99873500,api=1)
D/GraphicBuffer(  875): unregister, handle(0x9d4c9400) (w:480 h:854 s:480 f:0x1 u:0x000f02)
D/GraphicBuffer(  875): unregister, handle(0xa096d280) (w:480 h:854 s:480 f:0x1 u:0x000f02)
D/Surface (  225): Surface::setBuffersDimensions(this=0xb5d25600,w=480,h=854)
D/GraphicBuffer(  875): unregister, handle(0xa0b476a0) (w:480 h:854 s:480 f:0x1 u:0x000f02)
D/GraphicBuffer(  875): unregister, handle(0xa2df6e20) (w:480 h:854 s:480 f:0x1 u:0x000f02)
I/BufferQueueProducer(  225): [com.android.systemui/com.android.systemui.recents.RecentsActivity](this:0xb5c61000,id:275,api:1,p:-1,c:225) disconnect(P): api 1
I/BufferQueueConsumer(  225): [com.android.systemui/com.android.systemui.recents.RecentsActivity](this:0xb5c61000,id:275,api:1,p:-1,c:225) getReleasedBuffers: returning mask 0xffffffffffffffff
D/GraphicBuffer(  225): free, handle(0xb54332e0) (w:480 h:854 s:480 f:0x1 u:0x000f02)
D/GraphicBuffer(  225): free, handle(0xb5433580) (w:480 h:854 s:480 f:0x1 u:0x000f02)
D/GraphicBuffer(  225): free, handle(0xb5433700) (w:480 h:854 s:480 f:0x1 u:0x000f02)
D/OpenGLRenderer(  875): Flushing caches (mode 0)
D/FeatureProxyBase(  752): FeatureProxyBase class constructor
D/MultiWindow(  752): MultiWindowProxy constructor.
D/FeatureProxyBase(  752): getService(), serviceName = multiwindow_service_v1
E/SensorService(  752): activeConnections...
D/SensorService(  752): SensorService hasOneShotSensors handle:1 mode:0
D/Surface (  225): Surface::setBuffersDimensions(this=0xb5d25600,w=480,h=854)
E/SensorService(  752): activeConnections...
D/SensorService(  752): SensorService hasOneShotSensors handle:1 mode:0
D/Surface (  225): Surface::setBuffersDimensions(this=0xb5d25600,w=480,h=854)
E/SensorService(  752): activeConnections...
D/SensorService(  752): SensorService hasOneShotSensors handle:1 mode:0
D/libc-netbsd( 1824): [getaddrinfo]: hostname=Jiomifi.local.html; servname=6666; cache_mode=(null), netid=0; mark=0
D/libc-netbsd( 1824): [getaddrinfo]: ai_addrlen=0; ai_canonname=(null); ai_flags=1024; ai_family=0
D/Surface (  225): Surface::setBuffersDimensions(this=0xb5d25600,w=480,h=854)
D/FrameworkListener(  242): dispatchCommand data = (getaddrinfo Jiomifi.local.html 6666 1024 0 1 6 0)
D/libc-netbsd(  242): [getaddrinfo]: hostname=Jiomifi.local.html; servname=6666; cache_mode=local, netid=106; mark=917610
D/libc-netbsd(  242): [getaddrinfo]: ai_addrlen=0; ai_canonname=(null); ai_flags=1024; ai_family=0
D/libc-netbsd(  242): default dns: query_ipv6=1, query_ipv4=1
D/libc-netbsd(  242): res_queryN name = Jiomifi.local.html, class = 1, type = 28
D/libc-netbsd(  242): res_queryN name = Jiomifi.local.html, class = 1, type = 1
D/libc-netbsd(  242): netid=106, dns0:192.168.0.201
D/libc-netbsd(  242): netid=106, dns1:8.8.8.8
D/libc-netbsd(  242): res_queryN name = Jiomifi.local.html.etutorials.local, class = 1, type = 28
D/libc-netbsd(  242): res_queryN name = Jiomifi.local.html.etutorials.local, class = 1, type = 1
D/libc-netbsd( 1824): getaddrinfo: Jiomifi.local.html NO result from proxy 
D/libc-netbsd( 1824): [getaddrinfo]: hostname=Jiofi.local.html; servname=6666; cache_mode=(null), netid=0; mark=0
D/libc-netbsd( 1824): [getaddrinfo]: ai_addrlen=0; ai_canonname=(null); ai_flags=1024; ai_family=0
D/FrameworkListener(  242): dispatchCommand data = (getaddrinfo Jiofi.local.html 6666 1024 0 1 6 0)
D/libc-netbsd(  242): [getaddrinfo]: hostname=Jiofi.local.html; servname=6666; cache_mode=local, netid=106; mark=917610
D/libc-netbsd(  242): [getaddrinfo]: ai_addrlen=0; ai_canonname=(null); ai_flags=1024; ai_family=0
D/libc-netbsd(  242): default dns: query_ipv6=1, query_ipv4=1
D/libc-netbsd(  242): res_queryN name = Jiofi.local.html, class = 1, type = 28
D/libc-netbsd(  242): res_queryN name = Jiofi.local.html, class = 1, type = 1
D/libc-netbsd(  242): netid=106, dns0:192.168.0.201
D/libc-netbsd(  242): netid=106, dns1:8.8.8.8
D/libc-netbsd(  242): res_queryN name = Jiofi.local.html.etutorials.local, class = 1, type = 28
D/libc-netbsd(  242): res_queryN name = Jiofi.local.html.etutorials.local, class = 1, type = 1
D/libc-netbsd( 1824): getaddrinfo: Jiofi.local.html NO result from proxy 
D/libc-netbsd( 1824): [getaddrinfo]: hostname=Jiodongle.local.html; servname=6666; cache_mode=(null), netid=0; mark=0
D/libc-netbsd( 1824): [getaddrinfo]: ai_addrlen=0; ai_canonname=(null); ai_flags=1024; ai_family=0
D/FrameworkListener(  242): dispatchCommand data = (getaddrinfo Jiodongle.local.html 6666 1024 0 1 6 0)
D/libc-netbsd(  242): [getaddrinfo]: hostname=Jiodongle.local.html; servname=6666; cache_mode=local, netid=106; mark=917610
D/libc-netbsd(  242): [getaddrinfo]: ai_addrlen=0; ai_canonname=(null); ai_flags=1024; ai_family=0
D/libc-netbsd(  242): default dns: query_ipv6=1, query_ipv4=1
D/libc-netbsd(  242): res_queryN name = Jiodongle.local.html, class = 1, type = 28
D/libc-netbsd(  242): res_queryN name = Jiodongle.local.html, class = 1, type = 1
D/libc-netbsd(  242): netid=106, dns0:192.168.0.201
D/libc-netbsd(  242): netid=106, dns1:8.8.8.8
D/libc-netbsd(  242): res_queryN name = Jiodongle.local.html.etutorials.local, class = 1, type = 28
D/libc-netbsd(  242): res_queryN name = Jiodongle.local.html.etutorials.local, class = 1, type = 1
D/libc-netbsd( 1824): getaddrinfo: Jiodongle.local.html NO result from proxy 
E/SensorService(  752): activeConnections...
D/SensorService(  752): SensorService hasOneShotSensors handle:1 mode:0
D/Surface (  225): Surface::setBuffersDimensions(this=0xb5d25600,w=480,h=854)
E/SensorService(  752): activeConnections...
D/SensorService(  752): SensorService hasOneShotSensors handle:1 mode:0
D/Surface (  225): Surface::setBuffersDimensions(this=0xb5d25600,w=480,h=854)
E/SensorService(  752): activeConnections...
D/SensorService(  752): SensorService hasOneShotSensors handle:1 mode:0
D/Surface (  225): Surface::setBuffersDimensions(this=0xb5d25600,w=480,h=854)
E/SensorService(  752): activeConnections...
D/SensorService(  752): SensorService hasOneShotSensors handle:1 mode:0
D/Surface (  225): Surface::setBuffersDimensions(this=0xb5d25600,w=480,h=854)
D/NetworkController.MobileSignalController(2)(  875): onSignalStrengthsChanged signalStrength=SignalStrength: 20 99 -120 -160 -120 0 -1 99 2147483647 2147483647 2147483647 2147483647 gsm|lte -289 0 0 level=4
D/NetworkController(  875): mLastSignalLevel = 4; nowLevel = 4
D/NetworkController(  875): mSubscriptionInfo.getSimSlotIndex() = 0 updateTelephonySignalStrength: hasService=true ss=SignalStrength: 20 99 -120 -160 -120 0 -1 99 2147483647 2147483647 2147483647 2147483647 gsm|lte -289 0 0 mDataNetType = 1
D/NetworkController(  875): mDataState = 0
D/NetworkController(  875): isDirty : false
D/Surface (  225): Surface::setBuffersDimensions(this=0xb5d25600,w=480,h=854)
V/ActivityManager(  752): Broadcast sticky: Intent { act=android.intent.action.SIG_STR flg=0x20000010 (has extras) } ordered=false userid=-1 callerApp=ProcessRecord{1155a311 752:system/1000}
D/perm_ctrl(  752): bPackagePermEnable pk: com.jio.myjio bFound false
D/perm_ctrl(  752):  isDenied = false
D/perm_ctrl(  752):  isDenied = false
D/perm_ctrl(  752): bPackagePermEnable pk: com.jio.myjio bFound false
D/perm_ctrl(  752):  isDenied = false
D/perm_ctrl(  752):  isDenied = false
E/SensorService(  752): activeConnections...
D/SensorService(  752): SensorService hasOneShotSensors handle:1 mode:0
V/SettingsInterface( 9536):  from settings cache , name = airplane_mode_on , value = 0
W/ActivityManager(  752): getRunningAppProcesses: caller 10111 does not hold REAL_GET_TASKS; limiting output
D/Surface (  225): Surface::setBuffersDimensions(this=0xb5d25600,w=480,h=854)
E/SensorService(  752): activeConnections...
D/SensorService(  752): SensorService hasOneShotSensors handle:1 mode:0
D/ActivityManager(  752): ACT-IDLE_NOW_MSG from windowsVisible() for idle: ActivityRecord{371e9b45 u0 com.gionee.amisystem/com.android.launcher2.Launcher t11218}
D/FeatureProxyBase(  752): FeatureProxyBase class constructor
D/Surface (  225): Surface::setBuffersDimensions(this=0xb5d25600,w=480,h=854)
D/MultiWindow(  752): MultiWindowProxy constructor.
D/FeatureProxyBase(  752): getService(), serviceName = multiwindow_service_v1
E/SensorService(  752): activeConnections...
D/SensorService(  752): SensorService hasOneShotSensors handle:1 mode:0
V/ActivityThread(  875): Finishing stop of ActivityRecord{2988534f token=android.os.BinderProxy@3687badc {com.android.systemui/com.android.systemui.recents.RecentsActivity}}: show=false win=com.android.internal.policy.impl.PhoneWindow@4692864
V/PhoneWindow(  875): DecorView setVisiblity: visibility = 4 ,Parent =ViewRoot{8ad7455 com.android.systemui/com.android.systemui.recents.RecentsActivity,ident = 6}, this =com.android.internal.policy.impl.PhoneWindow$DecorView{3a1d930c I.E..... R....... 0,0-480,854}
D/ActivityThread(  875): ACT-STOP_ACTIVITY_HIDE handled : 0 / android.os.BinderProxy@3687badc
I/BufferQueueConsumer(  225): [com.android.systemui/com.android.systemui.recents.RecentsActivity](this:0xb5c61000,id:275,api:1,p:-1,c:-1) disconnect(C)
D/GraphicBuffer(  225): free, handle(0xb5433640) (w:480 h:854 s:480 f:0x1 u:0x000f02)
I/BufferQueue(  225): [com.android.systemui/com.android.systemui.recents.RecentsActivity](this:0xb5c61000,id:275,api:1,p:-1,c:-1) ~BufferQueueCore
D/PerfServiceManager(  752): [PerfService] MESSAGE_TIMER_SCN_APP_SWITCH 
I/libPerfService(  752): 1: set: 3
D/Surface (  225): Surface::setBuffersDimensions(this=0xb5d25600,w=480,h=854)
I/libPerfService(  752): 1: set freq: 819000
E/SensorService(  752): activeConnections...
D/SensorService(  752): SensorService hasOneShotSensors handle:1 mode:0
D/mnl_linux(  263): mtk_gps_sys_nmea_output_to_app: $GPGGA,005900.002,2843.1521,N,07701.9337,E,0,0,,185.9,M,-35.9,M,,*6F
D/mnl_linux(  263): $GPGSA,A,1,,,,,,,,,,,,,99.99,99.99,99.99*30
D/mnl_linux(  263): $GPGSV,1,1,1,18,,,23.1*5F
D/mnl_linux(  263): $GPRMC,005900.002,V,2843.1521,N,07701.9337,E,0.000,81.66,280417,,,N*7C
D/mnl_linux(  263): $GPVTG,81.66,T,,M,0.000,N,0.000,K,N*0B
D/mnl_linux(  263): $PMTKTSX1,3814756,-17158.124,0.330,40.677,54700000,-1.715110,0.000099,-0.000850,-0.197824,1.654119*5E
D/mnl_linux(  263): $GPACCURACY,3162.1*3F
D/MNLD    (  263): send_cmd_ex: slf_send_cmd (13, 0x30)
D/MNLD    (  263): mtk_gps_sys_gps_mnl_callback: MTK_GPS_MSG_FIX_READY, GET_RTC_OK, 0.066, 2474.011
D/MNLD    (  263): process: epoll_wait() received 1 events
D/MNLD    (  263): mtk_gps_sys_gps_mnl_callback: Age = 2, RTCDiff = 30, Time_interval = 10
D/gps_mtk (  752): gps_state_thread: line = 3823[trace]count is 4.000000
D/MNLD    (  263): sigrcv_handler: args from mnld: 48
D/MNLD    (  263): mnl_set_alarm: (0, 0xB6437070, 5)
D/MNLD    (  263): process: sigrc_handler: ret = 0
D/MNLD    (  263): mtk_gps_sys_gps_mnl_callback: gps_measurement_state = 255 ,state = 2
D/AALService(  257): enableAALEvent: 1 -> 0
E/SensorService(  752): activeConnections...
D/SensorService(  752): SensorService hasOneShotSensors handle:1 mode:0
E/SensorService(  752): activeConnections...
D/SensorService(  752): SensorService hasOneShotSensors handle:1 mode:0
E/SensorService(  752): activeConnections...
D/SensorService(  752): SensorService hasOneShotSensors handle:1 mode:0
E/SensorService(  752): activeConnections...
D/SensorService(  752): SensorService hasOneShotSensors handle:1 mode:0
E/SensorService(  752): activeConnections...
D/SensorService(  752): SensorService hasOneShotSensors handle:1 mode:0
E/SensorService(  752): activeConnections...
D/SensorService(  752): SensorService hasOneShotSensors handle:1 mode:0
E/SensorService(  752): activeConnections...
D/SensorService(  752): SensorService hasOneShotSensors handle:1 mode:0
E/SensorService(  752): activeConnections...
D/SensorService(  752): SensorService hasOneShotSensors handle:1 mode:0
E/SensorService(  752): activeConnections...
D/SensorService(  752): SensorService hasOneShotSensors handle:1 mode:0
E/SensorService(  752): activeConnections...
D/SensorService(  752): SensorService hasOneShotSensors handle:1 mode:0
E/SensorService(  752): activeConnections...
D/SensorService(  752): SensorService hasOneShotSensors handle:1 mode:0
E/SensorService(  752): activeConnections...
D/SensorService(  752): SensorService hasOneShotSensors handle:1 mode:0
E/WifiStateMachine(  752):  ConnectedState (when=-2ms what=131155 arg1=30!CMD_RSSI_POLL 30 0 "delhisoft1" 10:be:f5:8a:fd:75 rssi=-22 f=2442 sc=60 link=65 tx=0.2, 0.0, 0.0  rx=1.8 bcn=0 [on:0 tx:0 rx:0 period:2510] from screen [on:0 period:-1307479349] gl hn u24 rssi=-17 ag=0 hr ticks 0,0,0 ls-=0 [56,56,56,56,61] brc=0 lrc=0
E/WifiStateMachine(  752):  L2ConnectedState (when=-4ms what=131155 arg1=30!CMD_RSSI_POLL 30 0 "delhisoft1" 10:be:f5:8a:fd:75 rssi=-22 f=2442 sc=60 link=65 tx=0.2, 0.0, 0.0  rx=1.8 bcn=0 [on:0 tx:0 rx:0 period:1] from screen [on:0 period:-1307479348] gl hn u24 rssi=-17 ag=0 hr ticks 0,0,0 ls-=0 [56,56,56,56,61] brc=0 lrc=0
E/WifiStateMachine(  752):  get link layer stats 0
D/WifiHW  (  752): enter -->wifi_send_command cmd=IFNAME=wlan0 SIGNAL_POLL
D/wpa_supplicant( 1090): wlan0: Control interface command 'SIGNAL_POLL'
D/Launcher( 1438): Launcher, isEditMode mState:WORKSPACE
D/MALI    ( 1438): _egl_make_current:857: [MALI] make current with display 0x1, context 0x40000001, state 0xaf828380
D/MALI    ( 1438): _egl_make_current:872: [MALI] Map __dpy 0x1 to dpy 0xb46e3830
D/MALI    ( 1438): _egl_make_current:906: [MALI] Map __ctx 0x40000001 to ctx 0xaf8493d0
E/SensorService(  752): activeConnections...
D/SensorService(  752): SensorService hasOneShotSensors handle:1 mode:0
D/WifiHW  (  752): leave --> reply=RSSI=-22
D/WifiHW  (  752): LINKSPEED=65
D/WifiHW  (  752): NOISE=9999
D/WifiHW  (  752): FREQUENCY=2442
D/WifiHW  (  752): 
I/WifiStateMachine(  752): fetchRssiLinkSpeedAndFrequencyNative, newRssi:-22, newLinkSpeed:65, SSID:"delhisoft1"
D/WifiStateMachine(  752): mLastSignalLevel:4, newSignalLevel:4
E/WifiConfigStore(  752): updateConfiguration freq=2442 BSSID=10:be:f5:8a:fd:75 RSSI=-28 "delhisoft1"WPA_PSK
V/ActivityManager(  752): Broadcast sticky: Intent { act=android.net.wifi.RSSI_CHANGED flg=0x4000010 (has extras) } ordered=false userid=-1 callerApp=ProcessRecord{1155a311 752:system/1000}
D/WifiWatchdogStateMachine(  752): RSSI current: 4 new: -22, 4
D/NetworkController(  875): onReceive: intent=Intent { act=android.net.wifi.RSSI_CHANGED flg=0x4000010 (has extras) }
D/NetworkController(  875): isDirty : false
D/ActivityThread( 9536): BDC-Calling onReceive: intent=Intent { act=android.net.wifi.RSSI_CHANGED flg=0x4000010 cmp=com.jio.myjio/.utilities.MyWidgetProvider (has extras) }, receiver=com.jio.myjio.utilities.MyWidgetProvider@18dc67f5
D/MyWidgetProvider( 9536): onReceive action is: android.net.wifi.RSSI_CHANGED
D/ActivityThread( 9536): BDC-RECEIVER handled : 0 / ReceiverData{intent=Intent { act=android.net.wifi.RSSI_CHANGED flg=0x4000010 cmp=com.jio.myjio/.utilities.MyWidgetProvider (has extras) } packageName=com.jio.myjio resultCode=-1 resultData=null resultExtras=null}
D/PerfServiceManager(  752): [PerfService] MESSAGE_TIMER_SCN_SW_FRAME_UPDATE 
D/PerfServiceManager(  752): [PerfService] set utilization:0.8 
I/libPerfService(  752): 7: set: 1
I/libPerfService(  752): 7: set freq: 0
E/SensorService(  752): activeConnections...
D/SensorService(  752): SensorService hasOneShotSensors handle:1 mode:0
E/SensorService(  752): activeConnections...
D/SensorService(  752): SensorService hasOneShotSensors handle:1 mode:0
I/PagedView( 1438): lilt-test:  computeScrollHelper mNextPage = 2147483647
D/Launcher( 1438): Launcher, isEditMode mState:WORKSPACE
D/MALI    ( 1438): _egl_make_current:857: [MALI] make current with display 0x1, context 0x40000001, state 0xaf828380
D/MALI    ( 1438): _egl_make_current:872: [MALI] Map __dpy 0x1 to dpy 0xb46e3830
D/MALI    ( 1438): _egl_make_current:906: [MALI] Map __ctx 0x40000001 to ctx 0xaf8493d0
D/Surface ( 1438): Surface::setBuffersDimensions(this=0x9a07b500,w=480,h=854)
D/GraphicBuffer( 1438): register, handle(0xa08f7b80) (w:480 h:854 s:480 f:0x1 u:0x000f02)
D/MALI    ( 1438): _egl_make_current:857: [MALI] make current with display 0x1, context 0x40000001, state 0xaf828380
D/MALI    ( 1438): _egl_make_current:872: [MALI] Map __dpy 0x1 to dpy 0xb46e3830
D/MALI    ( 1438): _egl_make_current:906: [MALI] Map __ctx 0x40000001 to ctx 0xaf8493d0
W/OpenGLRenderer( 1438): Incorrectly called buildLayer on View: CellLayout, destroying layer...
W/OpenGLRenderer( 1438): Incorrectly called buildLayer on View: CellLayout, destroying layer...
W/OpenGLRenderer( 1438): Incorrectly called buildLayer on View: CellLayout, destroying layer...
D/MALI    ( 1438): _egl_make_current:857: [MALI] make current with display 0x1, context 0x40000001, state 0xaf828380
D/MALI    ( 1438): _egl_make_current:872: [MALI] Map __dpy 0x1 to dpy 0xb46e3830
D/MALI    ( 1438): _egl_make_current:906: [MALI] Map __ctx 0x40000001 to ctx 0xaf8493d0
D/PerfServiceManager(  752): [PerfService] notifyFrameUpdate - bDuringTouchBoost:false 
D/Surface (  225): Surface::setBuffersDimensions(this=0xb5d25600,w=480,h=854)
E/SensorService(  752): activeConnections...
D/SensorService(  752): SensorService hasOneShotSensors handle:1 mode:0
E/SensorService(  752): activeConnections...
D/SensorService(  752): SensorService hasOneShotSensors handle:1 mode:0
E/SensorService(  752): activeConnections...
D/SensorService(  752): SensorService hasOneShotSensors handle:1 mode:0
E/SensorService(  752): activeConnections...
D/SensorService(  752): SensorService hasOneShotSensors handle:1 mode:0
E/SensorService(  752): activeConnections...
D/SensorService(  752): SensorService hasOneShotSensors handle:1 mode:0
E/SensorService(  752): activeConnections...
D/SensorService(  752): SensorService hasOneShotSensors handle:1 mode:0
E/SensorService(  752): activeConnections...
D/SensorService(  752): SensorService hasOneShotSensors handle:1 mode:0
W/ActivityManager(  752): getRunningAppProcesses: caller 10111 does not hold REAL_GET_TASKS; limiting output
E/SensorService(  752): activeConnections...
D/SensorService(  752): SensorService hasOneShotSensors handle:1 mode:0
E/SensorService(  752): activeConnections...
D/SensorService(  752): SensorService hasOneShotSensors handle:1 mode:0
E/SensorService(  752): activeConnections...
D/SensorService(  752): SensorService hasOneShotSensors handle:1 mode:0
E/SensorService(  752): activeConnections...
D/SensorService(  752): SensorService hasOneShotSensors handle:1 mode:0
E/SensorService(  752): activeConnections...
D/SensorService(  752): SensorService hasOneShotSensors handle:1 mode:0
E/SensorService(  752): activeConnections...
D/SensorService(  752): SensorService hasOneShotSensors handle:1 mode:0
E/SensorService(  752): activeConnections...
D/SensorService(  752): SensorService hasOneShotSensors handle:1 mode:0
D/AlarmManager(  752): set alarm to RTC 11603733
V/ActivityManager(  752): Broadcast: Intent { act=android.intent.action.TIME_TICK flg=0x50000114 (has extras) } ordered=true userid=-1 callerApp=null
V/AmigoAlarmAlign(  752): been wakeup, alignCheck type=3 count=1 when=11600223 pkg=android
D/PowerManagerService(  752): acquireWakeLockInternal: lock=1034024486, flags=0x40000001, tag="*alarm*", ws=WorkSource{1000}, uid=1000, pid=752
V/AlarmManager(  752): isAlarmNeedAlign : charging
D/PowerManagerService(  752): updateWakeLockSummaryLocked: mWakefulness=Awake, mWakeLockSummary=0x1
D/PowerManagerService(  752): updateUserActivitySummaryLocked: mWakefulness=Awake, mUserActivitySummary=0x9, nextTimeout=9946118 (in 3347 ms)
D/PowerManagerService(  752): mDisplayPowerRequest.policy = 3
D/PowerManagerService(  752): isWfdEnabled() false
D/DisplayPowerController(  752): requestPowerState: policy=BRIGHT, useProximitySensor=false, screenBrightness=10, screenAutoBrightnessAdjustment=0.0, useAutoBrightness=false, blockScreenOn=false, lowPowerMode=false, boostScreenBrightness=false, dozeScreenBrightness=-1, dozeScreenState=UNKNOWN, waitForNegativeProximity=false
I/PowerManagerService(  752): setBrightness mButtonLight, screenBrightness=10
D/PowerManagerService(  752): updateDisplayPowerStateLocked: mDisplayReady=true, policy=3, mWakefulness=1, mWakeLockSummary=0x1, mUserActivitySummary=0x9, mBootCompleted=true, mScreenBrightnessBoostInProgress=false
D/PowerManagerService(  752): Acquiring suspend blocker "PowerManagerService.WakeLocks".
D/PowerManagerNotifier(  752): onWakeLockAcquired: flags=1073741825, tag="*alarm*", packageName=android, ownerUid=1000, ownerPid=752, workSource=WorkSource{1000}
V/SettingsInterface(  752):  from settings cache , name = align_wake , value = null
V/AmigoAlarmAlign(  752): repeat alrm calc  when, type=3 count=0 when=11660223 pkg=android
D/ActivityThread(  752): BDC-Calling finishReceiver: IIntentReceiver=3671b8ea
D/KeyguardUpdateMonitor(  875): received broadcast android.intent.action.TIME_TICK
D/ActivityThread(  875): BDC-Calling finishReceiver: IIntentReceiver=22bdfee9
D/KeyguardUpdateMonitor(  875): handleTimeUpdate
D/ActivityThread(  875): BDC-Calling finishReceiver: IIntentReceiver=3fc6b76e
V/SettingsInterface(  875):  from settings cache , name = time_12_24 , value = 24
D/NaviKeyguard --> (  875): SkylightView -->  --> is24HourFormat-----true,hash=154694860,date Fri Apr 28 06:29:00 GMT+05:30 2017
V/SettingsInterface(  875):  from settings cache , name = date_format , value = dd-MM-yyyy
D/ActivityThread(  875): BDC-Calling finishReceiver: IIntentReceiver=93ce0f
D/ActivityThread(  875): BDC-Calling finishReceiver: IIntentReceiver=36517e9c
V/SettingsInterface(  875):  from settings cache , name = time_12_24 , value = 24
D/NaviKeyguard --> (  875): Weather_NewWidget42 -->  --> is24HourFormat-----true,hash=154694860,date Fri Apr 28 06:29:00 GMT+05:30 2017
V/SettingsInterface(  875):  from settings cache , name = date_format , value = dd-MM-yyyy
E/SensorService(  752): activeConnections...
D/SensorService(  752): SensorService hasOneShotSensors handle:1 mode:0
D/NaviKeyguard --> (  875): Weather_NewWidget42 -->  --> pattern: dd/MM/yyyy
V/SettingsInterface(  875):  from settings cache , name = time_12_24 , value = 24
D/ActivityThread(  875): BDC-Calling finishReceiver: IIntentReceiver=3deea0a5
D/MALI    (  875): _egl_make_current:857: [MALI] make current with display 0x1, context 0x40000001, state 0xaf828880
D/MALI    (  875): _egl_make_current:872: [MALI] Map __dpy 0x1 to dpy 0xb46e3830
D/MALI    (  875): _egl_make_current:906: [MALI] Map __ctx 0x40000001 to ctx 0xaf849740
D/Surface (  875): Surface::setBuffersDimensions(this=0xb45d1f00,w=480,h=38)
D/PerfServiceManager(  752): [PerfService] notifyFrameUpdate - bDuringTouchBoost:false 
D/ActivityThread(  875): BDC-Calling finishReceiver: IIntentReceiver=382adc7a
D/ActivityThread(  875): BDC-Calling finishReceiver: IIntentReceiver=39c93c2b
D/ActivityThread(  875): BDC-Calling finishReceiver: IIntentReceiver=1f45e888
V/SettingsInterface(  875):  from settings cache , name = date_format , value = dd-MM-yyyy
D/ActivityThread(  875): BDC-Calling finishReceiver: IIntentReceiver=3ecda221
E/WifiTrafficPoller(  752): TRAFFIC_STATS_POLL true Token 119 num clients 13
E/SensorService(  752): activeConnections...
D/SensorService(  752): SensorService hasOneShotSensors handle:1 mode:0
V/SettingsInterface(  875):  from settings cache , name = time_12_24 , value = 24
E/WifiTrafficPoller(  752):  packet count Tx=20468 Rx=37512
V/SettingsInterface(  875):  from settings cache , name = time_12_24 , value = 24
V/SettingsInterface(  875):  from settings cache , name = time_12_24 , value = 24
V/SettingsInterface(  875):  from settings cache , name = time_12_24 , value = 24
V/SettingsInterface(  875):  from settings cache , name = time_12_24 , value = 24
V/SettingsInterface(  875):  from settings cache , name = time_12_24 , value = 24
D/Surface (  225): Surface::setBuffersDimensions(this=0xb5d25600,w=480,h=854)
D/ActivityThread(  875): BDC-Calling finishReceiver: IIntentReceiver=2b7a4646
D/ActivityThread(25400): BDC-Calling finishReceiver: IIntentReceiver=266e63e7
D/ActivityThread(28793): BDC-Calling finishReceiver: IIntentReceiver=3366492c
D/ActivityThread(30822): BDC-Calling finishReceiver: IIntentReceiver=6170e60
D/AlarmManager(  752): onSendFinished begin
D/PowerManagerService(  752): releaseWakeLockInternal: lock=1034024486 [*alarm*], flags=0x0, total_time=48ms
D/PowerManagerNotifier(  752): onWakeLockReleased: flags=1073741825, tag="*alarm*", packageName=android, ownerUid=1000, ownerPid=752, workSource=WorkSource{1000}
D/PowerManagerService(  752): updateWakeLockSummaryLocked: mWakefulness=Awake, mWakeLockSummary=0x0
D/PowerManagerService(  752): updateUserActivitySummaryLocked: mWakefulness=Awake, mUserActivitySummary=0x9, nextTimeout=9946118 (in 3299 ms)
D/PowerManagerService(  752): mDisplayPowerRequest.policy = 3
D/PowerManagerService(  752): isWfdEnabled() false
D/DisplayPowerController(  752): requestPowerState: policy=BRIGHT, useProximitySensor=false, screenBrightness=10, screenAutoBrightnessAdjustment=0.0, useAutoBrightness=false, blockScreenOn=false, lowPowerMode=false, boostScreenBrightness=false, dozeScreenBrightness=-1, dozeScreenState=UNKNOWN, waitForNegativeProximity=false
I/PowerManagerService(  752): setBrightness mButtonLight, screenBrightness=10
D/PowerManagerService(  752): updateDisplayPowerStateLocked: mDisplayReady=true, policy=3, mWakefulness=1, mWakeLockSummary=0x0, mUserActivitySummary=0x9, mBootCompleted=true, mScreenBrightnessBoostInProgress=false
D/PowerManagerService(  752): Releasing suspend blocker "PowerManagerService.WakeLocks".
E/SensorService(  752): activeConnections...
D/SensorService(  752): SensorService hasOneShotSensors handle:1 mode:0
E/SensorService(  752): activeConnections...
D/SensorService(  752): SensorService hasOneShotSensors handle:1 mode:0
V/SettingsInterface( 1417):  from settings cache , name = pdp_watchdog_poll_interval_ms , value = null
E/SensorService(  752): activeConnections...
D/SensorService(  752): SensorService hasOneShotSensors handle:1 mode:0
E/SensorService(  752): activeConnections...
D/SensorService(  752): SensorService hasOneShotSensors handle:1 mode:0
D/RecentsTaskLoadPlan(  875): preloadPlan
I/PackageManager(  752): Result set not change, not drop preferred activity for special intent: Intent { act=android.intent.action.MAIN cat=[android.intent.category.HOME] }
D/RecentsTaskLoadPlan(  875): preloadRawTasks, tasks: 0
D/RecentsTaskLoadPlan(  875): executePlan, # tasks: 2, # thumbnails: 2, running task id: 11218
E/SensorService(  752): activeConnections...
D/SensorService(  752): SensorService hasOneShotSensors handle:1 mode:0
E/SensorService(  752): activeConnections...
D/SensorService(  752): SensorService hasOneShotSensors handle:1 mode:0
E/SensorService(  752): activeConnections...
D/SensorService(  752): SensorService hasOneShotSensors handle:1 mode:0
E/SensorService(  752): activeConnections...
D/SensorService(  752): SensorService hasOneShotSensors handle:1 mode:0
E/SensorService(  752): activeConnections...
D/SensorService(  752): SensorService hasOneShotSensors handle:1 mode:0
E/SensorService(  752): activeConnections...
D/SensorService(  752): SensorService hasOneShotSensors handle:1 mode:0
E/SensorService(  752): activeConnections...
D/SensorService(  752): SensorService hasOneShotSensors handle:1 mode:0
E/SensorService(  752): activeConnections...
D/SensorService(  752): SensorService hasOneShotSensors handle:1 mode:0
E/SensorService(  752): activeConnections...
D/SensorService(  752): SensorService hasOneShotSensors handle:1 mode:0
E/SensorService(  752): activeConnections...
D/SensorService(  752): SensorService hasOneShotSensors handle:1 mode:0
E/SensorService(  752): activeConnections...
D/SensorService(  752): SensorService hasOneShotSensors handle:1 mode:0
E/SensorService(  752): activeConnections...
D/SensorService(  752): SensorService hasOneShotSensors handle:1 mode:0
W/ActivityManager(  752): getRunningAppProcesses: caller 10111 does not hold REAL_GET_TASKS; limiting output
E/SensorService(  752): activeConnections...
D/SensorService(  752): SensorService hasOneShotSensors handle:1 mode:0
E/SensorService(  752): activeConnections...
D/SensorService(  752): SensorService hasOneShotSensors handle:1 mode:0
E/SensorService(  752): activeConnections...
D/SensorService(  752): SensorService hasOneShotSensors handle:1 mode:0
D/mnl_linux(  263): mtk_gps_sys_nmea_output_to_app: $GPGGA,005901.002,2843.1521,N,07701.9337,E,0,0,,185.9,M,-35.9,M,,*6E
D/mnl_linux(  263): $GPGSA,A,1,,,,,,,,,,,,,99.99,99.99,99.99*30
D/mnl_linux(  263): $GPGSV,1,1,1,18,,,21.9*55
D/mnl_linux(  263): $GPRMC,005901.002,V,2843.1521,N,07701.9337,E,0.000,81.66,280417,,,N*7D
D/mnl_linux(  263): $GPVTG,81.66,T,,M,0.000,N,0.000,K,N*0B
D/mnl_linux(  263): $PMTKTSX1,3815756,-17393.594,0.329,40.812,541b0000,-1.738657,0.000099,-0.000850,-0.197824,1.654119*0F
D/mnl_linux(  263): $GPACCURACY,3162.1*3F
D/MNLD    (  263): send_cmd_ex: slf_send_cmd (13, 0x30)
D/MNLD    (  263): mtk_gps_sys_gps_mnl_callback: MTK_GPS_MSG_FIX_READY, GET_RTC_OK, 0.066, 2475.011
D/gps_mtk (  752): gps_state_thread: line = 3823[trace]count is 5.000000
D/MNLD    (  263): process: epoll_wait() received 1 events
D/MNLD    (  263): mtk_gps_sys_gps_mnl_callback: Age = 2, RTCDiff = 30, Time_interval = 10
D/MNLD    (  263): sigrcv_handler: args from mnld: 48
D/MNLD    (  263): mnl_set_alarm: (0, 0xB6437070, 5)
D/MNLD    (  263): process: sigrc_handler: ret = 0
D/MNLD    (  263): mtk_gps_sys_gps_mnl_callback: gps_measurement_state = 255 ,state = 2
E/SensorService(  752): activeConnections...
D/SensorService(  752): SensorService hasOneShotSensors handle:1 mode:0
E/SensorService(  752): activeConnections...
D/SensorService(  752): SensorService hasOneShotSensors handle:1 mode:0
E/SensorService(  752): activeConnections...
D/SensorService(  752): SensorService hasOneShotSensors handle:1 mode:0
E/SensorService(  752): activeConnections...
D/SensorService(  752): SensorService hasOneShotSensors handle:1 mode:0
E/SensorService(  752): activeConnections...
D/SensorService(  752): SensorService hasOneShotSensors handle:1 mode:0
E/SensorService(  752): activeConnections...
D/SensorService(  752): SensorService hasOneShotSensors handle:1 mode:0
E/SensorService(  752): activeConnections...
D/SensorService(  752): SensorService hasOneShotSensors handle:1 mode:0
E/SensorService(  752): activeConnections...
D/SensorService(  752): SensorService hasOneShotSensors handle:1 mode:0
E/SensorService(  752): activeConnections...
D/SensorService(  752): SensorService hasOneShotSensors handle:1 mode:0
E/SensorService(  752): activeConnections...
D/SensorService(  752): SensorService hasOneShotSensors handle:1 mode:0
E/SensorService(  752): activeConnections...
D/SensorService(  752): SensorService hasOneShotSensors handle:1 mode:0
E/SensorService(  752): activeConnections...
D/SensorService(  752): SensorService hasOneShotSensors handle:1 mode:0
E/SensorService(  752): activeConnections...
D/SensorService(  752): SensorService hasOneShotSensors handle:1 mode:0
E/SensorService(  752): activeConnections...
D/SensorService(  752): SensorService hasOneShotSensors handle:1 mode:0
E/SensorService(  752): activeConnections...
D/SensorService(  752): SensorService hasOneShotSensors handle:1 mode:0
E/SensorService(  752): activeConnections...
D/SensorService(  752): SensorService hasOneShotSensors handle:1 mode:0
E/SensorService(  752): activeConnections...
D/SensorService(  752): SensorService hasOneShotSensors handle:1 mode:0
E/SensorService(  752): activeConnections...
D/SensorService(  752): SensorService hasOneShotSensors handle:1 mode:0
E/SensorService(  752): activeConnections...
D/SensorService(  752): SensorService hasOneShotSensors handle:1 mode:0
E/SensorService(  752): activeConnections...
D/SensorService(  752): SensorService hasOneShotSensors handle:1 mode:0
E/SensorService(  752): activeConnections...
D/SensorService(  752): SensorService hasOneShotSensors handle:1 mode:0
E/SensorService(  752): activeConnections...
D/SensorService(  752): SensorService hasOneShotSensors handle:1 mode:0
W/ActivityManager(  752): getRunningAppProcesses: caller 10111 does not hold REAL_GET_TASKS; limiting output
E/SensorService(  752): activeConnections...
D/SensorService(  752): SensorService hasOneShotSensors handle:1 mode:0
E/SensorService(  752): activeConnections...
D/SensorService(  752): SensorService hasOneShotSensors handle:1 mode:0
E/SensorService(  752): activeConnections...
D/SensorService(  752): SensorService hasOneShotSensors handle:1 mode:0
E/SensorService(  752): activeConnections...
D/SensorService(  752): SensorService hasOneShotSensors handle:1 mode:0
E/SensorService(  752): activeConnections...
D/SensorService(  752): SensorService hasOneShotSensors handle:1 mode:0
E/SensorService(  752): activeConnections...
D/SensorService(  752): SensorService hasOneShotSensors handle:1 mode:0
W/ADB_SERVICES(  285): create_local_service_socket() name=shell:export ANDROID_LOG_TAGS="" ; exec logcat
W/ADB_SERVICES(  285): service_to_fd() name=shell:export ANDROID_LOG_TAGS="" ; exec logcat
W/ADB_SERVICES(  285): read_meminfo() mem_free=57268
W/ADB_SERVICES(  285): create_subproc ret_fd=17 pid=32419
W/ADB_SERVICES(  285): LS(21): bound to 'shell:export ANDROID_LOG_TAGS="" ; exec logcat' via 17
W/ADB_SERVICES(32419): adb: unable to update oom_score_adj
E/SensorService(  752): activeConnections...
D/SensorService(  752): SensorService hasOneShotSensors handle:1 mode:0
E/SensorService(  752): activeConnections...
D/SensorService(  752): SensorService hasOneShotSensors handle:1 mode:0
E/SensorService(  752): activeConnections...
D/SensorService(  752): SensorService hasOneShotSensors handle:1 mode:0
E/WifiTrafficPoller(  752): TRAFFIC_STATS_POLL true Token 119 num clients 13
E/WifiTrafficPoller(  752):  packet count Tx=20468 Rx=37512
E/WifiTrafficPoller(  752): notifying of data activity 0
D/NetworkController(  875): isDirty : false
D/NetworkController.WifiSignalController(  875): Change in state from: connected=true,enabled=true,level=4,inetCondition=1,iconGroup=IconGroup(Wi-Fi Icons),activityIn=false,activityOut=true,rssi=-22,lastModified=04-28 06:28:59,ssid="delhisoft1"
D/NetworkController.WifiSignalController(  875): 	to: connected=true,enabled=true,level=4,inetCondition=1,iconGroup=IconGroup(Wi-Fi Icons),activityIn=false,activityOut=false,rssi=-22,lastModified=04-28 06:28:59,ssid="delhisoft1"
D/SignalClusterView(  875): vpn: GONE
D/SignalClusterView(  875): wifi: VISIBLE sig=2130837791
D/SignalClusterView(  875): mobile: VISIBLE sig=2130837770 mIsAirPlaneMode=false netType=0 mobileType=2130837751 inout=0 mSubId=0
D/SignalClusterView(  875): DoubleCardTemp=false tm.getSimState(0)=5 tm.getSimState(1)=5
D/SignalClusterView(  875): mobile: VISIBLE sig=2130837769 mIsAirPlaneMode=false netType=0 mobileType=2130837752 inout=0 mSubId=1
E/SensorService(  752): activeConnections...
D/SensorService(  752): SensorService hasOneShotSensors handle:1 mode:0
D/SignalClusterView(  875): DoubleCardTemp=false tm.getSimState(0)=5 tm.getSimState(1)=5
D/SignalClusterView(  875): set VoLTE Icon off
V/SettingsInterface( 1417):  from settings cache , name = multi_sim_data_call , value = 1
D/Surface (  875): Surface::setBuffersDimensions(this=0xb45d1f00,w=480,h=38)
D/PerfServiceManager(  752): [PerfService] notifyFrameUpdate - bDuringTouchBoost:false 
E/SensorService(  752): activeConnections...
D/SensorService(  752): SensorService hasOneShotSensors handle:1 mode:0
I/BufferQueueProducer(  225): [StatusBar](this:0xb5c54400,id:8,api:1,p:875,c:225) queueBuffer: fps=0.99 dur=2014.25 max=1044.55 min=969.71
V/SettingsInterface( 1417):  from settings cache , name = pdp_watchdog_poll_interval_ms , value = null
D/Surface (  225): Surface::setBuffersDimensions(this=0xb5d25600,w=480,h=854)
E/SensorService(  752): activeConnections...
D/SensorService(  752): SensorService hasOneShotSensors handle:1 mode:0
I/BufferQueueProducer(  225): [FrameBufferSurface_0](this:0xb5c4e400,id:0,api:1,p:225,c:225) queueBuffer: fps=7.86 dur=1907.57 max=1053.77 min=16.85
I/SurfaceFlinger(  225): [Built-in Screen (type:0)] fps:7.863483,dur:1907.55,max:1053.86,min:16.82
E/SensorService(  752): activeConnections...
D/SensorService(  752): SensorService hasOneShotSensors handle:1 mode:0
D/Surface (  875): Surface::setBuffersDimensions(this=0xb45d1f00,w=480,h=38)
E/SensorService(  752): activeConnections...
D/SensorService(  752): SensorService hasOneShotSensors handle:1 mode:0
D/Surface (  225): Surface::setBuffersDimensions(this=0xb5d25600,w=480,h=854)
E/SensorService(  752): activeConnections...
D/SensorService(  752): SensorService hasOneShotSensors handle:1 mode:0
E/SensorService(  752): activeConnections...
D/SensorService(  752): SensorService hasOneShotSensors handle:1 mode:0
E/SensorService(  752): activeConnections...
D/SensorService(  752): SensorService hasOneShotSensors handle:1 mode:0
E/SensorService(  752): activeConnections...
D/SensorService(  752): SensorService hasOneShotSensors handle:1 mode:0
E/SensorService(  752): activeConnections...
D/SensorService(  752): SensorService hasOneShotSensors handle:1 mode:0
E/SensorService(  752): activeConnections...
D/SensorService(  752): SensorService hasOneShotSensors handle:1 mode:0
E/SensorService(  752): activeConnections...
D/SensorService(  752): SensorService hasOneShotSensors handle:1 mode:0
E/SensorService(  752): activeConnections...
D/SensorService(  752): SensorService hasOneShotSensors handle:1 mode:0
E/SensorService(  752): activeConnections...
D/SensorService(  752): SensorService hasOneShotSensors handle:1 mode:0
E/SensorService(  752): activeConnections...
D/SensorService(  752): SensorService hasOneShotSensors handle:1 mode:0
E/SensorService(  752): activeConnections...
D/SensorService(  752): SensorService hasOneShotSensors handle:1 mode:0
E/SensorService(  752): activeConnections...
D/SensorService(  752): SensorService hasOneShotSensors handle:1 mode:0
W/ActivityManager(  752): getRunningAppProcesses: caller 10111 does not hold REAL_GET_TASKS; limiting output
E/SensorService(  752): activeConnections...
D/SensorService(  752): SensorService hasOneShotSensors handle:1 mode:0
E/SensorService(  752): activeConnections...
D/SensorService(  752): SensorService hasOneShotSensors handle:1 mode:0
D/mnl_linux(  263): mtk_gps_sys_nmea_output_to_app: $GPGGA,005902.002,2843.1521,N,07701.9337,E,0,0,,185.9,M,-35.9,M,,*6D
D/mnl_linux(  263): $GPGSA,A,1,,,,,,,,,,,,,99.99,99.99,99.99*30
D/mnl_linux(  263): $GPGSV,1,1,2,18,,,20.4,10,,,21.4*42
D/mnl_linux(  263): $GPRMC,005902.002,V,2843.1521,N,07701.9337,E,0.000,81.66,280417,,,N*7E
D/mnl_linux(  263): $GPVTG,81.66,T,,M,0.000,N,0.000,K,N*0B
D/mnl_linux(  263): $PMTKTSX1,3816756,-17635.428,0.327,40.933,53cf0000,-1.762840,0.000099,-0.000850,-0.197824,1.654119*59
D/mnl_linux(  263): $GPACCURACY,3162.1*3F
D/MNLD    (  263): send_cmd_ex: slf_send_cmd (13, 0x30)
D/MNLD    (  263): mtk_gps_sys_gps_mnl_callback: MTK_GPS_MSG_FIX_READY, GET_RTC_OK, 0.066, 2476.011
D/gps_mtk (  752): gps_state_thread: line = 3823[trace]count is 6.000000
D/MNLD    (  263): mtk_gps_sys_gps_mnl_callback: Age = 2, RTCDiff = 30, Time_interval = 10
D/MNLD    (  263): process: epoll_wait() received 1 events
D/MNLD    (  263): sigrcv_handler: args from mnld: 48
D/MNLD    (  263): mnl_set_alarm: (0, 0xB6437070, 5)
D/MNLD    (  263): process: sigrc_handler: ret = 0
D/MNLD    (  263): mtk_gps_sys_gps_mnl_callback: gps_measurement_state = 255 ,state = 2
E/SensorService(  752): activeConnections...
D/SensorService(  752): SensorService hasOneShotSensors handle:1 mode:0
E/SensorService(  752): activeConnections...
D/SensorService(  752): SensorService hasOneShotSensors handle:1 mode:0
E/SensorService(  752): activeConnections...
D/SensorService(  752): SensorService hasOneShotSensors handle:1 mode:0
E/SensorService(  752): activeConnections...
D/SensorService(  752): SensorService hasOneShotSensors handle:1 mode:0
E/SensorService(  752): activeConnections...
D/SensorService(  752): SensorService hasOneShotSensors handle:1 mode:0
E/SensorService(  752): activeConnections...
D/SensorService(  752): SensorService hasOneShotSensors handle:1 mode:0
E/SensorService(  752): activeConnections...
D/SensorService(  752): SensorService hasOneShotSensors handle:1 mode:0
E/SensorService(  752): activeConnections...
D/SensorService(  752): SensorService hasOneShotSensors handle:1 mode:0
E/SensorService(  752): activeConnections...
D/SensorService(  752): SensorService hasOneShotSensors handle:1 mode:0
E/SensorService(  752): activeConnections...
D/SensorService(  752): SensorService hasOneShotSensors handle:1 mode:0
E/SensorService(  752): activeConnections...
D/SensorService(  752): SensorService hasOneShotSensors handle:1 mode:0
E/SensorService(  752): activeConnections...
D/SensorService(  752): SensorService hasOneShotSensors handle:1 mode:0
E/SensorService(  752): activeConnections...
D/SensorService(  752): SensorService hasOneShotSensors handle:1 mode:0
I/thermal_repeater(  269): oh, queryMdThermalInfo (0)Bad file number
E/SensorService(  752): activeConnections...
D/SensorService(  752): SensorService hasOneShotSensors handle:1 mode:0
I/thermal_repeater(  269): [recvMdThermalInfo] ret=15, strLen=127,  2, 32767, -127
E/SensorService(  752): activeConnections...
D/SensorService(  752): SensorService hasOneShotSensors handle:1 mode:0
E/SensorService(  752): activeConnections...
D/SensorService(  752): SensorService hasOneShotSensors handle:1 mode:0
E/SensorService(  752): activeConnections...
D/SensorService(  752): SensorService hasOneShotSensors handle:1 mode:0
E/SensorService(  752): activeConnections...
D/SensorService(  752): SensorService hasOneShotSensors handle:1 mode:0
E/SensorService(  752): activeConnections...
D/SensorService(  752): SensorService hasOneShotSensors handle:1 mode:0
E/SensorService(  752): activeConnections...
D/SensorService(  752): SensorService hasOneShotSensors handle:1 mode:0
E/SensorService(  752): activeConnections...
D/SensorService(  752): SensorService hasOneShotSensors handle:1 mode:0
E/SensorService(  752): activeConnections...
D/SensorService(  752): SensorService hasOneShotSensors handle:1 mode:0
E/SensorService(  752): activeConnections...
D/SensorService(  752): SensorService hasOneShotSensors handle:1 mode:0
W/ActivityManager(  752): getRunningAppProcesses: caller 10111 does not hold REAL_GET_TASKS; limiting output
E/SensorService(  752): activeConnections...
D/SensorService(  752): SensorService hasOneShotSensors handle:1 mode:0
E/SensorService(  752): activeConnections...
D/SensorService(  752): SensorService hasOneShotSensors handle:1 mode:0
E/SensorService(  752): activeConnections...
D/SensorService(  752): SensorService hasOneShotSensors handle:1 mode:0
E/SensorService(  752): activeConnections...
D/SensorService(  752): SensorService hasOneShotSensors handle:1 mode:0
E/SensorService(  752): activeConnections...
D/SensorService(  752): SensorService hasOneShotSensors handle:1 mode:0
E/SensorService(  752): activeConnections...
D/SensorService(  752): SensorService hasOneShotSensors handle:1 mode:0
E/SensorService(  752): activeConnections...
D/SensorService(  752): SensorService hasOneShotSensors handle:1 mode:0
E/SensorService(  752): activeConnections...
D/SensorService(  752): SensorService hasOneShotSensors handle:1 mode:0
E/WifiTrafficPoller(  752): TRAFFIC_STATS_POLL true Token 119 num clients 13
E/WifiTrafficPoller(  752):  packet count Tx=20469 Rx=37512
E/WifiTrafficPoller(  752): notifying of data activity 2
D/NetworkController(  875): isDirty : false
D/NetworkController.WifiSignalController(  875): Change in state from: connected=true,enabled=true,level=4,inetCondition=1,iconGroup=IconGroup(Wi-Fi Icons),activityIn=false,activityOut=false,rssi=-22,lastModified=04-28 06:29:01,ssid="delhisoft1"
D/NetworkController.WifiSignalController(  875): 	to: connected=true,enabled=true,level=4,inetCondition=1,iconGroup=IconGroup(Wi-Fi Icons),activityIn=false,activityOut=true,rssi=-22,lastModified=04-28 06:29:01,ssid="delhisoft1"
D/SignalClusterView(  875): vpn: GONE
D/SignalClusterView(  875): wifi: VISIBLE sig=2130837794
D/SignalClusterView(  875): mobile: VISIBLE sig=2130837770 mIsAirPlaneMode=false netType=0 mobileType=2130837751 inout=0 mSubId=0
D/SignalClusterView(  875): DoubleCardTemp=false tm.getSimState(0)=5 tm.getSimState(1)=5
E/SensorService(  752): activeConnections...
D/SensorService(  752): SensorService hasOneShotSensors handle:1 mode:0
D/SignalClusterView(  875): mobile: VISIBLE sig=2130837769 mIsAirPlaneMode=false netType=0 mobileType=2130837752 inout=0 mSubId=1
D/SignalClusterView(  875): DoubleCardTemp=false tm.getSimState(0)=5 tm.getSimState(1)=5
D/SignalClusterView(  875): set VoLTE Icon off
